Archive member included because of file (symbol)

/usr/bin/../lib/gcc/arm-none-eabi/4.7.4/../../../../arm-none-eabi/lib/armv7e-m/libc.a(lib_a-memcmp.o)
                              build/obj/etharp.o (memcmp)
/usr/bin/../lib/gcc/arm-none-eabi/4.7.4/../../../../arm-none-eabi/lib/armv7e-m/libc.a(lib_a-memcpy.o)
                              build/obj/mac_lld.o (memcpy)
/usr/bin/../lib/gcc/arm-none-eabi/4.7.4/../../../../arm-none-eabi/lib/armv7e-m/libc.a(lib_a-memset.o)
                              build/obj/mem.o (memset)
/usr/bin/../lib/gcc/arm-none-eabi/4.7.4/../../../../arm-none-eabi/lib/armv7e-m/libc.a(lib_a-strlen.o)
                              build/obj/pbuf.o (strlen)

Discarded input sections

 .text          0x00000000        0x0 build/obj/crt0.o
 .data          0x00000000        0x0 build/obj/crt0.o
 .bss           0x00000000        0x0 build/obj/crt0.o
 .text.__early_init
                0x00000000       0x10 build/obj/crt0.o
 .text          0x00000000        0x0 build/obj/vectors.o
 .data          0x00000000        0x0 build/obj/vectors.o
 .bss           0x00000000        0x0 build/obj/vectors.o
 .text          0x00000000        0x0 build/obj/chcore.o
 .data          0x00000000        0x0 build/obj/chcore.o
 .bss           0x00000000        0x0 build/obj/chcore.o
 .text          0x00000000        0x0 build/obj/chcore_v7m.o
 .data          0x00000000        0x0 build/obj/chcore_v7m.o
 .bss           0x00000000        0x0 build/obj/chcore_v7m.o
 .text          0x00000000        0x0 build/obj/nvic.o
 .data          0x00000000        0x0 build/obj/nvic.o
 .bss           0x00000000        0x0 build/obj/nvic.o
 .text.nvicDisableVector
                0x00000000       0x40 build/obj/nvic.o
 .text          0x00000000        0x0 build/obj/chsys.o
 .data          0x00000000        0x0 build/obj/chsys.o
 .bss           0x00000000        0x0 build/obj/chsys.o
 .text          0x00000000        0x0 build/obj/chdebug.o
 .data          0x00000000        0x0 build/obj/chdebug.o
 .bss           0x00000000        0x0 build/obj/chdebug.o
 .debug_info    0x00000000       0x79 build/obj/chdebug.o
 .debug_abbrev  0x00000000       0x26 build/obj/chdebug.o
 .debug_aranges
                0x00000000       0x18 build/obj/chdebug.o
 .debug_line    0x00000000       0x1d build/obj/chdebug.o
 .debug_str     0x00000000      0x145 build/obj/chdebug.o
 .comment       0x00000000       0x71 build/obj/chdebug.o
 .ARM.attributes
                0x00000000       0x33 build/obj/chdebug.o
 .text          0x00000000        0x0 build/obj/chlists.o
 .data          0x00000000        0x0 build/obj/chlists.o
 .bss           0x00000000        0x0 build/obj/chlists.o
 .debug_info    0x00000000       0x79 build/obj/chlists.o
 .debug_abbrev  0x00000000       0x26 build/obj/chlists.o
 .debug_aranges
                0x00000000       0x18 build/obj/chlists.o
 .debug_line    0x00000000       0x1d build/obj/chlists.o
 .debug_str     0x00000000      0x145 build/obj/chlists.o
 .comment       0x00000000       0x71 build/obj/chlists.o
 .ARM.attributes
                0x00000000       0x33 build/obj/chlists.o
 .text          0x00000000        0x0 build/obj/chvt.o
 .data          0x00000000        0x0 build/obj/chvt.o
 .bss           0x00000000        0x0 build/obj/chvt.o
 .text          0x00000000        0x0 build/obj/chschd.o
 .data          0x00000000        0x0 build/obj/chschd.o
 .bss           0x00000000        0x0 build/obj/chschd.o
 .text          0x00000000        0x0 build/obj/chthreads.o
 .data          0x00000000        0x0 build/obj/chthreads.o
 .bss           0x00000000        0x0 build/obj/chthreads.o
 .text          0x00000000        0x0 build/obj/chdynamic.o
 .data          0x00000000        0x0 build/obj/chdynamic.o
 .bss           0x00000000        0x0 build/obj/chdynamic.o
 .text          0x00000000        0x0 build/obj/chregistry.o
 .data          0x00000000        0x0 build/obj/chregistry.o
 .bss           0x00000000        0x0 build/obj/chregistry.o
 .text          0x00000000        0x0 build/obj/chsem.o
 .data          0x00000000        0x0 build/obj/chsem.o
 .bss           0x00000000        0x0 build/obj/chsem.o
 .text          0x00000000        0x0 build/obj/chmtx.o
 .data          0x00000000        0x0 build/obj/chmtx.o
 .bss           0x00000000        0x0 build/obj/chmtx.o
 .text.chMtxTryLockS
                0x00000000       0x20 build/obj/chmtx.o
 .text          0x00000000        0x0 build/obj/chcond.o
 .data          0x00000000        0x0 build/obj/chcond.o
 .bss           0x00000000        0x0 build/obj/chcond.o
 .text          0x00000000        0x0 build/obj/chevents.o
 .data          0x00000000        0x0 build/obj/chevents.o
 .bss           0x00000000        0x0 build/obj/chevents.o
 .text.chEvtGetAndClearFlags
                0x00000000       0x20 build/obj/chevents.o
 .text.chEvtGetAndClearFlagsI
                0x00000000       0x10 build/obj/chevents.o
 .text          0x00000000        0x0 build/obj/chmsg.o
[...]
Memory Configuration

Name             Origin             Length             Attributes
flash            0x08000000         0x00100000
ram              0x20000000         0x0001c000
ethram           0x2001c000         0x00004000
ccmram           0x10000000         0x00010000
*default*        0x00000000         0xffffffff

Linker script and memory map

LOAD build/obj/crt0.o
LOAD build/obj/vectors.o
LOAD build/obj/chcore.o
LOAD build/obj/chcore_v7m.o
LOAD build/obj/nvic.o
LOAD build/obj/chsys.o
LOAD build/obj/chdebug.o
LOAD build/obj/chlists.o
LOAD build/obj/chvt.o
LOAD build/obj/chschd.o
LOAD build/obj/chthreads.o
LOAD build/obj/chdynamic.o
LOAD build/obj/chregistry.o
LOAD build/obj/chsem.o
LOAD build/obj/chmtx.o
LOAD build/obj/chcond.o
LOAD build/obj/chevents.o
LOAD build/obj/chmsg.o
LOAD build/obj/chmboxes.o
LOAD build/obj/chqueues.o
LOAD build/obj/chmemcore.o
LOAD build/obj/chheap.o
LOAD build/obj/chmempools.o
LOAD build/obj/test.o
LOAD build/obj/testthd.o
LOAD build/obj/testsem.o
LOAD build/obj/testmtx.o
LOAD build/obj/testmsg.o
LOAD build/obj/testmbox.o
LOAD build/obj/testevt.o
LOAD build/obj/testheap.o
LOAD build/obj/testpools.o
LOAD build/obj/testdyn.o
LOAD build/obj/testqueues.o
LOAD build/obj/testbmk.o
LOAD build/obj/hal.o
LOAD build/obj/adc.o
LOAD build/obj/can.o
LOAD build/obj/dac.o
LOAD build/obj/ext.o
LOAD build/obj/gpt.o
LOAD build/obj/i2c.o
LOAD build/obj/icu.o
LOAD build/obj/mac.o
LOAD build/obj/mmc_spi.o
LOAD build/obj/mmcsd.o
LOAD build/obj/pal.o
LOAD build/obj/pwm.o
LOAD build/obj/rtc.o
LOAD build/obj/sdc.o
LOAD build/obj/serial.o
LOAD build/obj/serial_usb.o
LOAD build/obj/spi.o
LOAD build/obj/tm.o
LOAD build/obj/uart.o
LOAD build/obj/usb.o
LOAD build/obj/stm32_dma.o
LOAD build/obj/hal_lld.o
LOAD build/obj/adc_lld.o
LOAD build/obj/ext_lld_isr.o
LOAD build/obj/can_lld.o
LOAD build/obj/ext_lld.o
LOAD build/obj/gpt_lld.o
LOAD build/obj/icu_lld.o
LOAD build/obj/mac_lld.o
LOAD build/obj/pwm_lld.o
LOAD build/obj/sdc_lld.o
LOAD build/obj/pal_lld.o
LOAD build/obj/i2c_lld.o
LOAD build/obj/usb_lld.o
LOAD build/obj/rtc_lld.o
LOAD build/obj/spi_lld.o
LOAD build/obj/serial_lld.o
LOAD build/obj/uart_lld.o
LOAD build/obj/board.o
LOAD build/obj/lwipthread.o
LOAD build/obj/sys_arch.o
LOAD build/obj/etharp.o
LOAD build/obj/dhcp.o
LOAD build/obj/dns.o
LOAD build/obj/init.o
LOAD build/obj/mem.o
LOAD build/obj/memp.o
LOAD build/obj/netif.o
LOAD build/obj/pbuf.o
LOAD build/obj/raw.o
LOAD build/obj/stats.o
LOAD build/obj/sys.o
LOAD build/obj/tcp.o
LOAD build/obj/tcp_in.o
LOAD build/obj/tcp_out.o
LOAD build/obj/udp.o
LOAD build/obj/autoip.o
LOAD build/obj/icmp.o
LOAD build/obj/igmp.o
LOAD build/obj/inet.o
LOAD build/obj/inet_chksum.o
LOAD build/obj/ip.o
LOAD build/obj/ip_addr.o
LOAD build/obj/ip_frag.o
LOAD build/obj/def.o
LOAD build/obj/timers.o
LOAD build/obj/api_lib.o
LOAD build/obj/api_msg.o
LOAD build/obj/err.o
LOAD build/obj/netbuf.o
LOAD build/obj/netdb.o
LOAD build/obj/netifapi.o
LOAD build/obj/sockets.o
LOAD build/obj/tcpip.o
LOAD build/obj/evtimer.o
LOAD build/obj/web.o
LOAD build/obj/main.o
START GROUP
LOAD /usr/bin/../lib/gcc/arm-none-eabi/4.7.4/armv7e-m/libgcc.a
LOAD /usr/bin/../lib/gcc/arm-none-eabi/4.7.4/../../../../arm-none-eabi/lib/armv7e-m/libc.a
END GROUP
                0x00000400                __main_stack_size__ = 0x400
                0x00000400                __process_stack_size__ = 0x400
                0x20000000                __ram_start__ = ORIGIN (ram)
                0x0001c000                __ram_size__ = 0x1c000
                0x2001c000                __ram_end__ = (__ram_start__ + __ram_size__)
                0x00000000                . = 0x0
                0x00000000                _text = .

startup         0x08000000      0x188
 *(vectors)
 vectors        0x08000000      0x188 build/obj/vectors.o
                0x08000000                _vectors

constructors    0x08000188        0x0
                0x08000188                PROVIDE (__init_array_start, .)
 *(SORT(.init_array.*))
 *(.init_array)
                0x08000188                PROVIDE (__init_array_end, .)

destructors     0x08000188        0x0
                0x08000188                PROVIDE (__fini_array_start, .)
 *(.fini_array)
 *(SORT(.fini_array.*))
                0x08000188                PROVIDE (__fini_array_end, .)

.text           0x08000190    0x10058
 *(.text.startup.*)
 .text.startup.main
                0x08000190       0x90 build/obj/main.o
                0x08000190                main
 *(.text)
 *(.text.*)
 .text.__late_init
                0x08000220       0x10 build/obj/crt0.o
                0x08000220                __late_init
 .text._default_exit
                0x08000230       0x10 build/obj/crt0.o
                0x08000230                _default_exit
 .text.ResetHandler
                0x08000240      0x1d0 build/obj/crt0.o
                0x08000240                ResetHandler
 .text._unhandled_exception
                0x08000410       0x10 build/obj/vectors.o
                0x08000410                Vector58
                0x08000410                VectorE8
                0x08000410                Vector9C
                0x08000410                VectorAC
                0x08000410                Vector5C
                0x08000410                NMIVector
                0x08000410                Vector11C
                0x08000410                Vector8C
                0x08000410                VectorDC
                0x08000410                Vector168
                0x08000410                Vector110
                0x08000410                Vector120
                0x08000410                VectorC8
                0x08000410                Vector94
                0x08000410                VectorA8
                0x08000410                VectorB4
                0x08000410                Vector74
                0x08000410                Vector160
                0x08000410                VectorEC
                0x08000410                UsageFaultVector
                0x08000410                DebugMonitorVector
                0x08000410                Vector40
                0x08000410                VectorF8
                0x08000410                Vector108
                0x08000410                VectorBC
                0x08000410                Vector150
                0x08000410                Vector124
                0x08000410                Vector148
                0x08000410                PendSVVector
                0x08000410                Vector118
                0x08000410                Vector64
                0x08000410                VectorCC
                0x08000410                Vector54
                0x08000410                Vector98
                0x08000410                VectorD8
                0x08000410                Vector138
                0x08000410                Vector24
                0x08000410                Vector178
                0x08000410                Vector84
                0x08000410                BusFaultVector
                0x08000410                VectorD0
                0x08000410                Vector140
                0x08000410                VectorE4
                0x08000410                VectorC0
                0x08000410                Vector158
                0x08000410                Vector130
                0x08000410                HardFaultVector
                0x08000410                VectorF0
                0x08000410                Vector12C
                0x08000410                Vector13C
                0x08000410                Vector100
                0x08000410                VectorE0
                0x08000410                VectorF4
                0x08000410                MemManageVector
                0x08000410                Vector6C
                0x08000410                VectorA0
                0x08000410                VectorC4
                0x08000410                Vector7C
                0x08000410                Vector180
                0x08000410                VectorB0
                0x08000410                Vector90
                0x08000410                Vector114
                0x08000410                Vector164
                0x08000410                Vector60
                0x08000410                Vector1C
                0x08000410                Vector17C
                0x08000410                Vector48
                0x08000410                Vector16C
                0x08000410                Vector70
                0x08000410                VectorD4
                0x08000410                Vector4C
                0x08000410                Vector144
                0x08000410                Vector80
                0x08000410                Vector68
                0x08000410                Vector78
                0x08000410                _unhandled_exception
                0x08000410                Vector170
                0x08000410                Vector88
                0x08000410                Vector104
                0x08000410                Vector184
                0x08000410                Vector10C
                0x08000410                Vector14C
                0x08000410                Vector50
                0x08000410                Vector154
                0x08000410                Vector44
                0x08000410                Vector28
                0x08000410                VectorB8
                0x08000410                VectorFC
                0x08000410                Vector34
                0x08000410                Vector128
                0x08000410                VectorA4
                0x08000410                Vector20
                0x08000410                Vector174
 .text.port_halt
                0x08000420       0x10 build/obj/chcore.o
                0x08000420                port_halt
 .text._port_switch_from_isr
                0x08000430       0x10 build/obj/chcore_v7m.o
                0x08000430                _port_switch_from_isr
 .text.SVCallVector
                0x08000440       0x20 build/obj/chcore_v7m.o
                0x08000440                SVCallVector
 .text._port_init
                0x08000460       0x40 build/obj/chcore_v7m.o
                0x08000460                _port_init
 .text._port_irq_epilogue
                0x080004a0       0x70 build/obj/chcore_v7m.o
                0x080004a0                _port_irq_epilogue
 .text.SysTickVector
                0x08000510       0x20 build/obj/chcore_v7m.o
                0x08000510                SysTickVector
 .text._port_switch
                0x08000530       0x10 build/obj/chcore_v7m.o
                0x08000530                _port_switch
 .text._port_thread_start
                0x08000540       0x10 build/obj/chcore_v7m.o
                0x08000540                _port_thread_start
 .text.nvicEnableVector
                0x08000550       0x50 build/obj/nvic.o
                0x08000550                nvicEnableVector
 .text.nvicSetSystemHandlerPriority
                0x080005a0       0x30 build/obj/nvic.o
                0x080005a0                nvicSetSystemHandlerPriority
 .text._idle_thread
                0x080005d0       0x20 build/obj/chsys.o
                0x080005d0                _idle_thread
 .text.chSysInit
                0x080005f0       0x70 build/obj/chsys.o
                0x080005f0                chSysInit
 .text.chSysTimerHandlerI
                0x08000660       0x60 build/obj/chsys.o
                0x08000660                chSysTimerHandlerI
 .text._vt_init
                0x080006c0       0x20 build/obj/chvt.o
                0x080006c0                _vt_init
 .text.chVTSetI
                0x080006e0       0x40 build/obj/chvt.o
                0x080006e0                chVTSetI
 .text.chVTResetI
                0x08000720       0x30 build/obj/chvt.o
                0x08000720                chVTResetI
 .text.chTimeIsWithin
                0x08000750       0x30 build/obj/chvt.o
                0x08000750                chTimeIsWithin
 .text.wakeup   0x08000780       0x60 build/obj/chschd.o
 .text._scheduler_init
                0x080007e0       0x20 build/obj/chschd.o
                0x080007e0                _scheduler_init
 .text.chSchReadyI
                0x08000800       0x20 build/obj/chschd.o
                0x08000800                chSchReadyI
 .text.chSchGoSleepS
                0x08000820       0x30 build/obj/chschd.o
                0x08000820                chSchGoSleepS
 .text.chSchGoSleepTimeoutS
                0x08000850       0x40 build/obj/chschd.o
                0x08000850                chSchGoSleepTimeoutS
 .text.chSchWakeupS
                0x08000890       0x60 build/obj/chschd.o
                0x08000890                chSchWakeupS
 .text.chSchDoRescheduleBehind
                0x080008f0       0x40 build/obj/chschd.o
                0x080008f0                chSchDoRescheduleBehind
 .text.chSchDoRescheduleAhead
                0x08000930       0x40 build/obj/chschd.o
                0x08000930                chSchDoRescheduleAhead
 .text.chSchRescheduleS
                0x08000970       0x20 build/obj/chschd.o
                0x08000970                chSchRescheduleS
 .text.chSchDoReschedule
                0x08000990       0x20 build/obj/chschd.o
                0x08000990                chSchDoReschedule
 .text._thread_init
                0x080009b0       0x50 build/obj/chthreads.o
                0x080009b0                _thread_init
 .text.chThdCreateI
                0x08000a00       0x70 build/obj/chthreads.o
                0x08000a00                chThdCreateI
 .text.chThdCreateStatic
                0x08000a70       0x30 build/obj/chthreads.o
                0x08000a70                chThdCreateStatic
 .text.chThdSetPriority
                0x08000aa0       0x30 build/obj/chthreads.o
                0x08000aa0                chThdSetPriority
 .text.chThdResume
                0x08000ad0       0x20 build/obj/chthreads.o
                0x08000ad0                chThdResume
 .text.chThdTerminate
                0x08000af0       0x20 build/obj/chthreads.o
                0x08000af0                chThdTerminate
 .text.chThdSleep
                0x08000b10       0x20 build/obj/chthreads.o
                0x08000b10                chThdSleep
 .text.chThdSleepUntil
                0x08000b30       0x30 build/obj/chthreads.o
                0x08000b30                chThdSleepUntil
 .text.chThdYield
                0x08000b60       0x30 build/obj/chthreads.o
                0x08000b60                chThdYield
 .text.chThdExitS
                0x08000b90       0x40 build/obj/chthreads.o
                0x08000b90                chThdExitS
 .text.chThdExit
                0x08000bd0       0x10 build/obj/chthreads.o
                0x08000bd0                chThdExit
 .text.chThdWait
                0x08000be0       0x40 build/obj/chthreads.o
                0x08000be0                chThdWait
 .text.chThdAddRef
                0x08000c20       0x20 build/obj/chdynamic.o
                0x08000c20                chThdAddRef
 .text.chThdRelease
                0x08000c40       0x50 build/obj/chdynamic.o
                0x08000c40                chThdRelease
 .text.chThdCreateFromHeap
                0x08000c90       0x40 build/obj/chdynamic.o
                0x08000c90                chThdCreateFromHeap
 .text.chThdCreateFromMemoryPool
                0x08000cd0       0x50 build/obj/chdynamic.o
                0x08000cd0                chThdCreateFromMemoryPool
 .text.chRegFirstThread
                0x08000d20       0x20 build/obj/chregistry.o
                0x08000d20                chRegFirstThread
 .text.chRegNextThread
                0x08000d40       0x30 build/obj/chregistry.o
                0x08000d40                chRegNextThread
 .text.chSemInit
                0x08000d70       0x10 build/obj/chsem.o
                0x08000d70                chSemInit
 .text.chSemResetI
                0x08000d80       0x70 build/obj/chsem.o
                0x08000d80                chSemResetI
 .text.chSemReset
                0x08000df0       0x20 build/obj/chsem.o
                0x08000df0                chSemReset
 .text.chSemWaitS
                0x08000e10       0x40 build/obj/chsem.o
                0x08000e10                chSemWaitS
 .text.chSemWait
                0x08000e50       0x20 build/obj/chsem.o
                0x08000e50                chSemWait
 .text.chSemWaitTimeoutS
                0x08000e70       0x40 build/obj/chsem.o
                0x08000e70                chSemWaitTimeoutS
 .text.chSemWaitTimeout
                0x08000eb0       0x20 build/obj/chsem.o
                0x08000eb0                chSemWaitTimeout
 .text.chSemSignal
                0x08000ed0       0x30 build/obj/chsem.o
                0x08000ed0                chSemSignal
 .text.chSemSignalI
                0x08000f00       0x20 build/obj/chsem.o
                0x08000f00                chSemSignalI
 .text.chSemAddCounterI
                0x08000f20       0xa0 build/obj/chsem.o
                0x08000f20                chSemAddCounterI
 .text.chSemSignalWait
                0x08000fc0       0x70 build/obj/chsem.o
                0x08000fc0                chSemSignalWait
 .text.chMtxInit
                0x08001030       0x10 build/obj/chmtx.o
                0x08001030                chMtxInit
 .text.chMtxLockS
                0x08001040       0xd0 build/obj/chmtx.o
                0x08001040                chMtxLockS
 .text.chMtxLock
                0x08001110       0x20 build/obj/chmtx.o
                0x08001110                chMtxLock
 .text.chMtxTryLock
                0x08001130       0x30 build/obj/chmtx.o
                0x08001130                chMtxTryLock
 .text.chMtxUnlock
                0x08001160       0x60 build/obj/chmtx.o
                0x08001160                chMtxUnlock
 .text.chMtxUnlockS
                0x080011c0       0x50 build/obj/chmtx.o
                0x080011c0                chMtxUnlockS
 .text.chMtxUnlockAll
                0x08001210       0x60 build/obj/chmtx.o
                0x08001210                chMtxUnlockAll
 .text.chCondInit
                0x08001270       0x10 build/obj/chcond.o
                0x08001270                chCondInit
 .text.chCondSignal
                0x08001280       0x30 build/obj/chcond.o
                0x08001280                chCondSignal
 .text.chCondSignalI
                0x080012b0       0x20 build/obj/chcond.o
                0x080012b0                chCondSignalI
 .text.chCondBroadcastI
                0x080012d0       0x30 build/obj/chcond.o
                0x080012d0                chCondBroadcastI
 .text.chCondBroadcast
                0x08001300       0x20 build/obj/chcond.o
                0x08001300                chCondBroadcast
 .text.chCondWaitS
                0x08001320       0x50 build/obj/chcond.o
                0x08001320                chCondWaitS
 .text.chCondWait
                0x08001370       0x20 build/obj/chcond.o
                0x08001370                chCondWait
 .text.chCondWaitTimeoutS
                0x08001390       0x50 build/obj/chcond.o
                0x08001390                chCondWaitTimeoutS
 .text.chCondWaitTimeout
                0x080013e0       0x20 build/obj/chcond.o
                0x080013e0                chCondWaitTimeout
 .text.chEvtRegisterMask
                0x08001400       0x30 build/obj/chevents.o
                0x08001400                chEvtRegisterMask
 .text.chEvtUnregister
                0x08001430       0x30 build/obj/chevents.o
                0x08001430                chEvtUnregister
 .text.chEvtGetAndClearEvents
                0x08001460       0x30 build/obj/chevents.o
                0x08001460                chEvtGetAndClearEvents
 .text.chEvtAddEvents
                0x08001490       0x20 build/obj/chevents.o
                0x08001490                chEvtAddEvents
 .text.chEvtSignalI
                0x080014b0       0x30 build/obj/chevents.o
                0x080014b0                chEvtSignalI
 .text.chEvtSignal
                0x080014e0       0x20 build/obj/chevents.o
                0x080014e0                chEvtSignal
 .text.chEvtBroadcastFlagsI
                0x08001500       0x20 build/obj/chevents.o
                0x08001500                chEvtBroadcastFlagsI
 .text.chEvtBroadcastFlags
                0x08001520       0x20 build/obj/chevents.o
                0x08001520                chEvtBroadcastFlags
 .text.chEvtDispatch
                0x08001540       0x30 build/obj/chevents.o
                0x08001540                chEvtDispatch
 .text.chEvtWaitOne
                0x08001570       0x40 build/obj/chevents.o
                0x08001570                chEvtWaitOne
 .text.chEvtWaitAny
                0x080015b0       0x40 build/obj/chevents.o
                0x080015b0                chEvtWaitAny
 .text.chEvtWaitAll
                0x080015f0       0x40 build/obj/chevents.o
                0x080015f0                chEvtWaitAll
 .text.chEvtWaitOneTimeout
                0x08001630       0x50 build/obj/chevents.o
                0x08001630                chEvtWaitOneTimeout
 .text.chEvtWaitAnyTimeout
                0x08001680       0x50 build/obj/chevents.o
                0x08001680                chEvtWaitAnyTimeout
 .text.chEvtWaitAllTimeout
                0x080016d0       0x60 build/obj/chevents.o
                0x080016d0                chEvtWaitAllTimeout
 .text.chMsgSend
                0x08001730       0x40 build/obj/chmsg.o
                0x08001730                chMsgSend
 .text.chMsgWait
                0x08001770       0x40 build/obj/chmsg.o
                0x08001770                chMsgWait
 .text.chMsgRelease
                0x080017b0       0x20 build/obj/chmsg.o
                0x080017b0                chMsgRelease
 .text.chMBInit
                0x080017d0       0x30 build/obj/chmboxes.o
                0x080017d0                chMBInit
 .text.chMBReset
                0x08001800       0x40 build/obj/chmboxes.o
                0x08001800                chMBReset
 .text.chMBPostS
                0x08001840       0x40 build/obj/chmboxes.o
                0x08001840                chMBPostS
 .text.chMBPost
                0x08001880       0x20 build/obj/chmboxes.o
                0x08001880                chMBPost
 .text.chMBPostI
                0x080018a0       0x30 build/obj/chmboxes.o
                0x080018a0                chMBPostI
 .text.chMBPostAheadS
                0x080018d0       0x40 build/obj/chmboxes.o
                0x080018d0                chMBPostAheadS
 .text.chMBPostAhead
                0x08001910       0x20 build/obj/chmboxes.o
                0x08001910                chMBPostAhead
 .text.chMBPostAheadI
                0x08001930       0x30 build/obj/chmboxes.o
                0x08001930                chMBPostAheadI
 .text.chMBFetchS
                0x08001960       0x40 build/obj/chmboxes.o
                0x08001960                chMBFetchS
 .text.chMBFetch
                0x080019a0       0x20 build/obj/chmboxes.o
                0x080019a0                chMBFetch
 .text.chMBFetchI
                0x080019c0       0x30 build/obj/chmboxes.o
                0x080019c0                chMBFetchI
 .text.qwait    0x080019f0       0x30 build/obj/chqueues.o
 .text.chIQInit
                0x08001a20       0x20 build/obj/chqueues.o
                0x08001a20                chIQInit
 .text.chIQResetI
                0x08001a40       0x30 build/obj/chqueues.o
                0x08001a40                chIQResetI
 .text.chIQPutI
                0x08001a70       0x50 build/obj/chqueues.o
                0x08001a70                chIQPutI
 .text.chIQGetTimeout
                0x08001ac0       0x50 build/obj/chqueues.o
                0x08001ac0                chIQGetTimeout
 .text.chIQReadTimeout
                0x08001b10       0x80 build/obj/chqueues.o
                0x08001b10                chIQReadTimeout
 .text.chOQInit
                0x08001b90       0x20 build/obj/chqueues.o
                0x08001b90                chOQInit
 .text.chOQResetI
                0x08001bb0       0x30 build/obj/chqueues.o
                0x08001bb0                chOQResetI
 .text.chOQPutTimeout
                0x08001be0       0x50 build/obj/chqueues.o
                0x08001be0                chOQPutTimeout
 .text.chOQGetI
                0x08001c30       0x50 build/obj/chqueues.o
                0x08001c30                chOQGetI
 .text.chOQWriteTimeout
                0x08001c80       0x80 build/obj/chqueues.o
                0x08001c80                chOQWriteTimeout
 .text._core_init
                0x08001d00       0x30 build/obj/chmemcore.o
                0x08001d00                _core_init
 .text.chCoreAlloc
                0x08001d30       0x40 build/obj/chmemcore.o
                0x08001d30                chCoreAlloc
 .text.chCoreStatus
                0x08001d70       0x20 build/obj/chmemcore.o
                0x08001d70                chCoreStatus
 .text._heap_init
                0x08001d90       0x20 build/obj/chheap.o
                0x08001d90                _heap_init
 .text.chHeapInit
                0x08001db0       0x20 build/obj/chheap.o
                0x08001db0                chHeapInit
 .text.chHeapAlloc
                0x08001dd0       0x90 build/obj/chheap.o
                0x08001dd0                chHeapAlloc
 .text.chHeapFree
                0x08001e60       0x90 build/obj/chheap.o
                0x08001e60                chHeapFree
 .text.chHeapStatus
                0x08001ef0       0x40 build/obj/chheap.o
                0x08001ef0                chHeapStatus
 .text.chPoolInit
                0x08001f30       0x10 build/obj/chmempools.o
                0x08001f30                chPoolInit
 .text.chPoolLoadArray
                0x08001f40       0x80 build/obj/chmempools.o
                0x08001f40                chPoolLoadArray
 .text.chPoolAlloc
                0x08001fc0       0x30 build/obj/chmempools.o
                0x08001fc0                chPoolAlloc
 .text.chPoolFree
                0x08001ff0       0x20 build/obj/chmempools.o
                0x08001ff0                chPoolFree
 .text.tmr      0x08002010       0x10 build/obj/test.o
 .text.print_line
                0x08002020       0x40 build/obj/test.o
 .text.test_printn
                0x08002060       0x90 build/obj/test.o
                0x08002060                test_printn
 .text.test_print
                0x080020f0       0x20 build/obj/test.o
                0x080020f0                test_print
 .text.test_println
                0x08002110       0x30 build/obj/test.o
                0x08002110                test_println
 .text.test_emit_token
                0x08002140       0x20 build/obj/test.o
                0x08002140                test_emit_token
 .text._test_assert
                0x08002160       0x30 build/obj/test.o
                0x08002160                _test_assert
 .text._test_assert_sequence
                0x08002190       0x80 build/obj/test.o
                0x08002190                _test_assert_sequence
 .text._test_assert_time_window
                0x08002210       0x30 build/obj/test.o
                0x08002210                _test_assert_time_window
 .text.test_terminate_threads
                0x08002240       0x40 build/obj/test.o
                0x08002240                test_terminate_threads
 .text.test_wait_threads
                0x08002280       0x50 build/obj/test.o
                0x08002280                test_wait_threads
 .text.test_cpu_pulse
                0x080022d0       0x50 build/obj/test.o
                0x080022d0                test_cpu_pulse
 .text.test_wait_tick
                0x08002320       0x20 build/obj/test.o
                0x08002320                test_wait_tick
 .text.test_start_timer
                0x08002340       0x50 build/obj/test.o
                0x08002340                test_start_timer
 .text.TestThread
                0x08002390      0x320 build/obj/test.o
                0x08002390                TestThread
 .text.thd3_execute
                0x080026b0      0x140 build/obj/testthd.o
 .text.thd2_execute
                0x080027f0       0xf0 build/obj/testthd.o
 .text.thd1_execute
                0x080028e0       0xf0 build/obj/testthd.o
 .text.thread   0x080029d0       0x10 build/obj/testthd.o
 .text.thd4_execute
                0x080029e0       0x80 build/obj/testthd.o
 .text.sem3_setup
                0x08002a60       0x10 build/obj/testsem.o
 .text.sem2_setup
                0x08002a70       0x10 build/obj/testsem.o
 .text.sem1_setup
                0x08002a80       0x10 build/obj/testsem.o
 .text.sem4_execute
                0x08002a90      0x100 build/obj/testsem.o
 .text.thread4  0x08002b90       0x30 build/obj/testsem.o
 .text.thread3  0x08002bc0       0x20 build/obj/testsem.o
 .text.thread1  0x08002be0       0x20 build/obj/testsem.o
 .text.thread2  0x08002c00       0x30 build/obj/testsem.o
 .text.sem1_execute
                0x08002c30      0x150 build/obj/testsem.o
 .text.sem3_execute
                0x08002d80       0xa0 build/obj/testsem.o
 .text.sem2_execute
                0x08002e20      0x2a0 build/obj/testsem.o
 .text.mtx8_execute
                0x080030c0       0xb0 build/obj/testmtx.o
 .text.thread12
                0x08003170       0x20 build/obj/testmtx.o
 .text.thread1  0x08003190       0x20 build/obj/testmtx.o
 .text.thread10
                0x080031b0       0x30 build/obj/testmtx.o
 .text.thread11
                0x080031e0       0x40 build/obj/testmtx.o
 .text.mtx8_setup
                0x08003220       0x30 build/obj/testmtx.o
 .text.mtx7_setup
                0x08003250       0x20 build/obj/testmtx.o
 .text.mtx6_setup
                0x08003270       0x20 build/obj/testmtx.o
 .text.mtx5_setup
                0x08003290       0x10 build/obj/testmtx.o
 .text.mtx4_setup
                0x080032a0       0x20 build/obj/testmtx.o
 .text.mtx3_setup
                0x080032c0       0x20 build/obj/testmtx.o
 .text.mtx2_setup
                0x080032e0       0x10 build/obj/testmtx.o
 .text.mtx1_setup
                0x080032f0       0x10 build/obj/testmtx.o
 .text.mtx7_execute
                0x08003300       0xd0 build/obj/testmtx.o
 .text.mtx6_execute
                0x080033d0      0x100 build/obj/testmtx.o
 .text.mtx1_execute
                0x080034d0       0xe0 build/obj/testmtx.o
 .text.mtx5_execute
                0x080035b0       0xd0 build/obj/testmtx.o
 .text.mtx4_execute
                0x08003680      0x270 build/obj/testmtx.o
 .text.thread4b
                0x080038f0       0x20 build/obj/testmtx.o
 .text.thread4a
                0x08003910       0x20 build/obj/testmtx.o
 .text.mtx3_execute
                0x08003930       0xf0 build/obj/testmtx.o
 .text.mtx2_execute
                0x08003a20       0xb0 build/obj/testmtx.o
 .text.thread3HH
                0x08003ad0       0x30 build/obj/testmtx.o
 .text.thread3H
                0x08003b00       0x20 build/obj/testmtx.o
 .text.thread3M
                0x08003b20       0x30 build/obj/testmtx.o
 .text.thread3L
                0x08003b50       0x50 build/obj/testmtx.o
 .text.thread3LL
                0x08003ba0       0x30 build/obj/testmtx.o
 .text.thread2L
                0x08003bd0       0x30 build/obj/testmtx.o
 .text.thread2M
                0x08003c00       0x20 build/obj/testmtx.o
 .text.thread2H
                0x08003c20       0x30 build/obj/testmtx.o
 .text.msg1_execute
                0x08003c50       0x90 build/obj/testmsg.o
 .text.thread   0x08003ce0       0x20 build/obj/testmsg.o
 .text.mbox1_execute
                0x08003d00      0x690 build/obj/testmbox.o
 .text.mbox1_setup
                0x08004390       0x20 build/obj/testmbox.o
 .text.evt3_setup
                0x080043b0       0x10 build/obj/testevt.o
 .text.evt2_setup
                0x080043c0       0x10 build/obj/testevt.o
 .text.evt1_setup
                0x080043d0       0x10 build/obj/testevt.o
 .text.evt2_execute
                0x080043e0      0x260 build/obj/testevt.o
 .text.thread2  0x08004640       0x30 build/obj/testevt.o
 .text.thread1  0x08004670       0x20 build/obj/testevt.o
 .text.evt1_execute
                0x08004690       0x90 build/obj/testevt.o
 .text.h3       0x08004720       0x10 build/obj/testevt.o
 .text.h2       0x08004730       0x10 build/obj/testevt.o
 .text.h1       0x08004740       0x10 build/obj/testevt.o
 .text.evt3_execute
                0x08004750       0xb0 build/obj/testevt.o
 .text.heap1_execute
                0x08004800      0x250 build/obj/testheap.o
 .text.heap1_setup
                0x08004a50       0x20 build/obj/testheap.o
 .text.null_provider
                0x08004a70       0x10 build/obj/testpools.o
 .text.pools1_setup
                0x08004a80       0x20 build/obj/testpools.o
 .text.pools1_execute
                0x08004aa0      0x170 build/obj/testpools.o
 .text.regfind  0x08004c10       0x30 build/obj/testdyn.o
 .text.dyn3_execute
                0x08004c40      0x140 build/obj/testdyn.o
 .text.thread   0x08004d80       0x10 build/obj/testdyn.o
 .text.dyn3_setup
                0x08004d90       0x20 build/obj/testdyn.o
 .text.dyn1_setup
                0x08004db0       0x20 build/obj/testdyn.o
 .text.dyn2_execute
                0x08004dd0      0x140 build/obj/testdyn.o
 .text.dyn2_setup
                0x08004f10       0x20 build/obj/testdyn.o
 .text.dyn1_execute
                0x08004f30       0xf0 build/obj/testdyn.o
 .text.notify   0x08005020       0x10 build/obj/testqueues.o
 .text.thread2  0x08005030       0x20 build/obj/testqueues.o
 .text.queues2_setup
                0x08005050       0x30 build/obj/testqueues.o
 .text.thread1  0x08005080       0x20 build/obj/testqueues.o
 .text.queues1_setup
                0x080050a0       0x30 build/obj/testqueues.o
 .text.queues2_execute
                0x080050d0      0x2d0 build/obj/testqueues.o
 .text.queues1_execute
                0x080053a0      0x300 build/obj/testqueues.o
 .text.thread2  0x080056a0       0x10 build/obj/testbmk.o
 .text.tmo      0x080056b0       0x10 build/obj/testbmk.o
 .text.bmk13_execute
                0x080056c0      0x100 build/obj/testbmk.o
 .text.bmk12_execute
                0x080057c0       0x70 build/obj/testbmk.o
 .text.bmk12_setup
                0x08005830       0x10 build/obj/testbmk.o
 .text.thread3  0x08005840       0x30 build/obj/testbmk.o
 .text.bmk11_execute
                0x08005870       0x70 build/obj/testbmk.o
 .text.bmk11_setup
                0x080058e0       0x10 build/obj/testbmk.o
 .text.bmk7_setup
                0x080058f0       0x10 build/obj/testbmk.o
 .text.bmk10_execute
                0x08005900       0x80 build/obj/testbmk.o
 .text.bmk9_execute
                0x08005980       0xb0 build/obj/testbmk.o
 .text.bmk6_execute
                0x08005a30       0x70 build/obj/testbmk.o
 .text.bmk8_execute
                0x08005aa0       0xf0 build/obj/testbmk.o
 .text.thread8  0x08005b90       0x40 build/obj/testbmk.o
 .text.bmk7_execute
                0x08005bd0      0x110 build/obj/testbmk.o
 .text.bmk5_execute
                0x08005ce0       0x80 build/obj/testbmk.o
 .text.bmk4_execute
                0x08005d60       0xc0 build/obj/testbmk.o
 .text.msg_loop_test
                0x08005e20       0x40 build/obj/testbmk.o
 .text.bmk3_execute
                0x08005e60       0xe0 build/obj/testbmk.o
 .text.bmk2_execute
                0x08005f40       0x80 build/obj/testbmk.o
 .text.bmk1_execute
                0x08005fc0       0x80 build/obj/testbmk.o
 .text.thread1  0x08006040       0x20 build/obj/testbmk.o
 .text.thread4  0x08006060       0x30 build/obj/testbmk.o
                0x08006060                thread4
 .text.halInit  0x08006090       0x30 build/obj/hal.o
                0x08006090                halInit
 .text.halIsCounterWithin
                0x080060c0       0x30 build/obj/hal.o
                0x080060c0                halIsCounterWithin
 .text.macInit  0x080060f0       0x10 build/obj/mac.o
                0x080060f0                macInit
 .text.macObjectInit
                0x08006100       0x30 build/obj/mac.o
                0x08006100                macObjectInit
 .text.macStart
                0x08006130       0x20 build/obj/mac.o
                0x08006130                macStart
 .text.macWaitTransmitDescriptor
                0x08006150       0x60 build/obj/mac.o
                0x08006150                macWaitTransmitDescriptor
 .text.macReleaseTransmitDescriptor
                0x080061b0       0x10 build/obj/mac.o
                0x080061b0                macReleaseTransmitDescriptor
 .text.macWaitReceiveDescriptor
                0x080061c0       0x60 build/obj/mac.o
                0x080061c0                macWaitReceiveDescriptor
 .text.macReleaseReceiveDescriptor
                0x08006220       0x10 build/obj/mac.o
                0x08006220                macReleaseReceiveDescriptor
 .text.macPollLinkStatus
                0x08006230       0x10 build/obj/mac.o
                0x08006230                macPollLinkStatus
 .text.readt    0x08006240       0x10 build/obj/serial.o
 .text.read     0x08006250       0x10 build/obj/serial.o
 .text.writet   0x08006260       0x10 build/obj/serial.o
 .text.write    0x08006270       0x10 build/obj/serial.o
 .text.gett     0x08006280       0x10 build/obj/serial.o
 .text.get      0x08006290       0x10 build/obj/serial.o
 .text.putt     0x080062a0       0x10 build/obj/serial.o
 .text.put      0x080062b0       0x10 build/obj/serial.o
 .text.sdInit   0x080062c0       0x10 build/obj/serial.o
                0x080062c0                sdInit
 .text.sdObjectInit
                0x080062d0       0x50 build/obj/serial.o
                0x080062d0                sdObjectInit
 .text.sdStart  0x08006320       0x20 build/obj/serial.o
                0x08006320                sdStart
 .text.sdIncomingDataI
                0x08006340       0x40 build/obj/serial.o
                0x08006340                sdIncomingDataI
 .text.tm_start
                0x08006380       0x10 build/obj/tm.o
 .text.tm_stop  0x08006390       0x40 build/obj/tm.o
 .text.tmInit   0x080063d0       0x50 build/obj/tm.o
                0x080063d0                tmInit
 .text.hal_lld_init
                0x08006420       0x90 build/obj/hal_lld.o
                0x08006420                hal_lld_init
 .text.stm32_clock_init
                0x080064b0       0xe0 build/obj/hal_lld.o
                0x080064b0                stm32_clock_init
 .text.mac_lld_set_address
                0x08006590       0x50 build/obj/mac_lld.o
 .text.Vector134
                0x080065e0       0x60 build/obj/mac_lld.o
                0x080065e0                Vector134
 .text.mac_lld_init
                0x08006640      0x1c0 build/obj/mac_lld.o
                0x08006640                mac_lld_init
 .text.mac_lld_start
                0x08006800      0x110 build/obj/mac_lld.o
                0x08006800                mac_lld_start
 .text.mac_lld_get_transmit_descriptor
                0x08006910       0x50 build/obj/mac_lld.o
                0x08006910                mac_lld_get_transmit_descriptor
 .text.mac_lld_release_transmit_descriptor
                0x08006960       0x40 build/obj/mac_lld.o
                0x08006960                mac_lld_release_transmit_descriptor
 .text.mac_lld_get_receive_descriptor
                0x080069a0       0x70 build/obj/mac_lld.o
                0x080069a0                mac_lld_get_receive_descriptor
 .text.mac_lld_release_receive_descriptor
                0x08006a10       0x40 build/obj/mac_lld.o
                0x08006a10                mac_lld_release_receive_descriptor
 .text.mac_lld_poll_link_status
                0x08006a50       0xe0 build/obj/mac_lld.o
                0x08006a50                mac_lld_poll_link_status
 .text.mac_lld_write_transmit_descriptor
                0x08006b30       0x30 build/obj/mac_lld.o
                0x08006b30                mac_lld_write_transmit_descriptor
 .text.mac_lld_read_receive_descriptor
                0x08006b60       0x30 build/obj/mac_lld.o
                0x08006b60                mac_lld_read_receive_descriptor
 .text._pal_lld_init
                0x08006b90      0x1b0 build/obj/pal_lld.o
                0x08006b90                _pal_lld_init
 .text.notify6  0x08006d40       0x20 build/obj/serial_lld.o
 .text.Vector15C
                0x08006d60      0x130 build/obj/serial_lld.o
                0x08006d60                Vector15C
 .text.sd_lld_init
                0x08006e90       0x30 build/obj/serial_lld.o
                0x08006e90                sd_lld_init
 .text.sd_lld_start
                0x08006ec0       0xb0 build/obj/serial_lld.o
                0x08006ec0                sd_lld_start
 .text.__early_init
                0x08006f70       0x10 build/obj/board.o
                0x08006f70                __early_init
 .text.boardInit
                0x08006f80       0x10 build/obj/board.o
                0x08006f80                boardInit
 .text.ethernetif_init
                0x08006f90       0x40 build/obj/lwipthread.o
 .text.low_level_output
                0x08006fd0       0x50 build/obj/lwipthread.o
 .text.lwip_thread
                0x08007020      0x1f0 build/obj/lwipthread.o
                0x08007020                lwip_thread
 .text.sys_init
                0x08007210       0x10 build/obj/sys_arch.o
                0x08007210                sys_init
 .text.sys_sem_new
                0x08007220       0x50 build/obj/sys_arch.o
                0x08007220                sys_sem_new
 .text.sys_sem_free
                0x08007270       0x30 build/obj/sys_arch.o
                0x08007270                sys_sem_free
 .text.sys_sem_signal
                0x080072a0       0x10 build/obj/sys_arch.o
                0x080072a0                sys_sem_signal
 .text.sys_arch_sem_wait
                0x080072b0       0x40 build/obj/sys_arch.o
                0x080072b0                sys_arch_sem_wait
 .text.sys_sem_valid
                0x080072f0       0x10 build/obj/sys_arch.o
                0x080072f0                sys_sem_valid
 .text.sys_sem_set_invalid
                0x08007300       0x10 build/obj/sys_arch.o
                0x08007300                sys_sem_set_invalid
 .text.sys_mbox_new
                0x08007310       0x50 build/obj/sys_arch.o
                0x08007310                sys_mbox_new
 .text.sys_mbox_free
                0x08007360       0x40 build/obj/sys_arch.o
                0x08007360                sys_mbox_free
 .text.sys_mbox_post
                0x080073a0       0x10 build/obj/sys_arch.o
                0x080073a0                sys_mbox_post
 .text.sys_mbox_trypost
                0x080073b0       0x30 build/obj/sys_arch.o
                0x080073b0                sys_mbox_trypost
 .text.sys_arch_mbox_fetch
                0x080073e0       0x40 build/obj/sys_arch.o
                0x080073e0                sys_arch_mbox_fetch
 .text.sys_arch_mbox_tryfetch
                0x08007420       0x20 build/obj/sys_arch.o
                0x08007420                sys_arch_mbox_tryfetch
 .text.sys_mbox_valid
                0x08007440       0x10 build/obj/sys_arch.o
                0x08007440                sys_mbox_valid
 .text.sys_mbox_set_invalid
                0x08007450       0x10 build/obj/sys_arch.o
                0x08007450                sys_mbox_set_invalid
 .text.sys_thread_new
                0x08007460       0x30 build/obj/sys_arch.o
                0x08007460                sys_thread_new
 .text.etharp_free_entry
                0x08007490       0x30 build/obj/etharp.o
 .text.etharp_find_entry
                0x080074c0      0x570 build/obj/etharp.o
 .text.etharp_send_ip
                0x08007a30       0x50 build/obj/etharp.o
 .text.etharp_tmr
                0x08007a80      0x240 build/obj/etharp.o
                0x08007a80                etharp_tmr
 .text.etharp_request
                0x08007cc0       0xe0 build/obj/etharp.o
                0x08007cc0                etharp_request
 .text.etharp_query
                0x08007da0      0x140 build/obj/etharp.o
                0x08007da0                etharp_query
 .text.etharp_output_to_arp_index
                0x08007ee0       0x70 build/obj/etharp.o
 .text.etharp_output
                0x08007f50      0x210 build/obj/etharp.o
                0x08007f50                etharp_output
 .text.ethernet_input
                0x08008160      0x240 build/obj/etharp.o
                0x08008160                ethernet_input
 .text.lwip_init
                0x080083a0       0x30 build/obj/init.o
                0x080083a0                lwip_init
 .text.mem_init
                0x080083d0       0x70 build/obj/mem.o
                0x080083d0                mem_init
 .text.mem_free
                0x08008440      0x140 build/obj/mem.o
                0x08008440                mem_free
 .text.mem_trim
                0x08008580      0x140 build/obj/mem.o
                0x08008580                mem_trim
 .text.mem_malloc
                0x080086c0      0x180 build/obj/mem.o
                0x080086c0                mem_malloc
 .text.memp_init
                0x08008840      0x180 build/obj/memp.o
                0x08008840                memp_init
 .text.memp_malloc
                0x080089c0       0x70 build/obj/memp.o
                0x080089c0                memp_malloc
 .text.memp_free
                0x08008a30       0x40 build/obj/memp.o
                0x08008a30                memp_free
 .text.netif_init
                0x08008a70       0x10 build/obj/netif.o
                0x08008a70                netif_init
 .text.netif_set_ipaddr
                0x08008a80       0x70 build/obj/netif.o
                0x08008a80                netif_set_ipaddr
 .text.netif_set_addr
                0x08008af0       0x20 build/obj/netif.o
                0x08008af0                netif_set_addr
 .text.netif_add
                0x08008b10       0x70 build/obj/netif.o
                0x08008b10                netif_add
 .text.netif_set_default
                0x08008b80       0x10 build/obj/netif.o
                0x08008b80                netif_set_default
 .text.netif_set_up
                0x08008b90       0x20 build/obj/netif.o
                0x08008b90                netif_set_up
 .text.netif_set_link_up
                0x08008bb0       0x30 build/obj/netif.o
                0x08008bb0                netif_set_link_up
 .text.netif_set_link_down
                0x08008be0       0x20 build/obj/netif.o
                0x08008be0                netif_set_link_down
 .text.pbuf_free_ooseq_callback
                0x08008c00       0x30 build/obj/pbuf.o
 .text.pbuf_pool_is_empty
                0x08008c30       0x30 build/obj/pbuf.o
 .text.pbuf_alloced_custom
                0x08008c60       0x60 build/obj/pbuf.o
                0x08008c60                pbuf_alloced_custom
 .text.pbuf_header
                0x08008cc0       0x70 build/obj/pbuf.o
                0x08008cc0                pbuf_header
 .text.pbuf_free
                0x08008d30       0x90 build/obj/pbuf.o
                0x08008d30                pbuf_free
 .text.pbuf_realloc
                0x08008dc0       0xb0 build/obj/pbuf.o
                0x08008dc0                pbuf_realloc
 .text.pbuf_alloc
                0x08008e70      0x190 build/obj/pbuf.o
                0x08008e70                pbuf_alloc
 .text.pbuf_clen
                0x08009000       0x20 build/obj/pbuf.o
                0x08009000                pbuf_clen
 .text.pbuf_ref
                0x08009020       0x10 build/obj/pbuf.o
                0x08009020                pbuf_ref
 .text.pbuf_cat
                0x08009030       0x50 build/obj/pbuf.o
                0x08009030                pbuf_cat
 .text.pbuf_copy
                0x08009080       0xc0 build/obj/pbuf.o
                0x08009080                pbuf_copy
 .text.pbuf_copy_partial
                0x08009140       0x80 build/obj/pbuf.o
                0x08009140                pbuf_copy_partial
 .text.raw_input
                0x080091c0       0x80 build/obj/raw.o
                0x080091c0                raw_input
 .text.raw_bind
                0x08009240       0x10 build/obj/raw.o
                0x08009240                raw_bind
 .text.raw_recv
                0x08009250       0x10 build/obj/raw.o
                0x08009250                raw_recv
 .text.raw_remove
                0x08009260       0x40 build/obj/raw.o
                0x08009260                raw_remove
 .text.raw_new  0x080092a0       0x30 build/obj/raw.o
                0x080092a0                raw_new
 .text.stats_init
                0x080092d0       0x10 build/obj/stats.o
                0x080092d0                stats_init
 .text.tcp_accept_null
                0x080092e0       0x10 build/obj/tcp.o
 .text.tcp_new_port
                0x080092f0       0x60 build/obj/tcp.o
 .text.tcp_init
                0x08009350       0x10 build/obj/tcp.o
                0x08009350                tcp_init
 .text.tcp_bind
                0x08009360       0x80 build/obj/tcp.o
                0x08009360                tcp_bind
 .text.tcp_listen_with_backlog
                0x080093e0       0xb0 build/obj/tcp.o
                0x080093e0                tcp_listen_with_backlog
 .text.tcp_update_rcv_ann_wnd
                0x08009490       0x50 build/obj/tcp.o
                0x08009490                tcp_update_rcv_ann_wnd
 .text.tcp_recved
                0x080094e0       0x60 build/obj/tcp.o
                0x080094e0                tcp_recved
 .text.tcp_seg_free
                0x08009540       0x20 build/obj/tcp.o
                0x08009540                tcp_seg_free
 .text.tcp_segs_free
                0x08009560       0x20 build/obj/tcp.o
                0x08009560                tcp_segs_free
 .text.tcp_seg_copy
                0x08009580       0x30 build/obj/tcp.o
                0x08009580                tcp_seg_copy
 .text.tcp_arg  0x080095b0       0x10 build/obj/tcp.o
                0x080095b0                tcp_arg
 .text.tcp_recv
                0x080095c0       0x20 build/obj/tcp.o
                0x080095c0                tcp_recv
 .text.tcp_sent
                0x080095e0       0x20 build/obj/tcp.o
                0x080095e0                tcp_sent
 .text.tcp_err  0x08009600       0x20 build/obj/tcp.o
                0x08009600                tcp_err
 .text.tcp_accept
                0x08009620       0x10 build/obj/tcp.o
                0x08009620                tcp_accept
 .text.tcp_poll
                0x08009630       0x30 build/obj/tcp.o
                0x08009630                tcp_poll
 .text.tcp_pcb_purge
                0x08009660       0x50 build/obj/tcp.o
                0x08009660                tcp_pcb_purge
 .text.tcp_slowtmr
                0x080096b0      0x440 build/obj/tcp.o
                0x080096b0                tcp_slowtmr
 .text.tcp_pcb_remove
                0x08009af0       0x90 build/obj/tcp.o
                0x08009af0                tcp_pcb_remove
 .text.tcp_abandon
                0x08009b80       0xb0 build/obj/tcp.o
                0x08009b80                tcp_abandon
 .text.tcp_abort
                0x08009c30       0x10 build/obj/tcp.o
                0x08009c30                tcp_abort
 .text.tcp_alloc
                0x08009c40      0x150 build/obj/tcp.o
                0x08009c40                tcp_alloc
 .text.tcp_new  0x08009d90       0x10 build/obj/tcp.o
                0x08009d90                tcp_new
 .text.tcp_close_shutdown
                0x08009da0      0x190 build/obj/tcp.o
 .text.tcp_shutdown
                0x08009f30       0x60 build/obj/tcp.o
                0x08009f30                tcp_shutdown
 .text.tcp_close
                0x08009f90       0x20 build/obj/tcp.o
                0x08009f90                tcp_close
 .text.tcp_recv_null
                0x08009fb0       0x30 build/obj/tcp.o
                0x08009fb0                tcp_recv_null
 .text.tcp_process_refused_data
                0x08009fe0       0x70 build/obj/tcp.o
                0x08009fe0                tcp_process_refused_data
 .text.tcp_fasttmr
                0x0800a050       0x70 build/obj/tcp.o
                0x0800a050                tcp_fasttmr
 .text.tcp_tmr  0x0800a0c0       0x30 build/obj/tcp.o
                0x0800a0c0                tcp_tmr
 .text.tcp_eff_send_mss
                0x0800a0f0       0x20 build/obj/tcp.o
                0x0800a0f0                tcp_eff_send_mss
 .text.tcp_parseopt
                0x0800a110       0x90 build/obj/tcp_in.o
 .text.tcp_oos_insert_segment
                0x0800a1a0       0xb0 build/obj/tcp_in.o
 .text.tcp_receive
                0x0800a250      0x9d0 build/obj/tcp_in.o
 .text.tcp_input
                0x0800ac20      0xb20 build/obj/tcp_in.o
                0x0800ac20                tcp_input
 .text.tcp_pbuf_prealloc
                0x0800b740       0x70 build/obj/tcp_out.o
 .text.tcp_create_segment
                0x0800b7b0       0xc0 build/obj/tcp_out.o
 .text.tcp_output_alloc_header.constprop.0
                0x0800b870       0x70 build/obj/tcp_out.o
 .text.tcp_write
                0x0800b8e0      0x4a0 build/obj/tcp_out.o
                0x0800b8e0                tcp_write
 .text.tcp_enqueue_flags
                0x0800bd80      0x140 build/obj/tcp_out.o
                0x0800bd80                tcp_enqueue_flags
 .text.tcp_send_fin
                0x0800bec0       0x50 build/obj/tcp_out.o
                0x0800bec0                tcp_send_fin
 .text.tcp_send_empty_ack
                0x0800bf10       0x70 build/obj/tcp_out.o
                0x0800bf10                tcp_send_empty_ack
 .text.tcp_output
                0x0800bf80      0x300 build/obj/tcp_out.o
                0x0800bf80                tcp_output
 .text.tcp_rst  0x0800c280       0xc0 build/obj/tcp_out.o
                0x0800c280                tcp_rst
 .text.tcp_rexmit_rto
                0x0800c340       0x30 build/obj/tcp_out.o
                0x0800c340                tcp_rexmit_rto
 .text.tcp_rexmit
                0x0800c370       0x60 build/obj/tcp_out.o
                0x0800c370                tcp_rexmit
 .text.tcp_rexmit_fast
                0x0800c3d0       0x60 build/obj/tcp_out.o
                0x0800c3d0                tcp_rexmit_fast
 .text.tcp_keepalive
                0x0800c430       0x70 build/obj/tcp_out.o
                0x0800c430                tcp_keepalive
 .text.tcp_zero_window_probe
                0x0800c4a0       0xd0 build/obj/tcp_out.o
                0x0800c4a0                tcp_zero_window_probe
 .text.udp_init
                0x0800c570       0x10 build/obj/udp.o
                0x0800c570                udp_init
 .text.udp_input
                0x0800c580      0x260 build/obj/udp.o
                0x0800c580                udp_input
 .text.udp_bind
                0x0800c7e0       0xd0 build/obj/udp.o
                0x0800c7e0                udp_bind
 .text.udp_recv
                0x0800c8b0       0x10 build/obj/udp.o
                0x0800c8b0                udp_recv
 .text.udp_remove
                0x0800c8c0       0x40 build/obj/udp.o
                0x0800c8c0                udp_remove
 .text.udp_new  0x0800c900       0x20 build/obj/udp.o
                0x0800c900                udp_new
 .text.icmp_send_response
                0x0800c920       0xb0 build/obj/icmp.o
 .text.icmp_input
                0x0800c9d0      0x1d0 build/obj/icmp.o
                0x0800c9d0                icmp_input
 .text.icmp_dest_unreach
                0x0800cba0       0x10 build/obj/icmp.o
                0x0800cba0                icmp_dest_unreach
 .text.icmp_time_exceeded
                0x0800cbb0       0x10 build/obj/icmp.o
                0x0800cbb0                icmp_time_exceeded
 .text.lwip_standard_chksum
                0x0800cbc0       0xa0 build/obj/inet_chksum.o
 .text.inet_chksum_pseudo
                0x0800cc60       0x90 build/obj/inet_chksum.o
                0x0800cc60                inet_chksum_pseudo
 .text.inet_chksum
                0x0800ccf0       0x10 build/obj/inet_chksum.o
                0x0800ccf0                inet_chksum
 .text.inet_chksum_pbuf
                0x0800cd00       0x60 build/obj/inet_chksum.o
                0x0800cd00                inet_chksum_pbuf
 .text.ip_route
                0x0800cd60       0x50 build/obj/ip.o
                0x0800cd60                ip_route
 .text.ip_input
                0x0800cdb0      0x200 build/obj/ip.o
                0x0800cdb0                ip_input
 .text.ip_output_if
                0x0800cfb0      0x130 build/obj/ip.o
                0x0800cfb0                ip_output_if
 .text.ip_output
                0x0800d0e0       0x60 build/obj/ip.o
                0x0800d0e0                ip_output
 .text.ip4_addr_isbroadcast
                0x0800d140       0x40 build/obj/ip_addr.o
                0x0800d140                ip4_addr_isbroadcast
 .text.ip_reass_dequeue_datagram
                0x0800d180       0x40 build/obj/ip_frag.o
 .text.ip_reass_free_complete_datagram
                0x0800d1c0       0xc0 build/obj/ip_frag.o
 .text.ip_reass_remove_oldest_datagram
                0x0800d280       0x80 build/obj/ip_frag.o
 .text.ipfrag_free_pbuf_custom
                0x0800d300       0x20 build/obj/ip_frag.o
 .text.ip_reass_tmr
                0x0800d320       0x30 build/obj/ip_frag.o
                0x0800d320                ip_reass_tmr
 .text.ip_reass
                0x0800d350      0x370 build/obj/ip_frag.o
                0x0800d350                ip_reass
 .text.ip_frag  0x0800d6c0      0x1e0 build/obj/ip_frag.o
                0x0800d6c0                ip_frag
 .text.lwip_htons
                0x0800d8a0       0x10 build/obj/def.o
                0x0800d8a0                lwip_htons
 .text.lwip_ntohs
                0x0800d8b0       0x10 build/obj/def.o
                0x0800d8b0                lwip_ntohs
 .text.lwip_htonl
                0x0800d8c0       0x10 build/obj/def.o
                0x0800d8c0                lwip_htonl
 .text.lwip_ntohl
                0x0800d8d0       0x10 build/obj/def.o
                0x0800d8d0                lwip_ntohl
 .text.sys_timeout
                0x0800d8e0       0x60 build/obj/timers.o
                0x0800d8e0                sys_timeout
 .text.sys_timeouts_init
                0x0800d940       0x30 build/obj/timers.o
                0x0800d940                sys_timeouts_init
 .text.arp_timer
                0x0800d970       0x20 build/obj/timers.o
 .text.ip_reass_timer
                0x0800d990       0x20 build/obj/timers.o
 .text.tcp_timer_needed
                0x0800d9b0       0x40 build/obj/timers.o
                0x0800d9b0                tcp_timer_needed
 .text.tcpip_tcp_timer
                0x0800d9f0       0x40 build/obj/timers.o
 .text.sys_untimeout
                0x0800da30       0x50 build/obj/timers.o
                0x0800da30                sys_untimeout
 .text.sys_timeouts_mbox_fetch
                0x0800da80       0x70 build/obj/timers.o
                0x0800da80                sys_timeouts_mbox_fetch
 .text.netconn_recv_data
                0x0800daf0       0xe0 build/obj/api_lib.o
 .text.netconn_new_with_proto_and_callback
                0x0800dbd0       0x80 build/obj/api_lib.o
                0x0800dbd0                netconn_new_with_proto_and_callback
 .text.netconn_delete
                0x0800dc50       0x30 build/obj/api_lib.o
                0x0800dc50                netconn_delete
 .text.netconn_bind
                0x0800dc80       0x40 build/obj/api_lib.o
                0x0800dc80                netconn_bind
 .text.netconn_listen_with_backlog
                0x0800dcc0       0x40 build/obj/api_lib.o
                0x0800dcc0                netconn_listen_with_backlog
 .text.netconn_accept
                0x0800dd00       0x80 build/obj/api_lib.o
                0x0800dd00                netconn_accept
 .text.netconn_recv
                0x0800dd80       0xa0 build/obj/api_lib.o
                0x0800dd80                netconn_recv
 .text.netconn_write_partly
                0x0800de20       0xb0 build/obj/api_lib.o
                0x0800de20                netconn_write_partly
 .text.netconn_close
                0x0800ded0       0x40 build/obj/api_lib.o
                0x0800ded0                netconn_close
 .text.setup_tcp
                0x0800df10       0x50 build/obj/api_msg.o
 .text.do_close_internal
                0x0800df60      0x150 build/obj/api_msg.o
 .text.err_tcp  0x0800e0b0       0xc0 build/obj/api_msg.o
 .text.recv_tcp
                0x0800e170       0xa0 build/obj/api_msg.o
 .text.do_writemore
                0x0800e210      0x160 build/obj/api_msg.o
 .text.poll_tcp
                0x0800e370       0x60 build/obj/api_msg.o
 .text.recv_udp
                0x0800e3d0       0xa0 build/obj/api_msg.o
 .text.recv_raw
                0x0800e470       0x90 build/obj/api_msg.o
 .text.sent_tcp
                0x0800e500       0x60 build/obj/api_msg.o
 .text.do_newconn
                0x0800e560       0xa0 build/obj/api_msg.o
                0x0800e560                do_newconn
 .text.netconn_alloc
                0x0800e600       0x90 build/obj/api_msg.o
                0x0800e600                netconn_alloc
 .text.netconn_free
                0x0800e690       0x50 build/obj/api_msg.o
                0x0800e690                netconn_free
 .text.netconn_drain
                0x0800e6e0       0xb0 build/obj/api_msg.o
 .text.accept_function
                0x0800e790       0xb0 build/obj/api_msg.o
 .text.do_delconn
                0x0800e840       0xe0 build/obj/api_msg.o
                0x0800e840                do_delconn
 .text.do_bind  0x0800e920       0x60 build/obj/api_msg.o
                0x0800e920                do_bind
 .text.do_listen
                0x0800e980       0xc0 build/obj/api_msg.o
                0x0800e980                do_listen
 .text.do_recv  0x0800ea40       0x50 build/obj/api_msg.o
                0x0800ea40                do_recv
 .text.do_write
                0x0800ea90       0x80 build/obj/api_msg.o
                0x0800ea90                do_write
 .text.do_close
                0x0800eb10       0x80 build/obj/api_msg.o
                0x0800eb10                do_close
 .text.netbuf_delete
                0x0800eb90       0x30 build/obj/netbuf.o
                0x0800eb90                netbuf_delete
 .text.netbuf_data
                0x0800ebc0       0x30 build/obj/netbuf.o
                0x0800ebc0                netbuf_data
 .text.lwip_socket_init
                0x0800ebf0       0x10 build/obj/sockets.o
                0x0800ebf0                lwip_socket_init
 .text.tcpip_thread
                0x0800ec00       0xb0 build/obj/tcpip.o
 .text.tcpip_input
                0x0800ecb0       0x50 build/obj/tcpip.o
                0x0800ecb0                tcpip_input
 .text.tcpip_callback_with_block
                0x0800ed00       0x60 build/obj/tcpip.o
                0x0800ed00                tcpip_callback_with_block
 .text.tcpip_apimsg
                0x0800ed60       0x40 build/obj/tcpip.o
                0x0800ed60                tcpip_apimsg
 .text.tcpip_init
                0x0800eda0       0x50 build/obj/tcpip.o
                0x0800eda0                tcpip_init
 .text.tmrcb    0x0800edf0       0x30 build/obj/evtimer.o
 .text.evtStart
                0x0800ee20       0x30 build/obj/evtimer.o
                0x0800ee20                evtStart
 .text.http_server
                0x0800ee50       0xc0 build/obj/web.o
                0x0800ee50                http_server
 .text.Thread1  0x0800ef10       0x40 build/obj/main.o
 .text.memcmp   0x0800ef50       0xb8 /usr/bin/../lib/gcc/arm-none-eabi/4.7.4/../../../../arm-none-eabi/lib/armv7e-m/libc.a(lib_a-memcmp.o)
                0x0800ef50                memcmp
 *fill*         0x0800f008        0x8 00
 .text.memcpy   0x0800f010      0x144 /usr/bin/../lib/gcc/arm-none-eabi/4.7.4/../../../../arm-none-eabi/lib/armv7e-m/libc.a(lib_a-memcpy.o)
                0x0800f010                memcpy
 *fill*         0x0800f154        0xc 00
 .text.memset   0x0800f160      0x12c /usr/bin/../lib/gcc/arm-none-eabi/4.7.4/../../../../arm-none-eabi/lib/armv7e-m/libc.a(lib_a-memset.o)
                0x0800f160                memset
 *(.rodata)
 *(.rodata.*)
 *fill*         0x0800f28c        0x4 00
 .rodata.str1.4
                0x0800f290        0x5 build/obj/chsys.o
                                  0x8 (size before relaxing)
 *fill*         0x0800f295        0xb 00
 .rodata.ch_debug
                0x0800f2a0       0x18 build/obj/chregistry.o
                0x0800f2a0                ch_debug
 *fill*         0x0800f2b8        0x8 00
 .rodata.wa     0x0800f2c0       0x14 build/obj/test.o
                0x0800f2c0                wa
 *fill*         0x0800f2d4        0xc 00
 .rodata.str1.4
                0x0800f2e0      0x1f7 build/obj/test.o
                                0x204 (size before relaxing)
 *fill*         0x0800f4d7        0x9 00
 .rodata.patterns
                0x0800f4e0       0x30 build/obj/test.o
 .rodata.testthd1
                0x0800f510       0x10 build/obj/testthd.o
                0x0800f510                testthd1
 .rodata.testthd2
                0x0800f520       0x10 build/obj/testthd.o
                0x0800f520                testthd2
 .rodata.testthd3
                0x0800f530       0x10 build/obj/testthd.o
                0x0800f530                testthd3
 .rodata.testthd4
                0x0800f540       0x10 build/obj/testthd.o
                0x0800f540                testthd4
 .rodata.patternthd
                0x0800f550       0x14 build/obj/testthd.o
                0x0800f550                patternthd
 *fill*         0x0800f564        0xc 00
 .rodata.str1.4
                0x0800f570       0x7b build/obj/testthd.o
                                 0x80 (size before relaxing)
 *fill*         0x0800f5eb        0x5 00
 .rodata.testsem1
                0x0800f5f0       0x10 build/obj/testsem.o
                0x0800f5f0                testsem1
 .rodata.testsem2
                0x0800f600       0x10 build/obj/testsem.o
                0x0800f600                testsem2
 .rodata.testsem3
                0x0800f610       0x10 build/obj/testsem.o
                0x0800f610                testsem3
 .rodata.testsem4
                0x0800f620       0x10 build/obj/testsem.o
                0x0800f620                testsem4
 .rodata.patternsem
                0x0800f630       0x14 build/obj/testsem.o
                0x0800f630                patternsem
 *fill*         0x0800f644        0xc 00
 .rodata.str1.4
                0x0800f650       0x6e build/obj/testsem.o
                                 0x8c (size before relaxing)
 *fill*         0x0800f6be        0x2 00
 .rodata.testmtx5
                0x0800f6c0       0x10 build/obj/testmtx.o
                0x0800f6c0                testmtx5
 .rodata.testmtx6
                0x0800f6d0       0x10 build/obj/testmtx.o
                0x0800f6d0                testmtx6
 .rodata.testmtx7
                0x0800f6e0       0x10 build/obj/testmtx.o
                0x0800f6e0                testmtx7
 .rodata.testmtx8
                0x0800f6f0       0x10 build/obj/testmtx.o
                0x0800f6f0                testmtx8
 .rodata.str1.4
                0x0800f700       0xed build/obj/testmtx.o
                                0x10c (size before relaxing)
 *fill*         0x0800f7ed        0x3 00
 .rodata.patternmtx
                0x0800f7f0       0x24 build/obj/testmtx.o
                0x0800f7f0                patternmtx
 *fill*         0x0800f814        0xc 00
 .rodata.testmtx1
                0x0800f820       0x10 build/obj/testmtx.o
                0x0800f820                testmtx1
 .rodata.testmtx2
                0x0800f830       0x10 build/obj/testmtx.o
                0x0800f830                testmtx2
 .rodata.testmtx3
                0x0800f840       0x10 build/obj/testmtx.o
                0x0800f840                testmtx3
 .rodata.testmtx4
                0x0800f850       0x10 build/obj/testmtx.o
                0x0800f850                testmtx4
 .rodata.testmsg1
                0x0800f860       0x10 build/obj/testmsg.o
                0x0800f860                testmsg1
 .rodata.str1.4
                0x0800f870        0xf build/obj/testmsg.o
                                 0x14 (size before relaxing)
 *fill*         0x0800f87f        0x1 00
 .rodata.patternmsg
                0x0800f880        0x8 build/obj/testmsg.o
                0x0800f880                patternmsg
 *fill*         0x0800f888        0x8 00
 .rodata.patternmbox
                0x0800f890        0x8 build/obj/testmbox.o
                0x0800f890                patternmbox
 *fill*         0x0800f898        0x8 00
 .rodata.str1.4
                0x0800f8a0       0x20 build/obj/testmbox.o
                                 0x28 (size before relaxing)
 .rodata.testmbox1
                0x0800f8c0       0x10 build/obj/testmbox.o
                0x0800f8c0                testmbox1
 .rodata.patternevt
                0x0800f8d0       0x10 build/obj/testevt.o
                0x0800f8d0                patternevt
 .rodata.testevt2
                0x0800f8e0       0x10 build/obj/testevt.o
                0x0800f8e0                testevt2
 .rodata.str1.4
                0x0800f8f0       0x52 build/obj/testevt.o
                                 0x5c (size before relaxing)
 *fill*         0x0800f942        0xe 00
 .rodata.testevt1
                0x0800f950       0x10 build/obj/testevt.o
                0x0800f950                testevt1
 .rodata.evhndl
                0x0800f960        0xc build/obj/testevt.o
 *fill*         0x0800f96c        0x4 00
 .rodata.testevt3
                0x0800f970       0x10 build/obj/testevt.o
                0x0800f970                testevt3
 .rodata.patternheap
                0x0800f980        0x8 build/obj/testheap.o
                0x0800f980                patternheap
 *fill*         0x0800f988        0x8 00
 .rodata.str1.4
                0x0800f990       0x28 build/obj/testheap.o
 *fill*         0x0800f9b8        0x8 00
 .rodata.testheap1
                0x0800f9c0       0x10 build/obj/testheap.o
                0x0800f9c0                testheap1
 .rodata.str1.4
                0x0800f9d0       0x1c build/obj/testpools.o
 *fill*         0x0800f9ec        0x4 00
 .rodata.patternpools
                0x0800f9f0        0x8 build/obj/testpools.o
                0x0800f9f0                patternpools
 *fill*         0x0800f9f8        0x8 00
 .rodata.testpools1
                0x0800fa00       0x10 build/obj/testpools.o
                0x0800fa00                testpools1
 .rodata.testdyn1
                0x0800fa10       0x10 build/obj/testdyn.o
                0x0800fa10                testdyn1
 .rodata.testdyn2
                0x0800fa20       0x10 build/obj/testdyn.o
                0x0800fa20                testdyn2
 .rodata.testdyn3
                0x0800fa30       0x10 build/obj/testdyn.o
                0x0800fa30                testdyn3
 .rodata.str1.4
                0x0800fa40       0x8d build/obj/testdyn.o
                                 0xa4 (size before relaxing)
 *fill*         0x0800facd        0x3 00
 .rodata.patterndyn
                0x0800fad0       0x10 build/obj/testdyn.o
                0x0800fad0                patterndyn
 .rodata.testqueues1
                0x0800fae0       0x10 build/obj/testqueues.o
                0x0800fae0                testqueues1
 .rodata.testqueues2
                0x0800faf0       0x10 build/obj/testqueues.o
                0x0800faf0                testqueues2
 .rodata.str1.4
                0x0800fb00       0x2d build/obj/testqueues.o
                                 0x38 (size before relaxing)
 *fill*         0x0800fb2d        0x3 00
 .rodata.patternqueues
                0x0800fb30        0xc build/obj/testqueues.o
                0x0800fb30                patternqueues
 *fill*         0x0800fb3c        0x4 00
 .rodata.patternbmk
                0x0800fb40       0x38 build/obj/testbmk.o
                0x0800fb40                patternbmk
 *fill*         0x0800fb78        0x8 00
 .rodata.testbmk8
                0x0800fb80       0x10 build/obj/testbmk.o
                0x0800fb80                testbmk8
 .rodata.testbmk3
                0x0800fb90       0x10 build/obj/testbmk.o
                0x0800fb90                testbmk3
 .rodata.testbmk10
                0x0800fba0       0x10 build/obj/testbmk.o
                0x0800fba0                testbmk10
 .rodata.testbmk4
                0x0800fbb0       0x10 build/obj/testbmk.o
                0x0800fbb0                testbmk4
 .rodata.testbmk12
                0x0800fbc0       0x10 build/obj/testbmk.o
                0x0800fbc0                testbmk12
 .rodata.testbmk2
                0x0800fbd0       0x10 build/obj/testbmk.o
                0x0800fbd0                testbmk2
 .rodata.str1.4
                0x0800fbe0      0x2c7 build/obj/testbmk.o
                                0x2c8 (size before relaxing)
 *fill*         0x0800fea7        0x9 00
 .rodata.testbmk9
                0x0800feb0       0x10 build/obj/testbmk.o
                0x0800feb0                testbmk9
 .rodata.testbmk1
                0x0800fec0       0x10 build/obj/testbmk.o
                0x0800fec0                testbmk1
 .rodata.testbmk11
                0x0800fed0       0x10 build/obj/testbmk.o
                0x0800fed0                testbmk11
 .rodata.testbmk13
                0x0800fee0       0x10 build/obj/testbmk.o
                0x0800fee0                testbmk13
 .rodata.testbmk5
                0x0800fef0       0x10 build/obj/testbmk.o
                0x0800fef0                testbmk5
 .rodata.testbmk6
                0x0800ff00       0x10 build/obj/testbmk.o
                0x0800ff00                testbmk6
 .rodata.testbmk7
                0x0800ff10       0x10 build/obj/testbmk.o
                0x0800ff10                testbmk7
 .rodata.vmt    0x0800ff20       0x20 build/obj/serial.o
 .rodata.default_mac_address
                0x0800ff40        0x8 build/obj/mac_lld.o
 *fill*         0x0800ff48        0x8 00
 .rodata.default_config
                0x0800ff50        0xc build/obj/serial_lld.o
 *fill*         0x0800ff5c        0x4 00
 .rodata.pal_default_config
                0x0800ff60       0xfc build/obj/board.o
                0x0800ff60                pal_default_config
 *fill*         0x0801005c        0x4 00
 .rodata.mac_config.7296
                0x08010060        0x4 build/obj/lwipthread.o
 *fill*         0x08010064        0xc 00
 .rodata.str1.4
                0x08010070        0xb build/obj/lwipthread.o
                                  0xc (size before relaxing)
 *fill*         0x0801007b        0x5 00
 .rodata.ethbroadcast
                0x08010080        0x8 build/obj/etharp.o
                0x08010080                ethbroadcast
 *fill*         0x08010088        0x8 00
 .rodata.ethzero
                0x08010090        0x8 build/obj/etharp.o
                0x08010090                ethzero
 *fill*         0x08010098        0x8 00
 .rodata.memp_num
                0x080100a0       0x1c build/obj/memp.o
 *fill*         0x080100bc        0x4 00
 .rodata.memp_sizes
                0x080100c0       0x1c build/obj/memp.o
 *fill*         0x080100dc        0x4 00
 .rodata.tcp_pcb_lists
                0x080100e0       0x10 build/obj/tcp.o
                0x080100e0                tcp_pcb_lists
 .rodata.tcp_backoff
                0x080100f0       0x10 build/obj/tcp.o
                0x080100f0                tcp_backoff
 .rodata.tcp_persist_backoff
                0x08010100        0x8 build/obj/tcp.o
                0x08010100                tcp_persist_backoff
 *fill*         0x08010108        0x8 00
 .rodata.str1.4
                0x08010110        0xd build/obj/tcpip.o
                                 0x10 (size before relaxing)
 *fill*         0x0801011d        0x3 00
 .rodata.http_index_html
                0x08010120       0x88 build/obj/web.o
 *fill*         0x080101a8        0x8 00
 .rodata.http_html_hdr
                0x080101b0       0x30 build/obj/web.o
 .rodata.str1.4
                0x080101e0        0x8 build/obj/main.o
 *(.glue_7t)
 .glue_7t       0x00000000        0x0 linker stubs
 *(.glue_7)
 .glue_7        0x00000000        0x0 linker stubs
 *(.gcc*)

.vfp11_veneer   0x080101e8        0x0
 .vfp11_veneer  0x00000000        0x0 linker stubs

.v4_bx          0x080101e8        0x0
 .v4_bx         0x00000000        0x0 linker stubs

.iplt           0x080101e8        0x0
 .iplt          0x00000000        0x0 build/obj/crt0.o

.rel.dyn        0x080101e8        0x0
 .rel.iplt      0x00000000        0x0 build/obj/crt0.o

.ARM.extab
 *(.ARM.extab* .gnu.linkonce.armextab.*)

.ARM.exidx      0x080101e8        0x0
                0x080101e8                PROVIDE (__exidx_start, .)
 *(.ARM.exidx* .gnu.linkonce.armexidx.*)
                0x080101e8                PROVIDE (__exidx_end, .)

.eh_frame_hdr
 *(.eh_frame_hdr)

.eh_frame
 *(.eh_frame)

.textalign      0x080101e8        0x0
                0x080101e8                . = ALIGN (0x8)
                0x080101e8                _etext = .
                0x080101e8                _textdata = _etext

.stacks         0x20000000      0x800
                0x20000000                . = ALIGN (0x8)
                0x20000000                __main_stack_base__ = .
                0x20000400                . = (. + __main_stack_size__)
 *fill*         0x20000000      0x400 00
                0x20000400                . = ALIGN (0x8)
                0x20000400                __main_stack_end__ = .
                0x20000400                __process_stack_base__ = .
                0x20000400                __main_thread_stack_base__ = .
                0x20000800                . = (. + __process_stack_size__)
 *fill*         0x20000400      0x400 00
                0x20000800                . = ALIGN (0x8)
                0x20000800                __process_stack_end__ = .
                0x20000800                __main_thread_stack_end__ = .

.data           0x20000800       0xc0 load address 0x080101e8
                0x20000800                . = ALIGN (0x4)
                0x20000800                PROVIDE (_data, .)
 *(.data)
                0x20000800                . = ALIGN (0x4)
 *(.data.*)
 .data.sem1     0x20000800        0xc build/obj/testsem.o
 .data.m1       0x2000080c       0x10 build/obj/testmtx.o
 .data.m2       0x2000081c       0x10 build/obj/testmtx.o
 .data.c1       0x2000082c        0x8 build/obj/testmtx.o
 .data.mb1      0x20000834       0x28 build/obj/testmbox.o
 .data.es1      0x2000085c        0x4 build/obj/testevt.o
 .data.es2      0x20000860        0x4 build/obj/testevt.o
 .data.mp1      0x20000864        0xc build/obj/testpools.o
 .data.oq       0x20000870       0x24 build/obj/testqueues.o
 .data.iq       0x20000894       0x24 build/obj/testqueues.o
 .data.iss.6000
                0x200008b8        0x4 build/obj/tcp.o
 .data.tcp_port
                0x200008bc        0x2 build/obj/tcp.o
 .data.udp_port
                0x200008be        0x2 build/obj/udp.o
                0x200008c0                . = ALIGN (0x4)
 *(.ramtext)
                0x200008c0                . = ALIGN (0x4)
                0x200008c0                PROVIDE (_edata, .)

.igot.plt       0x200008c0        0x0 load address 0x080102a8
 .igot.plt      0x00000000        0x0 build/obj/crt0.o

.bss            0x200008c0     0x7058 load address 0x080102a8
                0x200008c0                . = ALIGN (0x4)
                0x200008c0                PROVIDE (_bss_start, .)
 *(.bss)
                0x200008c0                . = ALIGN (0x4)
 *(.bss.*)
 .bss.mainthread.4776
                0x200008c0       0x48 build/obj/chsys.o
 .bss._idle_thread_wa
                0x20000908       0xc0 build/obj/chsys.o
                0x20000908                _idle_thread_wa
 .bss.vtlist    0x200009c8       0x10 build/obj/chvt.o
                0x200009c8                vtlist
 .bss.rlist     0x200009d8       0x1c build/obj/chschd.o
                0x200009d8                rlist
 .bss.endmem    0x200009f4        0x4 build/obj/chmemcore.o
 .bss.nextmem   0x200009f8        0x4 build/obj/chmemcore.o
 *fill*         0x200009fc        0x4 00
 .bss.default_heap
                0x20000a00       0x20 build/obj/chheap.o
 .bss.test      0x20000a20      0x5f0 build/obj/test.o
                0x20000a20                test
 .bss.failpoint
                0x20001010        0x4 build/obj/test.o
 .bss.local_fail
                0x20001014        0x1 build/obj/test.o
 .bss.test_timer_done
                0x20001015        0x1 build/obj/test.o
                0x20001015                test_timer_done
 *fill*         0x20001016        0x2 00
 .bss.tokp      0x20001018        0x4 build/obj/test.o
 .bss.global_fail
                0x2000101c        0x1 build/obj/test.o
 *fill*         0x2000101d        0x3 00
 .bss.vt        0x20001020       0x14 build/obj/test.o
 .bss.threads   0x20001034       0x14 build/obj/test.o
                0x20001034                threads
 .bss.chp       0x20001048        0x4 build/obj/test.o
 .bss.tokens_buffer
                0x2000104c       0x10 build/obj/test.o
 *fill*         0x2000105c        0x4 00
 .bss.test_heap
                0x20001060       0x20 build/obj/testheap.o
 .bss.mp1       0x20001080        0xc build/obj/testdyn.o
 *fill*         0x2000108c        0x4 00
 .bss.heap1     0x20001090       0x20 build/obj/testdyn.o
 .bss.vt1.4936  0x200010b0       0x14 build/obj/testbmk.o
 .bss.iq.4924   0x200010c4       0x24 build/obj/testbmk.o
 .bss.ib.4923   0x200010e8       0x10 build/obj/testbmk.o
 .bss.mtx1      0x200010f8       0x10 build/obj/testbmk.o
 .bss.sem1      0x20001108        0xc build/obj/testbmk.o
 .bss.vt2.4937  0x20001114       0x14 build/obj/testbmk.o
 .bss.measurement_offset
                0x20001128        0x4 build/obj/tm.o
 .bss.ETHD1     0x2000112c       0x34 build/obj/mac_lld.o
                0x2000112c                ETHD1
 .bss.rb        0x20001160     0x17d0 build/obj/mac_lld.o
 .bss.rd        0x20002930       0x40 build/obj/mac_lld.o
 .bss.tb        0x20002970      0xbe8 build/obj/mac_lld.o
 .bss.td        0x20003558       0x20 build/obj/mac_lld.o
 .bss.SD6       0x20003578       0x78 build/obj/serial_lld.o
                0x20003578                SD6
 .bss.wa_lwip_thread
                0x200035f0      0x2b0 build/obj/lwipthread.o
                0x200035f0                wa_lwip_thread
 .bss.thisif.7295
                0x200038a0       0x30 build/obj/lwipthread.o
 .bss.etharp_cached_entry
                0x200038d0        0x1 build/obj/etharp.o
 *fill*         0x200038d1        0x3 00
 .bss.arp_table
                0x200038d4       0xc8 build/obj/etharp.o
 .bss.ram_heap  0x2000399c      0x654 build/obj/mem.o
                0x2000399c                ram_heap
 .bss.lfree     0x20003ff0        0x4 build/obj/mem.o
 .bss.ram_end   0x20003ff4        0x4 build/obj/mem.o
 .bss.mem_mutex
                0x20003ff8        0x4 build/obj/mem.o
 .bss.ram       0x20003ffc        0x4 build/obj/mem.o
 .bss.memp_memory
                0x20004000     0x3114 build/obj/memp.o
 .bss.memp_tab  0x20007114       0x38 build/obj/memp.o
 .bss.netif_list
                0x2000714c        0x4 build/obj/netif.o
                0x2000714c                netif_list
 .bss.netif_default
                0x20007150        0x4 build/obj/netif.o
                0x20007150                netif_default
 .bss.netif_num
                0x20007154        0x1 build/obj/netif.o
 .bss.pbuf_free_ooseq_pending
                0x20007155        0x1 build/obj/pbuf.o
                0x20007155                pbuf_free_ooseq_pending
 *fill*         0x20007156        0x2 00
 .bss.raw_pcbs  0x20007158        0x4 build/obj/raw.o
 .bss.lwip_stats
                0x2000715c      0x150 build/obj/stats.o
                0x2000715c                lwip_stats
 .bss.tcp_active_pcbs_changed
                0x200072ac        0x1 build/obj/tcp.o
                0x200072ac                tcp_active_pcbs_changed
 *fill*         0x200072ad        0x3 00
 .bss.tcp_ticks
                0x200072b0        0x4 build/obj/tcp.o
                0x200072b0                tcp_ticks
 .bss.tcp_timer
                0x200072b4        0x1 build/obj/tcp.o
 *fill*         0x200072b5        0x3 00
 .bss.tcp_listen_pcbs
                0x200072b8        0x4 build/obj/tcp.o
                0x200072b8                tcp_listen_pcbs
 .bss.tcp_active_pcbs
                0x200072bc        0x4 build/obj/tcp.o
                0x200072bc                tcp_active_pcbs
 .bss.tcp_timer_ctr
                0x200072c0        0x1 build/obj/tcp.o
 *fill*         0x200072c1        0x3 00
 .bss.tcp_tw_pcbs
                0x200072c4        0x4 build/obj/tcp.o
                0x200072c4                tcp_tw_pcbs
 .bss.tcp_tmp_pcb
                0x200072c8        0x4 build/obj/tcp.o
                0x200072c8                tcp_tmp_pcb
 .bss.tcp_bound_pcbs
                0x200072cc        0x4 build/obj/tcp.o
                0x200072cc                tcp_bound_pcbs
 .bss.tcphdr    0x200072d0        0x4 build/obj/tcp_in.o
 .bss.seqno     0x200072d4        0x4 build/obj/tcp_in.o
 .bss.tcplen    0x200072d8        0x2 build/obj/tcp_in.o
 *fill*         0x200072da        0x2 00
 .bss.ackno     0x200072dc        0x4 build/obj/tcp_in.o
 .bss.flags     0x200072e0        0x1 build/obj/tcp_in.o
 .bss.recv_flags
                0x200072e1        0x1 build/obj/tcp_in.o
 *fill*         0x200072e2        0x2 00
 .bss.recv_data
                0x200072e4        0x4 build/obj/tcp_in.o
 .bss.iphdr     0x200072e8        0x4 build/obj/tcp_in.o
 .bss.inseg     0x200072ec       0x10 build/obj/tcp_in.o
 .bss.tcp_input_pcb
                0x200072fc        0x4 build/obj/tcp_in.o
                0x200072fc                tcp_input_pcb
 .bss.udp_pcbs  0x20007300        0x4 build/obj/udp.o
                0x20007300                udp_pcbs
 .bss.current_header
                0x20007304        0x4 build/obj/ip.o
                0x20007304                current_header
 .bss.ip_id     0x20007308        0x2 build/obj/ip.o
 *fill*         0x2000730a        0x2 00
 .bss.current_iphdr_src
                0x2000730c        0x4 build/obj/ip.o
                0x2000730c                current_iphdr_src
 .bss.current_iphdr_dest
                0x20007310        0x4 build/obj/ip.o
                0x20007310                current_iphdr_dest
 .bss.current_netif
                0x20007314        0x4 build/obj/ip.o
                0x20007314                current_netif
 .bss.reassdatagrams
                0x20007318        0x4 build/obj/ip_frag.o
 .bss.ip_reass_pbufcount
                0x2000731c        0x2 build/obj/ip_frag.o
 *fill*         0x2000731e        0x2 00
 .bss.tcpip_tcp_timer_active
                0x20007320        0x4 build/obj/timers.o
 .bss.next_timeout
                0x20007324        0x4 build/obj/timers.o
 .bss.mbox      0x20007328        0x4 build/obj/tcpip.o
 .bss.tcpip_init_done_arg
                0x2000732c        0x4 build/obj/tcpip.o
 .bss.tcpip_init_done
                0x20007330        0x4 build/obj/tcpip.o
 *fill*         0x20007334        0x4 00
 .bss.wa_http_server
                0x20007338      0x4b0 build/obj/web.o
                0x20007338                wa_http_server
 .bss.waThread1
                0x200077e8      0x130 build/obj/main.o
                0x20007918                . = ALIGN (0x4)
 *(COMMON)
                0x20007918                . = ALIGN (0x4)
                0x20007918                PROVIDE (_bss_end, .)
                0x20007918                PROVIDE (end, .)
                0x20007918                _end = .
                0x20007918                __heap_base__ = _end
                0x2001c000                __heap_end__ = __ram_end__
OUTPUT(build/ch.elf elf32-littlearm)

.debug_info     0x00000000    0x3c148
 .debug_info    0x00000000      0x2a8 build/obj/crt0.o
 .debug_info    0x000002a8      0x1f0 build/obj/vectors.o
 .debug_info    0x00000498       0x9a build/obj/chcore.o
 .debug_info    0x00000532      0x89c build/obj/chcore_v7m.o
 .debug_info    0x00000dce      0x455 build/obj/nvic.o
 .debug_info    0x00001223      0x8aa build/obj/chsys.o
 .debug_info    0x00001acd      0x271 build/obj/chvt.o
 .debug_info    0x00001d3e      0x9eb build/obj/chschd.o
 .debug_info    0x00002729      0xc4a build/obj/chthreads.o
 .debug_info    0x00003373      0x903 build/obj/chdynamic.o
 .debug_info    0x00003c76      0x684 build/obj/chregistry.o
 .debug_info    0x000042fa      0xb80 build/obj/chsem.o
 .debug_info    0x00004e7a      0xa47 build/obj/chmtx.o
 .debug_info    0x000058c1      0xa01 build/obj/chcond.o
 .debug_info    0x000062c2      0xe36 build/obj/chevents.o
 .debug_info    0x000070f8      0x6c6 build/obj/chmsg.o
 .debug_info    0x000077be      0xad7 build/obj/chmboxes.o
 .debug_info    0x00008295      0xc7d build/obj/chqueues.o
 .debug_info    0x00008f12      0x22f build/obj/chmemcore.o
 .debug_info    0x00009141      0x739 build/obj/chheap.o
 .debug_info    0x0000987a      0x426 build/obj/chmempools.o
 .debug_info    0x00009ca0     0x1416 build/obj/test.o
 .debug_info    0x0000b0b6      0xd38 build/obj/testthd.o
 .debug_info    0x0000bdee     0x130c build/obj/testsem.o
 .debug_info    0x0000d0fa     0x1e0a build/obj/testmtx.o
 .debug_info    0x0000ef04      0x76b build/obj/testmsg.o
 .debug_info    0x0000f66f     0x13b2 build/obj/testmbox.o
 .debug_info    0x00010a21     0x117c build/obj/testevt.o
 .debug_info    0x00011b9d      0xc4e build/obj/testheap.o
 .debug_info    0x000127eb      0x628 build/obj/testpools.o
 .debug_info    0x00012e13     0x10fe build/obj/testdyn.o
 .debug_info    0x00013f11     0x1a65 build/obj/testqueues.o
 .debug_info    0x00015976     0x1f1e build/obj/testbmk.o
 .debug_info    0x00017894      0x3f4 build/obj/hal.o
 .debug_info    0x00017c88      0xcbf build/obj/mac.o
 .debug_info    0x00018947     0x10bd build/obj/serial.o
 .debug_info    0x00019a04      0x2f3 build/obj/tm.o
 .debug_info    0x00019cf7      0x4cb build/obj/hal_lld.o
 .debug_info    0x0001a1c2     0x1ae0 build/obj/mac_lld.o
 .debug_info    0x0001bca2      0x749 build/obj/pal_lld.o
 .debug_info    0x0001c3eb     0x12b1 build/obj/serial_lld.o
 .debug_info    0x0001d69c      0x215 build/obj/board.o
 .debug_info    0x0001d8b1     0x1579 build/obj/lwipthread.o
 .debug_info    0x0001ee2a     0x10e6 build/obj/sys_arch.o
 .debug_info    0x0001ff10     0x1618 build/obj/etharp.o
 .debug_info    0x00021528      0x14f build/obj/init.o
 .debug_info    0x00021677      0xc0b build/obj/mem.o
 .debug_info    0x00022282      0x50b build/obj/memp.o
 .debug_info    0x0002278d      0xec4 build/obj/netif.o
 .debug_info    0x00023651     0x153b build/obj/pbuf.o
 .debug_info    0x00024b8c      0xa57 build/obj/raw.o
 .debug_info    0x000255e3      0x352 build/obj/stats.o
 .debug_info    0x00025935     0x2136 build/obj/tcp.o
 .debug_info    0x00027a6b     0x1cc7 build/obj/tcp_in.o
 .debug_info    0x00029732     0x1e90 build/obj/tcp_out.o
 .debug_info    0x0002b5c2     0x1199 build/obj/udp.o
 .debug_info    0x0002c75b      0xc88 build/obj/icmp.o
 .debug_info    0x0002d3e3      0x4c5 build/obj/inet_chksum.o
 .debug_info    0x0002d8a8      0xd1b build/obj/ip.o
 .debug_info    0x0002e5c3      0x663 build/obj/ip_addr.o
 .debug_info    0x0002ec26     0x1380 build/obj/ip_frag.o
 .debug_info    0x0002ffa6      0x192 build/obj/def.o
 .debug_info    0x00030138      0xfb6 build/obj/timers.o
 .debug_info    0x000310ee     0x1c10 build/obj/api_lib.o
 .debug_info    0x00032cfe     0x2ab4 build/obj/api_msg.o
 .debug_info    0x000357b2      0x609 build/obj/netbuf.o
 .debug_info    0x00035dbb     0x2efc build/obj/sockets.o
 .debug_info    0x00038cb7     0x1515 build/obj/tcpip.o
 .debug_info    0x0003a1cc      0x70d build/obj/evtimer.o
 .debug_info    0x0003a8d9      0xbe9 build/obj/web.o
 .debug_info    0x0003b4c2      0xc86 build/obj/main.o

.debug_abbrev   0x00000000     0xb3d8
 .debug_abbrev  0x00000000       0xdc build/obj/crt0.o
 .debug_abbrev  0x000000dc       0xb1 build/obj/vectors.o
 .debug_abbrev  0x0000018d       0x44 build/obj/chcore.o
 .debug_abbrev  0x000001d1      0x1d5 build/obj/chcore_v7m.o
 .debug_abbrev  0x000003a6       0xf2 build/obj/nvic.o
 .debug_abbrev  0x00000498      0x220 build/obj/chsys.o
 .debug_abbrev  0x000006b8      0x15e build/obj/chvt.o
 .debug_abbrev  0x00000816      0x340 build/obj/chschd.o
 .debug_abbrev  0x00000b56      0x368 build/obj/chthreads.o
 .debug_abbrev  0x00000ebe      0x23a build/obj/chdynamic.o
 .debug_abbrev  0x000010f8      0x197 build/obj/chregistry.o
 .debug_abbrev  0x0000128f      0x333 build/obj/chsem.o
 .debug_abbrev  0x000015c2      0x332 build/obj/chmtx.o
 .debug_abbrev  0x000018f4      0x2fa build/obj/chcond.o
 .debug_abbrev  0x00001bee      0x359 build/obj/chevents.o
 .debug_abbrev  0x00001f47      0x244 build/obj/chmsg.o
 .debug_abbrev  0x0000218b      0x253 build/obj/chmboxes.o
 .debug_abbrev  0x000023de      0x34c build/obj/chqueues.o
 .debug_abbrev  0x0000272a      0x16c build/obj/chmemcore.o
 .debug_abbrev  0x00002896      0x210 build/obj/chheap.o
 .debug_abbrev  0x00002aa6      0x225 build/obj/chmempools.o
 .debug_abbrev  0x00002ccb      0x52c build/obj/test.o
 .debug_abbrev  0x000031f7      0x2aa build/obj/testthd.o
 .debug_abbrev  0x000034a1      0x318 build/obj/testsem.o
 .debug_abbrev  0x000037b9      0x327 build/obj/testmtx.o
 .debug_abbrev  0x00003ae0      0x22b build/obj/testmsg.o
 .debug_abbrev  0x00003d0b      0x231 build/obj/testmbox.o
 .debug_abbrev  0x00003f3c      0x308 build/obj/testevt.o
 .debug_abbrev  0x00004244      0x22e build/obj/testheap.o
 .debug_abbrev  0x00004472      0x1d9 build/obj/testpools.o
 .debug_abbrev  0x0000464b      0x2bc build/obj/testdyn.o
 .debug_abbrev  0x00004907      0x305 build/obj/testqueues.o
 .debug_abbrev  0x00004c0c      0x38d build/obj/testbmk.o
 .debug_abbrev  0x00004f99      0x1d7 build/obj/hal.o
 .debug_abbrev  0x00005170      0x2aa build/obj/mac.o
 .debug_abbrev  0x0000541a      0x2d5 build/obj/serial.o
 .debug_abbrev  0x000056ef      0x19c build/obj/tm.o
 .debug_abbrev  0x0000588b      0x10e build/obj/hal_lld.o
 .debug_abbrev  0x00005999      0x459 build/obj/mac_lld.o
 .debug_abbrev  0x00005df2      0x1c6 build/obj/pal_lld.o