
Discarded input sections

 .text          0x00000000        0x0 build/obj/crt0.o
 .data          0x00000000        0x0 build/obj/crt0.o
 .bss           0x00000000        0x0 build/obj/crt0.o
 .text.__early_init
                0x00000000       0x10 build/obj/crt0.o
 .text          0x00000000        0x0 build/obj/vectors.o
 .data          0x00000000        0x0 build/obj/vectors.o
 .bss           0x00000000        0x0 build/obj/vectors.o
 .text          0x00000000        0x0 build/obj/chcore.o
 .data          0x00000000        0x0 build/obj/chcore.o
 .bss           0x00000000        0x0 build/obj/chcore.o
 .text.port_halt
                0x00000000       0x10 build/obj/chcore.o
 .debug_info    0x00000000       0x9a build/obj/chcore.o
 .debug_abbrev  0x00000000       0x44 build/obj/chcore.o
 .debug_aranges
                0x00000000       0x20 build/obj/chcore.o
 .debug_ranges  0x00000000       0x10 build/obj/chcore.o
 .debug_line    0x00000000       0x53 build/obj/chcore.o
 .debug_str     0x00000000      0x15d build/obj/chcore.o
 .comment       0x00000000       0x71 build/obj/chcore.o
 .ARM.attributes
                0x00000000       0x33 build/obj/chcore.o
 .debug_frame   0x00000000       0x20 build/obj/chcore.o
 .text          0x00000000        0x0 build/obj/chcore_v7m.o
 .data          0x00000000        0x0 build/obj/chcore_v7m.o
 .bss           0x00000000        0x0 build/obj/chcore_v7m.o
 .text          0x00000000        0x0 build/obj/nvic.o
 .data          0x00000000        0x0 build/obj/nvic.o
 .bss           0x00000000        0x0 build/obj/nvic.o
 .text.nvicDisableVector
                0x00000000       0x40 build/obj/nvic.o
 .text          0x00000000        0x0 build/obj/chsys.o
 .data          0x00000000        0x0 build/obj/chsys.o
 .bss           0x00000000        0x0 build/obj/chsys.o
 .text          0x00000000        0x0 build/obj/chdebug.o
 .data          0x00000000        0x0 build/obj/chdebug.o
 .bss           0x00000000        0x0 build/obj/chdebug.o
 .debug_info    0x00000000       0x79 build/obj/chdebug.o
 .debug_abbrev  0x00000000       0x26 build/obj/chdebug.o
 .debug_aranges
                0x00000000       0x18 build/obj/chdebug.o
 .debug_line    0x00000000       0x1d build/obj/chdebug.o
 .debug_str     0x00000000      0x14e build/obj/chdebug.o
 .comment       0x00000000       0x71 build/obj/chdebug.o
 .ARM.attributes
                0x00000000       0x33 build/obj/chdebug.o
 .text          0x00000000        0x0 build/obj/chlists.o
 .data          0x00000000        0x0 build/obj/chlists.o
 .bss           0x00000000        0x0 build/obj/chlists.o
 .debug_info    0x00000000       0x79 build/obj/chlists.o
 .debug_abbrev  0x00000000       0x26 build/obj/chlists.o
 .debug_aranges
                0x00000000       0x18 build/obj/chlists.o
 .debug_line    0x00000000       0x1d build/obj/chlists.o
 .debug_str     0x00000000      0x14e build/obj/chlists.o
 .comment       0x00000000       0x71 build/obj/chlists.o
 .ARM.attributes
                0x00000000       0x33 build/obj/chlists.o
 .text          0x00000000        0x0 build/obj/chvt.o
 .data          0x00000000        0x0 build/obj/chvt.o
 .bss           0x00000000        0x0 build/obj/chvt.o
 .text          0x00000000        0x0 build/obj/chschd.o
 .data          0x00000000        0x0 build/obj/chschd.o
 .bss           0x00000000        0x0 build/obj/chschd.o
 .text          0x00000000        0x0 build/obj/chthreads.o
 .data          0x00000000        0x0 build/obj/chthreads.o
 .bss           0x00000000        0x0 build/obj/chthreads.o
 .text          0x00000000        0x0 build/obj/chdynamic.o
 .data          0x00000000        0x0 build/obj/chdynamic.o
 .bss           0x00000000        0x0 build/obj/chdynamic.o
 .text          0x00000000        0x0 build/obj/chregistry.o
 .data          0x00000000        0x0 build/obj/chregistry.o
 .bss           0x00000000        0x0 build/obj/chregistry.o
 .text          0x00000000        0x0 build/obj/chsem.o
 .data          0x00000000        0x0 build/obj/chsem.o
 .bss           0x00000000        0x0 build/obj/chsem.o
 .text          0x00000000        0x0 build/obj/chmtx.o
 .data          0x00000000        0x0 build/obj/chmtx.o
 .bss           0x00000000        0x0 build/obj/chmtx.o
 .text.chMtxTryLockS
                0x00000000       0x20 build/obj/chmtx.o
 .text          0x00000000        0x0 build/obj/chcond.o
 .data          0x00000000        0x0 build/obj/chcond.o
 .bss           0x00000000        0x0 build/obj/chcond.o
 .text          0x00000000        0x0 build/obj/chevents.o
 .data          0x00000000        0x0 build/obj/chevents.o
 .bss           0x00000000        0x0 build/obj/chevents.o
 .text.chEvtGetAndClearFlags
                0x00000000       0x20 build/obj/chevents.o
 .text.chEvtGetAndClearFlagsI
                0x00000000       0x10 build/obj/chevents.o
 .text          0x00000000        0x0 build/obj/chmsg.o
 .data          0x00000000        0x0 build/obj/chmsg.o
[...]
Memory Configuration

Name             Origin             Length             Attributes
flash            0x08000000         0x00100000
ram              0x20000000         0x0001c000
ethram           0x2001c000         0x00004000
ccmram           0x10000000         0x00010000
*default*        0x00000000         0xffffffff

Linker script and memory map

LOAD build/obj/crt0.o
LOAD build/obj/vectors.o
LOAD build/obj/chcore.o
LOAD build/obj/chcore_v7m.o
LOAD build/obj/nvic.o
LOAD build/obj/chsys.o
LOAD build/obj/chdebug.o
LOAD build/obj/chlists.o
LOAD build/obj/chvt.o
LOAD build/obj/chschd.o
LOAD build/obj/chthreads.o
LOAD build/obj/chdynamic.o
LOAD build/obj/chregistry.o
LOAD build/obj/chsem.o
LOAD build/obj/chmtx.o
LOAD build/obj/chcond.o
LOAD build/obj/chevents.o
LOAD build/obj/chmsg.o
LOAD build/obj/chmboxes.o
LOAD build/obj/chqueues.o
LOAD build/obj/chmemcore.o
LOAD build/obj/chheap.o
LOAD build/obj/chmempools.o
LOAD build/obj/test.o
LOAD build/obj/testthd.o
LOAD build/obj/testsem.o
LOAD build/obj/testmtx.o
LOAD build/obj/testmsg.o
LOAD build/obj/testmbox.o
LOAD build/obj/testevt.o
LOAD build/obj/testheap.o
LOAD build/obj/testpools.o
LOAD build/obj/testdyn.o
LOAD build/obj/testqueues.o
LOAD build/obj/testbmk.o
LOAD build/obj/hal.o
LOAD build/obj/adc.o
LOAD build/obj/can.o
LOAD build/obj/dac.o
LOAD build/obj/ext.o
LOAD build/obj/gpt.o
LOAD build/obj/i2c.o
LOAD build/obj/icu.o
LOAD build/obj/mac.o
LOAD build/obj/mmc_spi.o
LOAD build/obj/mmcsd.o
LOAD build/obj/pal.o
LOAD build/obj/pwm.o
LOAD build/obj/rtc.o
LOAD build/obj/sdc.o
LOAD build/obj/serial.o
LOAD build/obj/serial_usb.o
LOAD build/obj/spi.o
LOAD build/obj/tm.o
LOAD build/obj/uart.o
LOAD build/obj/usb.o
LOAD build/obj/stm32_dma.o
LOAD build/obj/hal_lld.o
LOAD build/obj/adc_lld.o
LOAD build/obj/ext_lld_isr.o
LOAD build/obj/can_lld.o
LOAD build/obj/ext_lld.o
LOAD build/obj/gpt_lld.o
LOAD build/obj/icu_lld.o
LOAD build/obj/mac_lld.o
LOAD build/obj/pwm_lld.o
LOAD build/obj/sdc_lld.o
LOAD build/obj/pal_lld.o
LOAD build/obj/i2c_lld.o
LOAD build/obj/usb_lld.o
LOAD build/obj/rtc_lld.o
LOAD build/obj/spi_lld.o
LOAD build/obj/serial_lld.o
LOAD build/obj/uart_lld.o
LOAD build/obj/board.o
LOAD build/obj/ch.o
LOAD build/obj/fatfs_fsimpl.o
LOAD build/obj/main.o
START GROUP
LOAD /usr/bin/../lib/gcc/arm-none-eabi/4.7.4/armv7e-m/libgcc.a
LOAD /usr/bin/../lib/gcc/arm-none-eabi/4.7.4/../../../../arm-none-eabi/lib/armv7e-m/libc.a
END GROUP
                0x00000400                __main_stack_size__ = 0x400
                0x00000400                __process_stack_size__ = 0x400
                0x20000000                __ram_start__ = ORIGIN (ram)
                0x0001c000                __ram_size__ = 0x1c000
                0x2001c000                __ram_end__ = (__ram_start__ + __ram_size__)
                0x00000000                . = 0x0
                0x00000000                _text = .

startup         0x08000000      0x188
 *(vectors)
 vectors        0x08000000      0x188 build/obj/vectors.o
                0x08000000                _vectors

constructors    0x08000188        0x4
                0x08000188                PROVIDE (__init_array_start, .)
 *(SORT(.init_array.*))
 *(.init_array)
 .init_array    0x08000188        0x4 build/obj/main.o
                0x0800018c                PROVIDE (__init_array_end, .)

destructors     0x0800018c        0x0
                0x0800018c                PROVIDE (__fini_array_start, .)
 *(.fini_array)
 *(SORT(.fini_array.*))
                0x0800018c                PROVIDE (__fini_array_end, .)

.text           0x08000190     0x7a88
 *(.text.startup.*)
 .text.startup._ZN10chibios_rt10BaseThread4mainEv
                0x08000190       0x10 build/obj/ch.o
                0x08000190                chibios_rt::BaseThread::main()
 .text.startup._ZN13chibios_fatfs17FatFSServerThread4mainEv
                0x080001a0       0x40 build/obj/fatfs_fsimpl.o
                0x080001a0                chibios_fatfs::FatFSServerThread::main()
 .text.startup._ZN15SequencerThread4mainEv
                0x080001e0       0x70 build/obj/main.o
                0x080001e0                SequencerThread::main()
 .text.startup._ZN12TesterThread4mainEv
                0x08000250       0x20 build/obj/main.o
                0x08000250                TesterThread::main()
 .text.startup.main
                0x08000270       0xc0 build/obj/main.o
                0x08000270                main
 .text.startup._GLOBAL__sub_I_main
                0x08000330       0xb0 build/obj/main.o
 *(.text)
 *(.text.*)
 .text.__late_init
                0x080003e0       0x10 build/obj/crt0.o
                0x080003e0                __late_init
 .text._default_exit
                0x080003f0       0x10 build/obj/crt0.o
                0x080003f0                _default_exit
 .text.ResetHandler
                0x08000400      0x1d0 build/obj/crt0.o
                0x08000400                ResetHandler
 .text._unhandled_exception
                0x080005d0       0x10 build/obj/vectors.o
                0x080005d0                Vector58
                0x080005d0                VectorE8
                0x080005d0                Vector9C
                0x080005d0                VectorAC
                0x080005d0                Vector5C
                0x080005d0                NMIVector
                0x080005d0                Vector11C
                0x080005d0                Vector8C
                0x080005d0                VectorDC
                0x080005d0                Vector168
                0x080005d0                Vector110
                0x080005d0                Vector120
                0x080005d0                VectorC8
                0x080005d0                Vector94
                0x080005d0                VectorA8
                0x080005d0                VectorB4
                0x080005d0                Vector74
                0x080005d0                Vector160
                0x080005d0                VectorEC
                0x080005d0                UsageFaultVector
                0x080005d0                DebugMonitorVector
                0x080005d0                Vector40
                0x080005d0                VectorF8
                0x080005d0                Vector108
                0x080005d0                VectorBC
                0x080005d0                Vector150
                0x080005d0                Vector124
                0x080005d0                Vector148
                0x080005d0                PendSVVector
                0x080005d0                Vector118
                0x080005d0                Vector64
                0x080005d0                VectorCC
                0x080005d0                Vector54
                0x080005d0                Vector98
                0x080005d0                Vector138
                0x080005d0                Vector24
                0x080005d0                Vector178
                0x080005d0                Vector84
                0x080005d0                BusFaultVector
                0x080005d0                VectorD0
                0x080005d0                Vector140
                0x080005d0                VectorE4
                0x080005d0                VectorC0
                0x080005d0                Vector158
                0x080005d0                Vector130
                0x080005d0                HardFaultVector
                0x080005d0                Vector134
                0x080005d0                VectorF0
                0x080005d0                Vector12C
                0x080005d0                Vector13C
                0x080005d0                Vector100
                0x080005d0                VectorE0
                0x080005d0                VectorF4
                0x080005d0                MemManageVector
                0x080005d0                Vector6C
                0x080005d0                VectorA0
                0x080005d0                VectorC4
                0x080005d0                Vector7C
                0x080005d0                Vector180
                0x080005d0                VectorB0
                0x080005d0                Vector90
                0x080005d0                Vector114
                0x080005d0                Vector164
                0x080005d0                Vector60
                0x080005d0                Vector1C
                0x080005d0                Vector17C
                0x080005d0                Vector48
                0x080005d0                Vector16C
                0x080005d0                Vector70
                0x080005d0                VectorD4
                0x080005d0                Vector4C
                0x080005d0                Vector144
                0x080005d0                Vector80
                0x080005d0                Vector15C
                0x080005d0                Vector68
                0x080005d0                Vector78
                0x080005d0                _unhandled_exception
                0x080005d0                Vector170
                0x080005d0                Vector88
                0x080005d0                Vector104
                0x080005d0                Vector184
                0x080005d0                Vector10C
                0x080005d0                Vector14C
                0x080005d0                Vector50
                0x080005d0                Vector154
                0x080005d0                Vector44
                0x080005d0                Vector28
                0x080005d0                VectorB8
                0x080005d0                VectorFC
                0x080005d0                Vector34
                0x080005d0                Vector128
                0x080005d0                VectorA4
                0x080005d0                Vector20
                0x080005d0                Vector174
 .text._port_switch_from_isr
                0x080005e0       0x10 build/obj/chcore_v7m.o
                0x080005e0                _port_switch_from_isr
 .text.SVCallVector
                0x080005f0       0x20 build/obj/chcore_v7m.o
                0x080005f0                SVCallVector
 .text._port_init
                0x08000610       0x40 build/obj/chcore_v7m.o
                0x08000610                _port_init
 .text._port_irq_epilogue
                0x08000650       0x70 build/obj/chcore_v7m.o
                0x08000650                _port_irq_epilogue
 .text.SysTickVector
                0x080006c0       0x20 build/obj/chcore_v7m.o
                0x080006c0                SysTickVector
 .text._port_switch
                0x080006e0       0x10 build/obj/chcore_v7m.o
                0x080006e0                _port_switch
 .text._port_thread_start
                0x080006f0       0x10 build/obj/chcore_v7m.o
                0x080006f0                _port_thread_start
 .text.nvicEnableVector
                0x08000700       0x50 build/obj/nvic.o
                0x08000700                nvicEnableVector
 .text.nvicSetSystemHandlerPriority
                0x08000750       0x30 build/obj/nvic.o
                0x08000750                nvicSetSystemHandlerPriority
 .text._idle_thread
                0x08000780       0x20 build/obj/chsys.o
                0x08000780                _idle_thread
 .text.chSysInit
                0x080007a0       0x70 build/obj/chsys.o
                0x080007a0                chSysInit
 .text.chSysTimerHandlerI
                0x08000810       0x60 build/obj/chsys.o
                0x08000810                chSysTimerHandlerI
 .text._vt_init
                0x08000870       0x20 build/obj/chvt.o
                0x08000870                _vt_init
 .text.chVTSetI
                0x08000890       0x40 build/obj/chvt.o
                0x08000890                chVTSetI
 .text.chVTResetI
                0x080008d0       0x30 build/obj/chvt.o
                0x080008d0                chVTResetI
 .text.chTimeIsWithin
                0x08000900       0x30 build/obj/chvt.o
                0x08000900                chTimeIsWithin
 .text.wakeup   0x08000930       0x60 build/obj/chschd.o
 .text._scheduler_init
                0x08000990       0x20 build/obj/chschd.o
                0x08000990                _scheduler_init
 .text.chSchReadyI
                0x080009b0       0x20 build/obj/chschd.o
                0x080009b0                chSchReadyI
 .text.chSchGoSleepS
                0x080009d0       0x30 build/obj/chschd.o
                0x080009d0                chSchGoSleepS
 .text.chSchGoSleepTimeoutS
                0x08000a00       0x40 build/obj/chschd.o
                0x08000a00                chSchGoSleepTimeoutS
 .text.chSchWakeupS
                0x08000a40       0x60 build/obj/chschd.o
                0x08000a40                chSchWakeupS
 .text.chSchDoRescheduleBehind
                0x08000aa0       0x40 build/obj/chschd.o
                0x08000aa0                chSchDoRescheduleBehind
 .text.chSchDoRescheduleAhead
                0x08000ae0       0x40 build/obj/chschd.o
                0x08000ae0                chSchDoRescheduleAhead
 .text.chSchRescheduleS
                0x08000b20       0x20 build/obj/chschd.o
                0x08000b20                chSchRescheduleS
 .text.chSchDoReschedule
                0x08000b40       0x20 build/obj/chschd.o
                0x08000b40                chSchDoReschedule
 .text._thread_init
                0x08000b60       0x50 build/obj/chthreads.o
                0x08000b60                _thread_init
 .text.chThdCreateI
                0x08000bb0       0x70 build/obj/chthreads.o
                0x08000bb0                chThdCreateI
 .text.chThdCreateStatic
                0x08000c20       0x30 build/obj/chthreads.o
                0x08000c20                chThdCreateStatic
 .text.chThdSetPriority
                0x08000c50       0x30 build/obj/chthreads.o
                0x08000c50                chThdSetPriority
 .text.chThdResume
                0x08000c80       0x20 build/obj/chthreads.o
                0x08000c80                chThdResume
 .text.chThdTerminate
                0x08000ca0       0x20 build/obj/chthreads.o
                0x08000ca0                chThdTerminate
 .text.chThdSleep
                0x08000cc0       0x20 build/obj/chthreads.o
                0x08000cc0                chThdSleep
 .text.chThdSleepUntil
                0x08000ce0       0x30 build/obj/chthreads.o
                0x08000ce0                chThdSleepUntil
 .text.chThdYield
                0x08000d10       0x30 build/obj/chthreads.o
                0x08000d10                chThdYield
 .text.chThdExitS
                0x08000d40       0x40 build/obj/chthreads.o
                0x08000d40                chThdExitS
 .text.chThdExit
                0x08000d80       0x10 build/obj/chthreads.o
                0x08000d80                chThdExit
 .text.chThdWait
                0x08000d90       0x40 build/obj/chthreads.o
                0x08000d90                chThdWait
 .text.chThdAddRef
                0x08000dd0       0x20 build/obj/chdynamic.o
                0x08000dd0                chThdAddRef
 .text.chThdRelease
                0x08000df0       0x50 build/obj/chdynamic.o
                0x08000df0                chThdRelease
 .text.chThdCreateFromHeap
                0x08000e40       0x40 build/obj/chdynamic.o
                0x08000e40                chThdCreateFromHeap
 .text.chThdCreateFromMemoryPool
                0x08000e80       0x50 build/obj/chdynamic.o
                0x08000e80                chThdCreateFromMemoryPool
 .text.chRegFirstThread
                0x08000ed0       0x20 build/obj/chregistry.o
                0x08000ed0                chRegFirstThread
 .text.chRegNextThread
                0x08000ef0       0x30 build/obj/chregistry.o
                0x08000ef0                chRegNextThread
 .text.chSemInit
                0x08000f20       0x10 build/obj/chsem.o
                0x08000f20                chSemInit
 .text.chSemResetI
                0x08000f30       0x70 build/obj/chsem.o
                0x08000f30                chSemResetI
 .text.chSemReset
                0x08000fa0       0x20 build/obj/chsem.o
                0x08000fa0                chSemReset
 .text.chSemWaitS
                0x08000fc0       0x40 build/obj/chsem.o
                0x08000fc0                chSemWaitS
 .text.chSemWait
                0x08001000       0x20 build/obj/chsem.o
                0x08001000                chSemWait
 .text.chSemWaitTimeoutS
                0x08001020       0x40 build/obj/chsem.o
                0x08001020                chSemWaitTimeoutS
 .text.chSemWaitTimeout
                0x08001060       0x20 build/obj/chsem.o
                0x08001060                chSemWaitTimeout
 .text.chSemSignal
                0x08001080       0x30 build/obj/chsem.o
                0x08001080                chSemSignal
 .text.chSemSignalI
                0x080010b0       0x20 build/obj/chsem.o
                0x080010b0                chSemSignalI
 .text.chSemAddCounterI
                0x080010d0       0xa0 build/obj/chsem.o
                0x080010d0                chSemAddCounterI
 .text.chSemSignalWait
                0x08001170       0x70 build/obj/chsem.o
                0x08001170                chSemSignalWait
 .text.chMtxInit
                0x080011e0       0x10 build/obj/chmtx.o
                0x080011e0                chMtxInit
 .text.chMtxLockS
                0x080011f0       0xd0 build/obj/chmtx.o
                0x080011f0                chMtxLockS
 .text.chMtxLock
                0x080012c0       0x20 build/obj/chmtx.o
                0x080012c0                chMtxLock
 .text.chMtxTryLock
                0x080012e0       0x30 build/obj/chmtx.o
                0x080012e0                chMtxTryLock
 .text.chMtxUnlock
                0x08001310       0x60 build/obj/chmtx.o
                0x08001310                chMtxUnlock
 .text.chMtxUnlockS
                0x08001370       0x50 build/obj/chmtx.o
                0x08001370                chMtxUnlockS
 .text.chMtxUnlockAll
                0x080013c0       0x60 build/obj/chmtx.o
                0x080013c0                chMtxUnlockAll
 .text.chCondInit
                0x08001420       0x10 build/obj/chcond.o
                0x08001420                chCondInit
 .text.chCondSignal
                0x08001430       0x30 build/obj/chcond.o
                0x08001430                chCondSignal
 .text.chCondSignalI
                0x08001460       0x20 build/obj/chcond.o
                0x08001460                chCondSignalI
 .text.chCondBroadcastI
                0x08001480       0x30 build/obj/chcond.o
                0x08001480                chCondBroadcastI
 .text.chCondBroadcast
                0x080014b0       0x20 build/obj/chcond.o
                0x080014b0                chCondBroadcast
 .text.chCondWaitS
                0x080014d0       0x50 build/obj/chcond.o
                0x080014d0                chCondWaitS
 .text.chCondWait
                0x08001520       0x20 build/obj/chcond.o
                0x08001520                chCondWait
 .text.chCondWaitTimeoutS
                0x08001540       0x50 build/obj/chcond.o
                0x08001540                chCondWaitTimeoutS
 .text.chCondWaitTimeout
                0x08001590       0x20 build/obj/chcond.o
                0x08001590                chCondWaitTimeout
 .text.chEvtRegisterMask
                0x080015b0       0x30 build/obj/chevents.o
                0x080015b0                chEvtRegisterMask
 .text.chEvtUnregister
                0x080015e0       0x30 build/obj/chevents.o
                0x080015e0                chEvtUnregister
 .text.chEvtGetAndClearEvents
                0x08001610       0x30 build/obj/chevents.o
                0x08001610                chEvtGetAndClearEvents
 .text.chEvtAddEvents
                0x08001640       0x20 build/obj/chevents.o
                0x08001640                chEvtAddEvents
 .text.chEvtSignalI
                0x08001660       0x30 build/obj/chevents.o
                0x08001660                chEvtSignalI
 .text.chEvtSignal
                0x08001690       0x20 build/obj/chevents.o
                0x08001690                chEvtSignal
 .text.chEvtBroadcastFlagsI
                0x080016b0       0x20 build/obj/chevents.o
                0x080016b0                chEvtBroadcastFlagsI
 .text.chEvtBroadcastFlags
                0x080016d0       0x20 build/obj/chevents.o
                0x080016d0                chEvtBroadcastFlags
 .text.chEvtDispatch
                0x080016f0       0x30 build/obj/chevents.o
                0x080016f0                chEvtDispatch
 .text.chEvtWaitOne
                0x08001720       0x40 build/obj/chevents.o
                0x08001720                chEvtWaitOne
 .text.chEvtWaitAny
                0x08001760       0x40 build/obj/chevents.o
                0x08001760                chEvtWaitAny
 .text.chEvtWaitAll
                0x080017a0       0x40 build/obj/chevents.o
                0x080017a0                chEvtWaitAll
 .text.chEvtWaitOneTimeout
                0x080017e0       0x50 build/obj/chevents.o
                0x080017e0                chEvtWaitOneTimeout
 .text.chEvtWaitAnyTimeout
                0x08001830       0x50 build/obj/chevents.o
                0x08001830                chEvtWaitAnyTimeout
 .text.chEvtWaitAllTimeout
                0x08001880       0x60 build/obj/chevents.o
                0x08001880                chEvtWaitAllTimeout
 .text.chMsgSend
                0x080018e0       0x40 build/obj/chmsg.o
                0x080018e0                chMsgSend
 .text.chMsgWait
                0x08001920       0x40 build/obj/chmsg.o
                0x08001920                chMsgWait
 .text.chMsgRelease
                0x08001960       0x20 build/obj/chmsg.o
                0x08001960                chMsgRelease
 .text.chMBInit
                0x08001980       0x30 build/obj/chmboxes.o
                0x08001980                chMBInit
 .text.chMBReset
                0x080019b0       0x40 build/obj/chmboxes.o
                0x080019b0                chMBReset
 .text.chMBPostS
                0x080019f0       0x40 build/obj/chmboxes.o
                0x080019f0                chMBPostS
 .text.chMBPost
                0x08001a30       0x20 build/obj/chmboxes.o
                0x08001a30                chMBPost
 .text.chMBPostI
                0x08001a50       0x30 build/obj/chmboxes.o
                0x08001a50                chMBPostI
 .text.chMBPostAheadS
                0x08001a80       0x40 build/obj/chmboxes.o
                0x08001a80                chMBPostAheadS
 .text.chMBPostAhead
                0x08001ac0       0x20 build/obj/chmboxes.o
                0x08001ac0                chMBPostAhead
 .text.chMBPostAheadI
                0x08001ae0       0x30 build/obj/chmboxes.o
                0x08001ae0                chMBPostAheadI
 .text.chMBFetchS
                0x08001b10       0x40 build/obj/chmboxes.o
                0x08001b10                chMBFetchS
 .text.chMBFetch
                0x08001b50       0x20 build/obj/chmboxes.o
                0x08001b50                chMBFetch
 .text.chMBFetchI
                0x08001b70       0x30 build/obj/chmboxes.o
                0x08001b70                chMBFetchI
 .text.qwait    0x08001ba0       0x30 build/obj/chqueues.o
 .text.chIQInit
                0x08001bd0       0x20 build/obj/chqueues.o
                0x08001bd0                chIQInit
 .text.chIQResetI
                0x08001bf0       0x30 build/obj/chqueues.o
                0x08001bf0                chIQResetI
 .text.chIQPutI
                0x08001c20       0x50 build/obj/chqueues.o
                0x08001c20                chIQPutI
 .text.chIQGetTimeout
                0x08001c70       0x50 build/obj/chqueues.o
                0x08001c70                chIQGetTimeout
 .text.chIQReadTimeout
                0x08001cc0       0x80 build/obj/chqueues.o
                0x08001cc0                chIQReadTimeout
 .text.chOQInit
                0x08001d40       0x20 build/obj/chqueues.o
                0x08001d40                chOQInit
 .text.chOQResetI
                0x08001d60       0x30 build/obj/chqueues.o
                0x08001d60                chOQResetI
 .text.chOQPutTimeout
                0x08001d90       0x50 build/obj/chqueues.o
                0x08001d90                chOQPutTimeout
 .text.chOQGetI
                0x08001de0       0x50 build/obj/chqueues.o
                0x08001de0                chOQGetI
 .text.chOQWriteTimeout
                0x08001e30       0x80 build/obj/chqueues.o
                0x08001e30                chOQWriteTimeout
 .text._core_init
                0x08001eb0       0x30 build/obj/chmemcore.o
                0x08001eb0                _core_init
 .text.chCoreAlloc
                0x08001ee0       0x40 build/obj/chmemcore.o
                0x08001ee0                chCoreAlloc
 .text.chCoreStatus
                0x08001f20       0x20 build/obj/chmemcore.o
                0x08001f20                chCoreStatus
 .text._heap_init
                0x08001f40       0x20 build/obj/chheap.o
                0x08001f40                _heap_init
 .text.chHeapInit
                0x08001f60       0x20 build/obj/chheap.o
                0x08001f60                chHeapInit
 .text.chHeapAlloc
                0x08001f80       0x90 build/obj/chheap.o
                0x08001f80                chHeapAlloc
 .text.chHeapFree
                0x08002010       0x90 build/obj/chheap.o
                0x08002010                chHeapFree
 .text.chHeapStatus
                0x080020a0       0x40 build/obj/chheap.o
                0x080020a0                chHeapStatus
 .text.chPoolInit
                0x080020e0       0x10 build/obj/chmempools.o
                0x080020e0                chPoolInit
 .text.chPoolLoadArray
                0x080020f0       0x80 build/obj/chmempools.o
                0x080020f0                chPoolLoadArray
 .text.chPoolAlloc
                0x08002170       0x30 build/obj/chmempools.o
                0x08002170                chPoolAlloc
 .text.chPoolFree
                0x080021a0       0x20 build/obj/chmempools.o
                0x080021a0                chPoolFree
 .text.tmr      0x080021c0       0x10 build/obj/test.o
 .text.print_line
                0x080021d0       0x40 build/obj/test.o
 .text.test_printn
                0x08002210       0x90 build/obj/test.o
                0x08002210                test_printn
 .text.test_print
                0x080022a0       0x20 build/obj/test.o
                0x080022a0                test_print
 .text.test_println
                0x080022c0       0x30 build/obj/test.o
                0x080022c0                test_println
 .text.test_emit_token
                0x080022f0       0x20 build/obj/test.o
                0x080022f0                test_emit_token
 .text._test_assert
                0x08002310       0x30 build/obj/test.o
                0x08002310                _test_assert
 .text._test_assert_sequence
                0x08002340       0x80 build/obj/test.o
                0x08002340                _test_assert_sequence
 .text._test_assert_time_window
                0x080023c0       0x30 build/obj/test.o
                0x080023c0                _test_assert_time_window
 .text.test_terminate_threads
                0x080023f0       0x40 build/obj/test.o
                0x080023f0                test_terminate_threads
 .text.test_wait_threads
                0x08002430       0x50 build/obj/test.o
                0x08002430                test_wait_threads
 .text.test_cpu_pulse
                0x08002480       0x50 build/obj/test.o
                0x08002480                test_cpu_pulse
 .text.test_wait_tick
                0x080024d0       0x20 build/obj/test.o
                0x080024d0                test_wait_tick
 .text.test_start_timer
                0x080024f0       0x50 build/obj/test.o
                0x080024f0                test_start_timer
 .text.TestThread
                0x08002540      0x320 build/obj/test.o
                0x08002540                TestThread
 .text.thd3_execute
                0x08002860      0x140 build/obj/testthd.o
 .text.thd2_execute
                0x080029a0       0xf0 build/obj/testthd.o
 .text.thd1_execute
                0x08002a90       0xf0 build/obj/testthd.o
 .text.thread   0x08002b80       0x10 build/obj/testthd.o
 .text.thd4_execute
                0x08002b90       0x80 build/obj/testthd.o
 .text.sem3_setup
                0x08002c10       0x10 build/obj/testsem.o
 .text.sem2_setup
                0x08002c20       0x10 build/obj/testsem.o
 .text.sem1_setup
                0x08002c30       0x10 build/obj/testsem.o
 .text.sem4_execute
                0x08002c40      0x100 build/obj/testsem.o
 .text.thread4  0x08002d40       0x30 build/obj/testsem.o
 .text.thread3  0x08002d70       0x20 build/obj/testsem.o
 .text.thread1  0x08002d90       0x20 build/obj/testsem.o
 .text.thread2  0x08002db0       0x30 build/obj/testsem.o
 .text.sem1_execute
                0x08002de0      0x150 build/obj/testsem.o
 .text.sem3_execute
                0x08002f30       0xa0 build/obj/testsem.o
 .text.sem2_execute
                0x08002fd0      0x2a0 build/obj/testsem.o
 .text.mtx8_execute
                0x08003270       0xb0 build/obj/testmtx.o
 .text.thread12
                0x08003320       0x20 build/obj/testmtx.o
 .text.thread1  0x08003340       0x20 build/obj/testmtx.o
 .text.thread10
                0x08003360       0x30 build/obj/testmtx.o
 .text.thread11
                0x08003390       0x40 build/obj/testmtx.o
 .text.mtx8_setup
                0x080033d0       0x30 build/obj/testmtx.o
 .text.mtx7_setup
                0x08003400       0x20 build/obj/testmtx.o
 .text.mtx6_setup
                0x08003420       0x20 build/obj/testmtx.o
 .text.mtx5_setup
                0x08003440       0x10 build/obj/testmtx.o
 .text.mtx4_setup
                0x08003450       0x20 build/obj/testmtx.o
 .text.mtx3_setup
                0x08003470       0x20 build/obj/testmtx.o
 .text.mtx2_setup
                0x08003490       0x10 build/obj/testmtx.o
 .text.mtx1_setup
                0x080034a0       0x10 build/obj/testmtx.o
 .text.mtx7_execute
                0x080034b0       0xd0 build/obj/testmtx.o
 .text.mtx6_execute
                0x08003580      0x100 build/obj/testmtx.o
 .text.mtx1_execute
                0x08003680       0xe0 build/obj/testmtx.o
 .text.mtx5_execute
                0x08003760       0xd0 build/obj/testmtx.o
 .text.mtx4_execute
                0x08003830      0x270 build/obj/testmtx.o
 .text.thread4b
                0x08003aa0       0x20 build/obj/testmtx.o
 .text.thread4a
                0x08003ac0       0x20 build/obj/testmtx.o
 .text.mtx3_execute
                0x08003ae0       0xf0 build/obj/testmtx.o
 .text.mtx2_execute
                0x08003bd0       0xb0 build/obj/testmtx.o
 .text.thread3HH
                0x08003c80       0x30 build/obj/testmtx.o
 .text.thread3H
                0x08003cb0       0x20 build/obj/testmtx.o
 .text.thread3M
                0x08003cd0       0x30 build/obj/testmtx.o
 .text.thread3L
                0x08003d00       0x50 build/obj/testmtx.o
 .text.thread3LL
                0x08003d50       0x30 build/obj/testmtx.o
 .text.thread2L
                0x08003d80       0x30 build/obj/testmtx.o
 .text.thread2M
                0x08003db0       0x20 build/obj/testmtx.o
 .text.thread2H
                0x08003dd0       0x30 build/obj/testmtx.o
 .text.msg1_execute
                0x08003e00       0x90 build/obj/testmsg.o
 .text.thread   0x08003e90       0x20 build/obj/testmsg.o
 .text.mbox1_execute
                0x08003eb0      0x690 build/obj/testmbox.o
 .text.mbox1_setup
                0x08004540       0x20 build/obj/testmbox.o
 .text.evt3_setup
                0x08004560       0x10 build/obj/testevt.o
 .text.evt2_setup
                0x08004570       0x10 build/obj/testevt.o
 .text.evt1_setup
                0x08004580       0x10 build/obj/testevt.o
 .text.evt2_execute
                0x08004590      0x260 build/obj/testevt.o
 .text.thread2  0x080047f0       0x30 build/obj/testevt.o
 .text.thread1  0x08004820       0x20 build/obj/testevt.o
 .text.evt1_execute
                0x08004840       0x90 build/obj/testevt.o
 .text.h3       0x080048d0       0x10 build/obj/testevt.o
 .text.h2       0x080048e0       0x10 build/obj/testevt.o
 .text.h1       0x080048f0       0x10 build/obj/testevt.o
 .text.evt3_execute
                0x08004900       0xb0 build/obj/testevt.o
 .text.heap1_execute
                0x080049b0      0x250 build/obj/testheap.o
 .text.heap1_setup
                0x08004c00       0x20 build/obj/testheap.o
 .text.null_provider
                0x08004c20       0x10 build/obj/testpools.o
 .text.pools1_setup
                0x08004c30       0x20 build/obj/testpools.o
 .text.pools1_execute
                0x08004c50      0x170 build/obj/testpools.o
 .text.regfind  0x08004dc0       0x30 build/obj/testdyn.o
 .text.dyn3_execute
                0x08004df0      0x140 build/obj/testdyn.o
 .text.thread   0x08004f30       0x10 build/obj/testdyn.o
 .text.dyn3_setup
                0x08004f40       0x20 build/obj/testdyn.o
 .text.dyn1_setup
                0x08004f60       0x20 build/obj/testdyn.o
 .text.dyn2_execute
                0x08004f80      0x140 build/obj/testdyn.o
 .text.dyn2_setup
                0x080050c0       0x20 build/obj/testdyn.o
 .text.dyn1_execute
                0x080050e0       0xf0 build/obj/testdyn.o
 .text.notify   0x080051d0       0x10 build/obj/testqueues.o
 .text.thread2  0x080051e0       0x20 build/obj/testqueues.o
 .text.queues2_setup
                0x08005200       0x30 build/obj/testqueues.o
 .text.thread1  0x08005230       0x20 build/obj/testqueues.o
 .text.queues1_setup
                0x08005250       0x30 build/obj/testqueues.o
 .text.queues2_execute
                0x08005280      0x2d0 build/obj/testqueues.o
 .text.queues1_execute
                0x08005550      0x300 build/obj/testqueues.o
 .text.thread2  0x08005850       0x10 build/obj/testbmk.o
 .text.tmo      0x08005860       0x10 build/obj/testbmk.o
 .text.bmk13_execute
                0x08005870      0x100 build/obj/testbmk.o
 .text.bmk12_execute
                0x08005970       0x70 build/obj/testbmk.o
 .text.bmk12_setup
                0x080059e0       0x10 build/obj/testbmk.o
 .text.thread3  0x080059f0       0x30 build/obj/testbmk.o
 .text.bmk11_execute
                0x08005a20       0x70 build/obj/testbmk.o
 .text.bmk11_setup
                0x08005a90       0x10 build/obj/testbmk.o
 .text.bmk7_setup
                0x08005aa0       0x10 build/obj/testbmk.o
 .text.bmk10_execute
                0x08005ab0       0x80 build/obj/testbmk.o
 .text.bmk9_execute
                0x08005b30       0xb0 build/obj/testbmk.o
 .text.bmk6_execute
                0x08005be0       0x70 build/obj/testbmk.o
 .text.bmk8_execute
                0x08005c50       0xf0 build/obj/testbmk.o
 .text.thread8  0x08005d40       0x40 build/obj/testbmk.o
 .text.bmk7_execute
                0x08005d80      0x110 build/obj/testbmk.o
 .text.bmk5_execute
                0x08005e90       0x80 build/obj/testbmk.o
 .text.bmk4_execute
                0x08005f10       0xc0 build/obj/testbmk.o
 .text.msg_loop_test
                0x08005fd0       0x40 build/obj/testbmk.o
 .text.bmk3_execute
                0x08006010       0xe0 build/obj/testbmk.o
 .text.bmk2_execute
                0x080060f0       0x80 build/obj/testbmk.o
 .text.bmk1_execute
                0x08006170       0x80 build/obj/testbmk.o
 .text.thread1  0x080061f0       0x20 build/obj/testbmk.o
 .text.thread4  0x08006210       0x30 build/obj/testbmk.o
                0x08006210                thread4
 .text.halInit  0x08006240       0x20 build/obj/hal.o
                0x08006240                halInit
 .text.readt    0x08006260       0x10 build/obj/serial.o
 .text.read     0x08006270       0x10 build/obj/serial.o
 .text.writet   0x08006280       0x10 build/obj/serial.o
 .text.write    0x08006290       0x10 build/obj/serial.o
 .text.gett     0x080062a0       0x10 build/obj/serial.o
 .text.get      0x080062b0       0x10 build/obj/serial.o
 .text.putt     0x080062c0       0x10 build/obj/serial.o
 .text.put      0x080062d0       0x10 build/obj/serial.o
 .text.sdInit   0x080062e0       0x10 build/obj/serial.o
                0x080062e0                sdInit
 .text.sdObjectInit
                0x080062f0       0x50 build/obj/serial.o
                0x080062f0                sdObjectInit
 .text.sdStart  0x08006340       0x20 build/obj/serial.o
                0x08006340                sdStart
 .text.sdIncomingDataI
                0x08006360       0x40 build/obj/serial.o
                0x08006360                sdIncomingDataI
 .text.hal_lld_init
                0x080063a0       0x90 build/obj/hal_lld.o
                0x080063a0                hal_lld_init
 .text.stm32_clock_init
                0x08006430       0xe0 build/obj/hal_lld.o
                0x08006430                stm32_clock_init
 .text._pal_lld_init
                0x08006510      0x1b0 build/obj/pal_lld.o
                0x08006510                _pal_lld_init
 .text._pal_lld_setgroupmode
                0x080066c0       0xd0 build/obj/pal_lld.o
                0x080066c0                _pal_lld_setgroupmode
 .text.notify2  0x08006790       0x20 build/obj/serial_lld.o
 .text.VectorD8
                0x080067b0      0x130 build/obj/serial_lld.o
                0x080067b0                VectorD8
 .text.sd_lld_init
                0x080068e0       0x30 build/obj/serial_lld.o
                0x080068e0                sd_lld_init
 .text.sd_lld_start
                0x08006910       0xb0 build/obj/serial_lld.o
                0x08006910                sd_lld_start
 .text.__early_init
                0x080069c0       0x10 build/obj/board.o
                0x080069c0                __early_init
 .text.boardInit
                0x080069d0       0x10 build/obj/board.o
                0x080069d0                boardInit
 .text._ZN10chibios_rt15ThreadReference4stopEv
                0x080069e0       0x10 build/obj/ch.o
                0x080069e0                chibios_rt::ThreadReference::stop()
 .text._ZN10chibios_rt10BaseThread5startEm
                0x080069f0       0x10 build/obj/ch.o
                0x080069f0                chibios_rt::BaseThread::start(unsigned long)
 .text._ZN10chibios_rt6System4initEv
                0x08006a00       0x10 build/obj/ch.o
                0x08006a00                chibios_rt::System::init()
 .text._ZN10chibios_rt15ThreadReference4waitEv
                0x08006a10       0x10 build/obj/ch.o
                0x08006a10                chibios_rt::ThreadReference::wait()
 .text._ZN10chibios_rt15ThreadReference11sendMessageEl
                0x08006a20       0x10 build/obj/ch.o
                0x08006a20                chibios_rt::ThreadReference::sendMessage(long)
 .text._ZN10chibios_rt15ThreadReference10getMessageEv
                0x08006a30       0x10 build/obj/ch.o
                0x08006a30                chibios_rt::ThreadReference::getMessage()
 .text._ZN10chibios_rt15ThreadReference14releaseMessageEl
                0x08006a40       0x10 build/obj/ch.o
                0x08006a40                chibios_rt::ThreadReference::releaseMessage(long)
 .text._ZN10chibios_rt10BaseThreadC2Ev
                0x08006a50       0x10 build/obj/ch.o
                0x08006a50                chibios_rt::BaseThread::BaseThread()
                0x08006a50                chibios_rt::BaseThread::BaseThread()
 .text._ZN10chibios_rt10_thd_startEPv
                0x08006a60       0x10 build/obj/ch.o
                0x08006a60                chibios_rt::_thd_start(void*)
 .text._ZN10chibios_rt10BaseThread7setNameEPKc
                0x08006a70       0x10 build/obj/ch.o
                0x08006a70                chibios_rt::BaseThread::setName(char const*)
 .text._ZN10chibios_rt10BaseThread5sleepEm
                0x08006a80       0x10 build/obj/ch.o
                0x08006a80                chibios_rt::BaseThread::sleep(unsigned long)
 .text._ZN10chibios_rt10BaseThread11waitMessageEv
                0x08006a90       0x20 build/obj/ch.o
                0x08006a90                chibios_rt::BaseThread::waitMessage()
 .text._ZN10chibios_rt10MemoryPoolC2EjPFPvjE
                0x08006ab0       0x10 build/obj/ch.o
                0x08006ab0                chibios_rt::MemoryPool::MemoryPool(unsigned int, void* (*)(unsigned int))
                0x08006ab0                chibios_rt::MemoryPool::MemoryPool(unsigned int, void* (*)(unsigned int))
 .text._ZN10chibios_rt10MemoryPool9loadArrayEPvj
                0x08006ac0       0x10 build/obj/ch.o
                0x08006ac0                chibios_rt::MemoryPool::loadArray(void*, unsigned int)
 .text._ZN13chibios_fatfs12FatFSWrapper20getAndClearLastErrorEv
                0x08006ad0       0x10 build/obj/fatfs_fsimpl.o
                0x08006ad0                chibios_fatfs::FatFSWrapper::getAndClearLastError()
 .text._ZN13chibios_fatfs12FatFSWrapper11synchronizeEv
                0x08006ae0       0x10 build/obj/fatfs_fsimpl.o
                0x08006ae0                chibios_fatfs::FatFSWrapper::synchronize()
 .text._ZN13chibios_fatfs12FatFSWrapper6removeEPKc
                0x08006af0       0x10 build/obj/fatfs_fsimpl.o
                0x08006af0                chibios_fatfs::FatFSWrapper::remove(char const*)
 .text._ZN13chibios_fatfs12FatFSWrapper4openEPKc
                0x08006b00       0x10 build/obj/fatfs_fsimpl.o
                0x08006b00                chibios_fatfs::FatFSWrapper::open(char const*)
 .text._ZN13chibios_fatfs12FatFSWrapper11openForReadEPKc
                0x08006b10       0x10 build/obj/fatfs_fsimpl.o
                0x08006b10                chibios_fatfs::FatFSWrapper::openForRead(char const*)
 .text._ZN13chibios_fatfs12FatFSWrapper12openForWriteEPKc
                0x08006b20       0x10 build/obj/fatfs_fsimpl.o
                0x08006b20                chibios_fatfs::FatFSWrapper::openForWrite(char const*)
 .text._ZN13chibios_fatfs12FatFSWrapper6createEPKc
                0x08006b30       0x10 build/obj/fatfs_fsimpl.o
                0x08006b30                chibios_fatfs::FatFSWrapper::create(char const*)
 .text._ZN13chibios_fatfs12FatFSWrapper5closeEPN10chibios_fs23BaseFileStreamInterfaceE
                0x08006b40       0x10 build/obj/fatfs_fsimpl.o
                0x08006b40                chibios_fatfs::FatFSWrapper::close(chibios_fs::BaseFileStreamInterface*)
 .text._ZN10chibios_rt16BaseStaticThreadILi1024EE5startEm
                0x08006b50       0x30 build/obj/fatfs_fsimpl.o
                0x08006b50                chibios_rt::BaseStaticThread<1024>::start(unsigned long)
 .text._ZN13chibios_fatfs17FatFSServerThread4stopEv
                0x08006b80       0x20 build/obj/fatfs_fsimpl.o
                0x08006b80                chibios_fatfs::FatFSServerThread::stop()
 .text._ZN13chibios_fatfs14FatFSFilesPoolC2Ev
                0x08006ba0       0x20 build/obj/fatfs_fsimpl.o
                0x08006ba0                chibios_fatfs::FatFSFilesPool::FatFSFilesPool()
                0x08006ba0                chibios_fatfs::FatFSFilesPool::FatFSFilesPool()
 .text._ZN13chibios_fatfs17FatFSServerThreadC2Ev
                0x08006bc0       0x20 build/obj/fatfs_fsimpl.o
                0x08006bc0                chibios_fatfs::FatFSServerThread::FatFSServerThread()
                0x08006bc0                chibios_fatfs::FatFSServerThread::FatFSServerThread()
 .text._ZN13chibios_fatfs12FatFSWrapperC2Ev
                0x08006be0       0x20 build/obj/fatfs_fsimpl.o
                0x08006be0                chibios_fatfs::FatFSWrapper::FatFSWrapper()
                0x08006be0                chibios_fatfs::FatFSWrapper::FatFSWrapper()
 .text._ZN13chibios_fatfs12FatFSWrapper5mountEv
                0x08006c00       0x30 build/obj/fatfs_fsimpl.o
                0x08006c00                chibios_fatfs::FatFSWrapper::mount()
 .text._ZN13chibios_fatfs12FatFSWrapper7unmountEv
                0x08006c30       0x10 build/obj/fatfs_fsimpl.o
                0x08006c30                chibios_fatfs::FatFSWrapper::unmount()
 .text._ZN10chibios_rt16BaseStaticThreadILi256EE5startEm
                0x08006c40       0x30 build/obj/main.o
                0x08006c40                chibios_rt::BaseStaticThread<256>::start(unsigned long)
 .text._ZN10chibios_rt16BaseStaticThreadILi128EE5startEm
                0x08006c70       0x30 build/obj/main.o
                0x08006c70                chibios_rt::BaseStaticThread<128>::start(unsigned long)
 *(.rodata)
 *(.rodata.*)
 .rodata.str1.4
                0x08006ca0        0x5 build/obj/chsys.o
                                  0x8 (size before relaxing)
 *fill*         0x08006ca5        0xb 00
 .rodata.ch_debug
                0x08006cb0       0x18 build/obj/chregistry.o
                0x08006cb0                ch_debug
 *fill*         0x08006cc8        0x8 00
 .rodata.wa     0x08006cd0       0x14 build/obj/test.o
                0x08006cd0                wa
 *fill*         0x08006ce4        0xc 00
 .rodata.str1.4
                0x08006cf0      0x20b build/obj/test.o
                                0x218 (size before relaxing)
 *fill*         0x08006efb        0x5 00
 .rodata.patterns
                0x08006f00       0x30 build/obj/test.o
 .rodata.testthd1
                0x08006f30       0x10 build/obj/testthd.o
                0x08006f30                testthd1
 .rodata.testthd2
                0x08006f40       0x10 build/obj/testthd.o
                0x08006f40                testthd2
 .rodata.testthd3
                0x08006f50       0x10 build/obj/testthd.o
                0x08006f50                testthd3
 .rodata.testthd4
                0x08006f60       0x10 build/obj/testthd.o
                0x08006f60                testthd4
 .rodata.patternthd
                0x08006f70       0x14 build/obj/testthd.o
                0x08006f70                patternthd
 *fill*         0x08006f84        0xc 00
 .rodata.str1.4
                0x08006f90       0x7b build/obj/testthd.o
                                 0x80 (size before relaxing)
 *fill*         0x0800700b        0x5 00
 .rodata.testsem1
                0x08007010       0x10 build/obj/testsem.o
                0x08007010                testsem1
 .rodata.testsem2
                0x08007020       0x10 build/obj/testsem.o
                0x08007020                testsem2
 .rodata.testsem3
                0x08007030       0x10 build/obj/testsem.o
                0x08007030                testsem3
 .rodata.testsem4
                0x08007040       0x10 build/obj/testsem.o
                0x08007040                testsem4
 .rodata.patternsem
                0x08007050       0x14 build/obj/testsem.o
                0x08007050                patternsem
 *fill*         0x08007064        0xc 00
 .rodata.str1.4
                0x08007070       0x6e build/obj/testsem.o
                                 0x8c (size before relaxing)
 *fill*         0x080070de        0x2 00
 .rodata.testmtx5
                0x080070e0       0x10 build/obj/testmtx.o
                0x080070e0                testmtx5
 .rodata.testmtx6
                0x080070f0       0x10 build/obj/testmtx.o
                0x080070f0                testmtx6
 .rodata.testmtx7
                0x08007100       0x10 build/obj/testmtx.o
                0x08007100                testmtx7
 .rodata.testmtx8
                0x08007110       0x10 build/obj/testmtx.o
                0x08007110                testmtx8
 .rodata.str1.4
                0x08007120       0xed build/obj/testmtx.o
                                0x10c (size before relaxing)
 *fill*         0x0800720d        0x3 00
 .rodata.patternmtx
                0x08007210       0x24 build/obj/testmtx.o
                0x08007210                patternmtx
 *fill*         0x08007234        0xc 00
 .rodata.testmtx1
                0x08007240       0x10 build/obj/testmtx.o
                0x08007240                testmtx1
 .rodata.testmtx2
                0x08007250       0x10 build/obj/testmtx.o
                0x08007250                testmtx2
 .rodata.testmtx3
                0x08007260       0x10 build/obj/testmtx.o
                0x08007260                testmtx3
 .rodata.testmtx4
                0x08007270       0x10 build/obj/testmtx.o
                0x08007270                testmtx4
 .rodata.testmsg1
                0x08007280       0x10 build/obj/testmsg.o
                0x08007280                testmsg1
 .rodata.str1.4
                0x08007290        0xf build/obj/testmsg.o
                                 0x14 (size before relaxing)
 *fill*         0x0800729f        0x1 00
 .rodata.patternmsg
                0x080072a0        0x8 build/obj/testmsg.o
                0x080072a0                patternmsg
 *fill*         0x080072a8        0x8 00
 .rodata.patternmbox
                0x080072b0        0x8 build/obj/testmbox.o
                0x080072b0                patternmbox
 *fill*         0x080072b8        0x8 00
 .rodata.str1.4
                0x080072c0       0x20 build/obj/testmbox.o
                                 0x28 (size before relaxing)
 .rodata.testmbox1
                0x080072e0       0x10 build/obj/testmbox.o
                0x080072e0                testmbox1
 .rodata.patternevt
                0x080072f0       0x10 build/obj/testevt.o
                0x080072f0                patternevt
 .rodata.testevt2
                0x08007300       0x10 build/obj/testevt.o
                0x08007300                testevt2
 .rodata.str1.4
                0x08007310       0x52 build/obj/testevt.o
                                 0x5c (size before relaxing)
 *fill*         0x08007362        0xe 00
 .rodata.testevt1
                0x08007370       0x10 build/obj/testevt.o
                0x08007370                testevt1
 .rodata.evhndl
                0x08007380        0xc build/obj/testevt.o
 *fill*         0x0800738c        0x4 00
 .rodata.testevt3
                0x08007390       0x10 build/obj/testevt.o
                0x08007390                testevt3
 .rodata.patternheap
                0x080073a0        0x8 build/obj/testheap.o
                0x080073a0                patternheap
 *fill*         0x080073a8        0x8 00
 .rodata.str1.4
                0x080073b0       0x28 build/obj/testheap.o
 *fill*         0x080073d8        0x8 00
 .rodata.testheap1
                0x080073e0       0x10 build/obj/testheap.o
                0x080073e0                testheap1
 .rodata.str1.4
                0x080073f0       0x1c build/obj/testpools.o
 *fill*         0x0800740c        0x4 00
 .rodata.patternpools
                0x08007410        0x8 build/obj/testpools.o
                0x08007410                patternpools
 *fill*         0x08007418        0x8 00
 .rodata.testpools1
                0x08007420       0x10 build/obj/testpools.o
                0x08007420                testpools1
 .rodata.testdyn1
                0x08007430       0x10 build/obj/testdyn.o
                0x08007430                testdyn1
 .rodata.testdyn2
                0x08007440       0x10 build/obj/testdyn.o
                0x08007440                testdyn2
 .rodata.testdyn3
                0x08007450       0x10 build/obj/testdyn.o
                0x08007450                testdyn3
 .rodata.str1.4
                0x08007460       0x8d build/obj/testdyn.o
                                 0xa4 (size before relaxing)
 *fill*         0x080074ed        0x3 00
 .rodata.patterndyn
                0x080074f0       0x10 build/obj/testdyn.o
                0x080074f0                patterndyn
 .rodata.testqueues1
                0x08007500       0x10 build/obj/testqueues.o
                0x08007500                testqueues1
 .rodata.testqueues2
                0x08007510       0x10 build/obj/testqueues.o
                0x08007510                testqueues2
 .rodata.str1.4
                0x08007520       0x2d build/obj/testqueues.o
                                 0x38 (size before relaxing)
 *fill*         0x0800754d        0x3 00
 .rodata.patternqueues
                0x08007550        0xc build/obj/testqueues.o
                0x08007550                patternqueues
 *fill*         0x0800755c        0x4 00
 .rodata.patternbmk
                0x08007560       0x38 build/obj/testbmk.o
                0x08007560                patternbmk
 *fill*         0x08007598        0x8 00
 .rodata.testbmk8
                0x080075a0       0x10 build/obj/testbmk.o
                0x080075a0                testbmk8
 .rodata.testbmk3
                0x080075b0       0x10 build/obj/testbmk.o
                0x080075b0                testbmk3
 .rodata.testbmk10
                0x080075c0       0x10 build/obj/testbmk.o
                0x080075c0                testbmk10
 .rodata.testbmk4
                0x080075d0       0x10 build/obj/testbmk.o
                0x080075d0                testbmk4
 .rodata.testbmk12
                0x080075e0       0x10 build/obj/testbmk.o
                0x080075e0                testbmk12
 .rodata.testbmk2
                0x080075f0       0x10 build/obj/testbmk.o
                0x080075f0                testbmk2
 .rodata.str1.4
                0x08007600      0x2c7 build/obj/testbmk.o
                                0x2c8 (size before relaxing)
 *fill*         0x080078c7        0x9 00
 .rodata.testbmk9
                0x080078d0       0x10 build/obj/testbmk.o
                0x080078d0                testbmk9
 .rodata.testbmk1
                0x080078e0       0x10 build/obj/testbmk.o
                0x080078e0                testbmk1
 .rodata.testbmk11
                0x080078f0       0x10 build/obj/testbmk.o
                0x080078f0                testbmk11
 .rodata.testbmk13
                0x08007900       0x10 build/obj/testbmk.o
                0x08007900                testbmk13
 .rodata.testbmk5
                0x08007910       0x10 build/obj/testbmk.o
                0x08007910                testbmk5
 .rodata.testbmk6
                0x08007920       0x10 build/obj/testbmk.o
                0x08007920                testbmk6
 .rodata.testbmk7
                0x08007930       0x10 build/obj/testbmk.o
                0x08007930                testbmk7
 .rodata.vmt    0x08007940       0x20 build/obj/serial.o
 .rodata.default_config
                0x08007960        0xc build/obj/serial_lld.o
 *fill*         0x0800796c        0x4 00
 .rodata.pal_default_config
                0x08007970       0xfc build/obj/board.o
                0x08007970                pal_default_config
 *fill*         0x08007a6c        0x4 00
 .rodata._ZTVN10chibios_rt10BaseThreadE
                0x08007a70       0x18 build/obj/ch.o
                0x08007a70                vtable for chibios_rt::BaseThread
 *fill*         0x08007a88        0x8 00
 .rodata._ZTVN10chibios_rt15ThreadReferenceE
                0x08007a90       0x10 build/obj/ch.o
                0x08007a90                vtable for chibios_rt::ThreadReference
 .rodata.str1.4
                0x08007aa0        0x6 build/obj/fatfs_fsimpl.o
                                  0x8 (size before relaxing)
 *fill*         0x08007aa6        0xa 00
 .rodata._ZTVN13chibios_fatfs17FatFSServerThreadE
                0x08007ab0       0x18 build/obj/fatfs_fsimpl.o
                0x08007ab0                vtable for chibios_fatfs::FatFSServerThread
 *fill*         0x08007ac8        0x8 00
 .rodata._ZTVN13chibios_fatfs12FatFSWrapperE
                0x08007ad0       0x28 build/obj/fatfs_fsimpl.o
                0x08007ad0                vtable for chibios_fatfs::FatFSWrapper
 *fill*         0x08007af8        0x8 00
 .rodata._ZTV15SequencerThread
                0x08007b00       0x18 build/obj/main.o
                0x08007b00                vtable for SequencerThread
 *fill*         0x08007b18        0x8 00
 .rodata._ZTV12TesterThread
                0x08007b20       0x18 build/obj/main.o
                0x08007b20                vtable for TesterThread
 *fill*         0x08007b38        0x8 00
 .rodata.str1.4
                0x08007b40       0x14 build/obj/main.o
 *fill*         0x08007b54        0xc 00
 .rodata._ZL13LED6_sequence
                0x08007b60       0x28 build/obj/main.o
 *fill*         0x08007b88        0x8 00
 .rodata._ZL13LED5_sequence
                0x08007b90       0x28 build/obj/main.o
 *fill*         0x08007bb8        0x8 00
 .rodata._ZL13LED3_sequence
                0x08007bc0       0x28 build/obj/main.o
 *fill*         0x08007be8        0x8 00
 .rodata._ZL13LED4_sequence
                0x08007bf0       0x28 build/obj/main.o
 *(.glue_7t)
 .glue_7t       0x00000000        0x0 linker stubs
 *(.glue_7)
 .glue_7        0x00000000        0x0 linker stubs
 *(.gcc*)

.vfp11_veneer   0x08007c18        0x0
 .vfp11_veneer  0x00000000        0x0 linker stubs

.v4_bx          0x08007c18        0x0
 .v4_bx         0x00000000        0x0 linker stubs

.iplt           0x08007c18        0x0
 .iplt          0x00000000        0x0 build/obj/crt0.o

.rel.dyn        0x08007c18        0x0
 .rel.iplt      0x00000000        0x0 build/obj/crt0.o

.ARM.extab
 *(.ARM.extab* .gnu.linkonce.armextab.*)

.ARM.exidx      0x08007c18        0x0
                0x08007c18                PROVIDE (__exidx_start, .)
 *(.ARM.exidx* .gnu.linkonce.armexidx.*)
                0x08007c18                PROVIDE (__exidx_end, .)

.eh_frame_hdr
 *(.eh_frame_hdr)

.eh_frame
 *(.eh_frame)

.textalign      0x08007c18        0x0
                0x08007c18                . = ALIGN (0x8)
                0x08007c18                _etext = .
                0x08007c18                _textdata = _etext

.stacks         0x20000000      0x800
                0x20000000                . = ALIGN (0x8)
                0x20000000                __main_stack_base__ = .
                0x20000400                . = (. + __main_stack_size__)
 *fill*         0x20000000      0x400 00
                0x20000400                . = ALIGN (0x8)
                0x20000400                __main_stack_end__ = .
                0x20000400                __process_stack_base__ = .
                0x20000400                __main_thread_stack_base__ = .
                0x20000800                . = (. + __process_stack_size__)
 *fill*         0x20000400      0x400 00
                0x20000800                . = ALIGN (0x8)
                0x20000800                __process_stack_end__ = .
                0x20000800                __main_thread_stack_end__ = .

.data           0x20000800       0xb8 load address 0x08007c18
                0x20000800                . = ALIGN (0x4)
                0x20000800                PROVIDE (_data, .)
 *(.data)
                0x20000800                . = ALIGN (0x4)
 *(.data.*)
 .data.sem1     0x20000800        0xc build/obj/testsem.o
 .data.m1       0x2000080c       0x10 build/obj/testmtx.o
 .data.m2       0x2000081c       0x10 build/obj/testmtx.o
 .data.c1       0x2000082c        0x8 build/obj/testmtx.o
 .data.mb1      0x20000834       0x28 build/obj/testmbox.o
 .data.es1      0x2000085c        0x4 build/obj/testevt.o
 .data.es2      0x20000860        0x4 build/obj/testevt.o
 .data.mp1      0x20000864        0xc build/obj/testpools.o
 .data.oq       0x20000870       0x24 build/obj/testqueues.o
 .data.iq       0x20000894       0x24 build/obj/testqueues.o
                0x200008b8                . = ALIGN (0x4)
 *(.ramtext)
                0x200008b8                . = ALIGN (0x4)
                0x200008b8                PROVIDE (_edata, .)

.igot.plt       0x200008b8        0x0 load address 0x08007cd0
 .igot.plt      0x00000000        0x0 build/obj/crt0.o

.bss            0x200008b8     0x14e8 load address 0x08007cd0
                0x200008b8                . = ALIGN (0x4)
                0x200008b8                PROVIDE (_bss_start, .)
 *(.bss)
                0x200008b8                . = ALIGN (0x4)
 *(.bss.*)
 .bss.mainthread.4776
                0x200008b8       0x48 build/obj/chsys.o
 .bss._idle_thread_wa
                0x20000900       0xc0 build/obj/chsys.o
                0x20000900                _idle_thread_wa
 .bss.vtlist    0x200009c0       0x10 build/obj/chvt.o
                0x200009c0                vtlist
 .bss.rlist     0x200009d0       0x1c build/obj/chschd.o
                0x200009d0                rlist
 .bss.endmem    0x200009ec        0x4 build/obj/chmemcore.o
 .bss.nextmem   0x200009f0        0x4 build/obj/chmemcore.o
 *fill*         0x200009f4        0x4 00
 .bss.default_heap
                0x200009f8       0x20 build/obj/chheap.o
 .bss.test      0x20000a18      0x5f0 build/obj/test.o
                0x20000a18                test
 .bss.failpoint
                0x20001008        0x4 build/obj/test.o
 .bss.local_fail
                0x2000100c        0x1 build/obj/test.o
 .bss.test_timer_done
                0x2000100d        0x1 build/obj/test.o
                0x2000100d                test_timer_done
 *fill*         0x2000100e        0x2 00
 .bss.tokp      0x20001010        0x4 build/obj/test.o
 .bss.global_fail
                0x20001014        0x1 build/obj/test.o
 *fill*         0x20001015        0x3 00
 .bss.vt        0x20001018       0x14 build/obj/test.o
 .bss.threads   0x2000102c       0x14 build/obj/test.o
                0x2000102c                threads
 .bss.chp       0x20001040        0x4 build/obj/test.o
 .bss.tokens_buffer
                0x20001044       0x10 build/obj/test.o
 *fill*         0x20001054        0x4 00
 .bss.test_heap
                0x20001058       0x20 build/obj/testheap.o
 .bss.mp1       0x20001078        0xc build/obj/testdyn.o
 *fill*         0x20001084        0x4 00
 .bss.heap1     0x20001088       0x20 build/obj/testdyn.o
 .bss.vt1.4936  0x200010a8       0x14 build/obj/testbmk.o
 .bss.iq.4924   0x200010bc       0x24 build/obj/testbmk.o
 .bss.ib.4923   0x200010e0       0x10 build/obj/testbmk.o
 .bss.mtx1      0x200010f0       0x10 build/obj/testbmk.o
 .bss.sem1      0x20001100        0xc build/obj/testbmk.o
 .bss.vt2.4937  0x2000110c       0x14 build/obj/testbmk.o
 .bss.SD2       0x20001120       0x78 build/obj/serial_lld.o
                0x20001120                SD2
 .bss._ZL8blinker1
                0x20001198      0x140 build/obj/main.o
 .bss._ZL8blinker2
                0x200012d8      0x140 build/obj/main.o
 .bss._ZL8blinker3
                0x20001418      0x140 build/obj/main.o
 .bss._ZL8blinker4
                0x20001558      0x140 build/obj/main.o
 .bss._ZL2fs    0x20001698      0x550 build/obj/main.o
 .bss._ZL6tester
                0x20001be8      0x1b8 build/obj/main.o
                0x20001da0                . = ALIGN (0x4)
 *(COMMON)
                0x20001da0                . = ALIGN (0x4)
                0x20001da0                PROVIDE (_bss_end, .)
                0x20001da0                PROVIDE (end, .)
                0x20001da0                _end = .
                0x20001da0                __heap_base__ = _end
                0x2001c000                __heap_end__ = __ram_end__
OUTPUT(build/ch.elf elf32-littlearm)

.debug_info     0x00000000    0x228bf
 .debug_info    0x00000000      0x2a8 build/obj/crt0.o
 .debug_info    0x000002a8      0x1f0 build/obj/vectors.o
 .debug_info    0x00000498      0x89c build/obj/chcore_v7m.o
 .debug_info    0x00000d34      0x455 build/obj/nvic.o
 .debug_info    0x00001189      0x8aa build/obj/chsys.o
 .debug_info    0x00001a33      0x271 build/obj/chvt.o
 .debug_info    0x00001ca4      0x9eb build/obj/chschd.o
 .debug_info    0x0000268f      0xc4a build/obj/chthreads.o
 .debug_info    0x000032d9      0x903 build/obj/chdynamic.o
 .debug_info    0x00003bdc      0x684 build/obj/chregistry.o
 .debug_info    0x00004260      0xb80 build/obj/chsem.o
 .debug_info    0x00004de0      0xa47 build/obj/chmtx.o
 .debug_info    0x00005827      0xa01 build/obj/chcond.o
 .debug_info    0x00006228      0xe36 build/obj/chevents.o
 .debug_info    0x0000705e      0x6c6 build/obj/chmsg.o
 .debug_info    0x00007724      0xad7 build/obj/chmboxes.o
 .debug_info    0x000081fb      0xc7d build/obj/chqueues.o
 .debug_info    0x00008e78      0x22f build/obj/chmemcore.o
 .debug_info    0x000090a7      0x739 build/obj/chheap.o
 .debug_info    0x000097e0      0x426 build/obj/chmempools.o
 .debug_info    0x00009c06     0x1416 build/obj/test.o
 .debug_info    0x0000b01c      0xd38 build/obj/testthd.o
 .debug_info    0x0000bd54     0x130c build/obj/testsem.o
 .debug_info    0x0000d060     0x1e0a build/obj/testmtx.o
 .debug_info    0x0000ee6a      0x76b build/obj/testmsg.o
 .debug_info    0x0000f5d5     0x13b2 build/obj/testmbox.o
 .debug_info    0x00010987     0x117c build/obj/testevt.o
 .debug_info    0x00011b03      0xc4e build/obj/testheap.o
 .debug_info    0x00012751      0x628 build/obj/testpools.o
 .debug_info    0x00012d79     0x10fe build/obj/testdyn.o
 .debug_info    0x00013e77     0x1a65 build/obj/testqueues.o
 .debug_info    0x000158dc     0x1f1e build/obj/testbmk.o
 .debug_info    0x000177fa      0x3ce build/obj/hal.o
 .debug_info    0x00017bc8     0x10bd build/obj/serial.o
 .debug_info    0x00018c85      0x4cb build/obj/hal_lld.o
 .debug_info    0x00019150      0x749 build/obj/pal_lld.o
 .debug_info    0x00019899     0x12b1 build/obj/serial_lld.o
 .debug_info    0x0001ab4a      0x215 build/obj/board.o
 .debug_info    0x0001ad5f     0x4b04 build/obj/ch.o
 .debug_info    0x0001f863     0x1a16 build/obj/fatfs_fsimpl.o
 .debug_info    0x00021279     0x1646 build/obj/main.o

.debug_abbrev   0x00000000     0x6d3f
 .debug_abbrev  0x00000000       0xdc build/obj/crt0.o
 .debug_abbrev  0x000000dc       0xb1 build/obj/vectors.o
 .debug_abbrev  0x0000018d      0x1d5 build/obj/chcore_v7m.o
 .debug_abbrev  0x00000362       0xf2 build/obj/nvic.o
 .debug_abbrev  0x00000454      0x220 build/obj/chsys.o
 .debug_abbrev  0x00000674      0x15e build/obj/chvt.o
 .debug_abbrev  0x000007d2      0x340 build/obj/chschd.o
 .debug_abbrev  0x00000b12      0x368 build/obj/chthreads.o
 .debug_abbrev  0x00000e7a      0x23a build/obj/chdynamic.o
 .debug_abbrev  0x000010b4      0x197 build/obj/chregistry.o
 .debug_abbrev  0x0000124b      0x333 build/obj/chsem.o
 .debug_abbrev  0x0000157e      0x332 build/obj/chmtx.o
 .debug_abbrev  0x000018b0      0x2fa build/obj/chcond.o
 .debug_abbrev  0x00001baa      0x359 build/obj/chevents.o
 .debug_abbrev  0x00001f03      0x244 build/obj/chmsg.o
 .debug_abbrev  0x00002147      0x253 build/obj/chmboxes.o
 .debug_abbrev  0x0000239a      0x34c build/obj/chqueues.o
 .debug_abbrev  0x000026e6      0x16c build/obj/chmemcore.o
 .debug_abbrev  0x00002852      0x210 build/obj/chheap.o
 .debug_abbrev  0x00002a62      0x225 build/obj/chmempools.o
 .debug_abbrev  0x00002c87      0x52c build/obj/test.o
 .debug_abbrev  0x000031b3      0x2aa build/obj/testthd.o
 .debug_abbrev  0x0000345d      0x318 build/obj/testsem.o
 .debug_abbrev  0x00003775      0x327 build/obj/testmtx.o
 .debug_abbrev  0x00003a9c      0x22b build/obj/testmsg.o
 .debug_abbrev  0x00003cc7      0x231 build/obj/testmbox.o
 .debug_abbrev  0x00003ef8      0x308 build/obj/testevt.o
 .debug_abbrev  0x00004200      0x22e build/obj/testheap.o
 .debug_abbrev  0x0000442e      0x1d9 build/obj/testpools.o
 .debug_abbrev  0x00004607      0x2bc build/obj/testdyn.o
 .debug_abbrev  0x000048c3      0x305 build/obj/testqueues.o
 .debug_abbrev  0x00004bc8      0x38d build/obj/testbmk.o
 .debug_abbrev  0x00004f55      0x1c6 build/obj/hal.o
 .debug_abbrev  0x0000511b      0x2d5 build/obj/serial.o
 .debug_abbrev  0x000053f0      0x10e build/obj/hal_lld.o
 .debug_abbrev  0x000054fe      0x1c6 build/obj/pal_lld.o
 .debug_abbrev  0x000056c4      0x337 build/obj/serial_lld.o
 .debug_abbrev  0x000059fb       0xe5 build/obj/board.o
 .debug_abbrev  0x00005ae0      0x6cc build/obj/ch.o
 .debug_abbrev  0x000061ac      0x62c build/obj/fatfs_fsimpl.o
 .debug_abbrev  0x000067d8      0x567 build/obj/main.o

.debug_aranges  0x00000000     0x11e0
 .debug_aranges
                0x00000000       0x38 build/obj/crt0.o
 .debug_aranges
                0x00000038       0x20 build/obj/vectors.o
 .debug_aranges
                0x00000058       0x50 build/obj/chcore_v7m.o
 .debug_aranges
                0x000000a8       0x30 build/obj/nvic.o
 .debug_aranges
                0x000000d8       0x30 build/obj/chsys.o
 .debug_aranges
                0x00000108       0x38 build/obj/chvt.o
 .debug_aranges
                0x00000140       0x68 build/obj/chschd.o
 .debug_aranges
                0x000001a8       0x78 build/obj/chthreads.o
 .debug_aranges
                0x00000220       0x38 build/obj/chdynamic.o
 .debug_aranges
                0x00000258       0x28 build/obj/chregistry.o
 .debug_aranges
                0x00000280       0x70 build/obj/chsem.o
 .debug_aranges
                0x000002f0       0x58 build/obj/chmtx.o
 .debug_aranges
                0x00000348       0x60 build/obj/chcond.o
 .debug_aranges
                0x000003a8       0xa0 build/obj/chevents.o
 .debug_aranges
                0x00000448       0x30 build/obj/chmsg.o
 .debug_aranges
                0x00000478       0x70 build/obj/chmboxes.o
 .debug_aranges
                0x000004e8       0x70 build/obj/chqueues.o
 .debug_aranges
                0x00000558       0x38 build/obj/chmemcore.o
 .debug_aranges
                0x00000590       0x40 build/obj/chheap.o
 .debug_aranges
                0x000005d0       0x48 build/obj/chmempools.o
 .debug_aranges
                0x00000618       0x98 build/obj/test.o
 .debug_aranges
                0x000006b0       0x40 build/obj/testthd.o
 .debug_aranges
                0x000006f0       0x70 build/obj/testsem.o
 .debug_aranges
                0x00000760      0x108 build/obj/testmtx.o
 .debug_aranges
                0x00000868       0x28 build/obj/testmsg.o
 .debug_aranges
                0x00000890       0x28 build/obj/testmbox.o
 .debug_aranges
                0x000008b8       0x70 build/obj/testevt.o
 .debug_aranges
                0x00000928       0x28 build/obj/testheap.o
 .debug_aranges
                0x00000950       0x30 build/obj/testpools.o
 .debug_aranges
                0x00000980       0x58 build/obj/testdyn.o
 .debug_aranges
                0x000009d8       0x50 build/obj/testqueues.o
 .debug_aranges
                0x00000a28       0xd0 build/obj/testbmk.o
 .debug_aranges
                0x00000af8       0x30 build/obj/hal.o
 .debug_aranges
                0x00000b28       0x88 build/obj/serial.o
 .debug_aranges
                0x00000bb0       0x28 build/obj/hal_lld.o
 .debug_aranges
                0x00000bd8       0x28 build/obj/pal_lld.o
 .debug_aranges
                0x00000c00       0x40 build/obj/serial_lld.o
 .debug_aranges
                0x00000c40       0x28 build/obj/board.o
 .debug_aranges
                0x00000c68      0x448 build/obj/ch.o
 .debug_aranges
                0x000010b0       0xe8 build/obj/fatfs_fsimpl.o
 .debug_aranges
                0x00001198       0x48 build/obj/main.o

.debug_ranges   0x00000000     0x21f8
 .debug_ranges  0x00000000       0xe0 build/obj/crt0.o
 .debug_ranges  0x000000e0       0x10 build/obj/vectors.o
 .debug_ranges  0x000000f0       0x58 build/obj/chcore_v7m.o
 .debug_ranges  0x00000148       0x20 build/obj/nvic.o
 .debug_ranges  0x00000168       0x20 build/obj/chsys.o
 .debug_ranges  0x00000188       0x28 build/obj/chvt.o
 .debug_ranges  0x000001b0      0x190 build/obj/chschd.o
 .debug_ranges  0x00000340       0xc8 build/obj/chthreads.o
 .debug_ranges  0x00000408       0x28 build/obj/chdynamic.o
 .debug_ranges  0x00000430       0x30 build/obj/chregistry.o
 .debug_ranges  0x00000460      0x1c0 build/obj/chsem.o
 .debug_ranges  0x00000620      0x228 build/obj/chmtx.o
 .debug_ranges  0x00000848       0xf0 build/obj/chcond.o
 .debug_ranges  0x00000938       0xd8 build/obj/chevents.o
 .debug_ranges  0x00000a10       0x50 build/obj/chmsg.o
 .debug_ranges  0x00000a60       0x78 build/obj/chmboxes.o
 .debug_ranges  0x00000ad8       0xd8 build/obj/chqueues.o
 .debug_ranges  0x00000bb0       0x28 build/obj/chmemcore.o
 .debug_ranges  0x00000bd8       0x30 build/obj/chheap.o
 .debug_ranges  0x00000c08      0x1d8 build/obj/chmempools.o
 .debug_ranges  0x00000de0      0x190 build/obj/test.o
 .debug_ranges  0x00000f70       0xa8 build/obj/testthd.o
 .debug_ranges  0x00001018       0xc0 build/obj/testsem.o
 .debug_ranges  0x000010d8      0x110 build/obj/testmtx.o
 .debug_ranges  0x000011e8       0x18 build/obj/testmsg.o
 .debug_ranges  0x00001200       0xc0 build/obj/testmbox.o
 .debug_ranges  0x000012c0       0x90 build/obj/testevt.o
 .debug_ranges  0x00001350       0x18 build/obj/testheap.o
 .debug_ranges  0x00001368       0x50 build/obj/testpools.o
 .debug_ranges  0x000013b8       0x48 build/obj/testdyn.o
 .debug_ranges  0x00001400      0x180 build/obj/testqueues.o
 .debug_ranges  0x00001580       0xd8 build/obj/testbmk.o
 .debug_ranges  0x00001658       0x50 build/obj/hal.o
 .debug_ranges  0x000016a8       0xa8 build/obj/serial.o
 .debug_ranges  0x00001750       0x30 build/obj/hal_lld.o
 .debug_ranges  0x00001780      0x168 build/obj/pal_lld.o
 .debug_ranges  0x000018e8       0xa8 build/obj/serial_lld.o
 .debug_ranges  0x00001990       0x18 build/obj/board.o
 .debug_ranges  0x000019a8      0x498 build/obj/ch.o
 .debug_ranges  0x00001e40      0x158 build/obj/fatfs_fsimpl.o
 .debug_ranges  0x00001f98      0x260 build/obj/main.o

.debug_line     0x00000000     0x6e0e
 .debug_line    0x00000000      0x13c build/obj/crt0.o
 .debug_line    0x0000013c       0xb4 build/obj/vectors.o
 .debug_line    0x000001f0      0x1e5 build/obj/chcore_v7m.o
 .debug_line    0x000003d5       0xf3 build/obj/nvic.o
 .debug_line    0x000004c8      0x1d3 build/obj/chsys.o
 .debug_line    0x0000069b      0x14d build/obj/chvt.o
 .debug_line    0x000007e8      0x2f9 build/obj/chschd.o
 .debug_line    0x00000ae1      0x314 build/obj/chthreads.o
 .debug_line    0x00000df5      0x1fa build/obj/chdynamic.o
 .debug_line    0x00000fef      0x1a6 build/obj/chregistry.o
 .debug_line    0x00001195      0x34d build/obj/chsem.o
 .debug_line    0x000014e2      0x332 build/obj/chmtx.o
 .debug_line    0x00001814      0x261 build/obj/chcond.o
 .debug_line    0x00001a75      0x303 build/obj/chevents.o
 .debug_line    0x00001d78      0x188 build/obj/chmsg.o
 .debug_line    0x00001f00      0x25a build/obj/chmboxes.o
 .debug_line    0x0000215a      0x367 build/obj/chqueues.o
 .debug_line    0x000024c1      0x12d build/obj/chmemcore.o
 .debug_line    0x000025ee      0x241 build/obj/chheap.o
 .debug_line    0x0000282f      0x1ef build/obj/chmempools.o
 .debug_line    0x00002a1e      0x507 build/obj/test.o
 .debug_line    0x00002f25      0x208 build/obj/testthd.o
 .debug_line    0x0000312d      0x2ea build/obj/testsem.o
 .debug_line    0x00003417      0x49d build/obj/testmtx.o
 .debug_line    0x000038b4      0x198 build/obj/testmsg.o
 .debug_line    0x00003a4c      0x229 build/obj/testmbox.o
 .debug_line    0x00003c75      0x299 build/obj/testevt.o
 .debug_line    0x00003f0e      0x1d6 build/obj/testheap.o
 .debug_line    0x000040e4      0x11d build/obj/testpools.o
 .debug_line    0x00004201      0x2d4 build/obj/testdyn.o
 .debug_line    0x000044d5      0x26b build/obj/testqueues.o
 .debug_line    0x00004740      0x595 build/obj/testbmk.o
 .debug_line    0x00004cd5      0x22e build/obj/hal.o
 .debug_line    0x00004f03      0x34b build/obj/serial.o
 .debug_line    0x0000524e      0x1b3 build/obj/hal_lld.o
 .debug_line    0x00005401      0x1cc build/obj/pal_lld.o
 .debug_line    0x000055cd      0x314 build/obj/serial_lld.o
 .debug_line    0x000058e1      0x159 build/obj/board.o
 .debug_line    0x00005a3a      0xbb4 build/obj/ch.o
 .debug_line    0x000065ee      0x416 build/obj/fatfs_fsimpl.o
 .debug_line    0x00006a04      0x40a build/obj/main.o

.debug_str      0x00000000     0x4d07
 .debug_str     0x00000000      0x226 build/obj/crt0.o
                                0x25f (size before relaxing)
 .debug_str     0x00000226      0x145 build/obj/vectors.o
                                0x28a (size before relaxing)
 .debug_str     0x0000036b      0x2b2 build/obj/chcore_v7m.o
                                0x432 (size before relaxing)
 .debug_str     0x0000061d       0x9e build/obj/nvic.o
                                0x25c (size before relaxing)
 .debug_str     0x000006bb      0x1fe build/obj/chsys.o
                                0x50a (size before relaxing)
 .debug_str     0x000008b9       0x4c build/obj/chvt.o
                                0x1f9 (size before relaxing)
 .debug_str     0x00000905       0xcb build/obj/chschd.o
                                0x43f (size before relaxing)
 .debug_str     0x000009d0       0xd3 build/obj/chthreads.o
                                0x4aa (size before relaxing)
 .debug_str     0x00000aa3      0x113 build/obj/chdynamic.o
                                0x421 (size before relaxing)
 .debug_str     0x00000bb6       0x42 build/obj/chregistry.o
                                0x42d (size before relaxing)
 .debug_str     0x00000bf8       0xc8 build/obj/chsem.o
                                0x423 (size before relaxing)
 .debug_str     0x00000cc0       0x8a build/obj/chmtx.o
                                0x3c4 (size before relaxing)
 .debug_str     0x00000d4a       0xb0 build/obj/chcond.o
                                0x411 (size before relaxing)
 .debug_str     0x00000dfa      0x1b9 build/obj/chevents.o
                                0x4e8 (size before relaxing)
 .debug_str     0x00000fb3       0x3d build/obj/chmsg.o
                                0x35c (size before relaxing)
 .debug_str     0x00000ff0       0xda build/obj/chmboxes.o
                                0x3eb (size before relaxing)
 .debug_str     0x000010ca      0x119 build/obj/chqueues.o
                                0x44f (size before relaxing)
 .debug_str     0x000011e3       0x70 build/obj/chmemcore.o
                                0x1c8 (size before relaxing)
 .debug_str     0x00001253       0x48 build/obj/chheap.o
                                0x3a8 (size before relaxing)
 .debug_str     0x0000129b       0x55 build/obj/chmempools.o
                                0x216 (size before relaxing)
 .debug_str     0x000012f0      0x26a build/obj/test.o
                                0x640 (size before relaxing)
 .debug_str     0x0000155a       0x6d build/obj/testthd.o
                                0x4c5 (size before relaxing)
 .debug_str     0x000015c7       0xc6 build/obj/testsem.o
                                0x581 (size before relaxing)
 .debug_str     0x0000168d      0x194 build/obj/testmtx.o
                                0x67f (size before relaxing)
 .debug_str     0x00001821       0x2b build/obj/testmsg.o
                                0x3b8 (size before relaxing)
 .debug_str     0x0000184c       0x3f build/obj/testmbox.o
                                0x434 (size before relaxing)
 .debug_str     0x0000188b       0x7f build/obj/testevt.o
                                0x5ea (size before relaxing)
 .debug_str     0x0000190a       0x44 build/obj/testheap.o
                                0x3f6 (size before relaxing)
 .debug_str     0x0000194e       0x4c build/obj/testpools.o
                                0x24f (size before relaxing)
 .debug_str     0x0000199a       0x86 build/obj/testdyn.o
                                0x59a (size before relaxing)
 .debug_str     0x00001a20       0x6c build/obj/testqueues.o
                                0x521 (size before relaxing)
 .debug_str     0x00001a8c      0x17f build/obj/testbmk.o
                                0x706 (size before relaxing)
 .debug_str     0x00001c0b      0x159 build/obj/hal.o
                                0x2bc (size before relaxing)
 .debug_str     0x00001d64      0x144 build/obj/serial.o
                                0x5bc (size before relaxing)
 .debug_str     0x00001ea8      0x168 build/obj/hal_lld.o
                                0x363 (size before relaxing)
 .debug_str     0x00002010       0xbc build/obj/pal_lld.o
                                0x3bc (size before relaxing)
 .debug_str     0x000020cc      0x572 build/obj/serial_lld.o
                                0xb4a (size before relaxing)
 .debug_str     0x0000263e       0x2a build/obj/board.o
                                0x234 (size before relaxing)
 .debug_str     0x00002668     0x1a3c build/obj/ch.o
                               0x2472 (size before relaxing)
 .debug_str     0x000040a4      0xa64 build/obj/fatfs_fsimpl.o
                               0x10b5 (size before relaxing)
 .debug_str     0x00004b08      0x1ff build/obj/main.o
                                0x8fc (size before relaxing)

.comment        0x00000000       0x70
 .comment       0x00000000       0x70 build/obj/crt0.o
                                 0x71 (size before relaxing)
 .comment       0x00000000       0x71 build/obj/vectors.o
 .comment       0x00000000       0x71 build/obj/chcore_v7m.o
 .comment       0x00000000       0x71 build/obj/nvic.o
 .comment       0x00000000       0x71 build/obj/chsys.o
 .comment       0x00000000       0x71 build/obj/chvt.o
 .comment       0x00000000       0x71 build/obj/chschd.o
 .comment       0x00000000       0x71 build/obj/chthreads.o
 .comment       0x00000000       0x71 build/obj/chdynamic.o
 .comment       0x00000000       0x71 build/obj/chregistry.o
 .comment       0x00000000       0x71 build/obj/chsem.o
 .comment       0x00000000       0x71 build/obj/chmtx.o
 .comment       0x00000000       0x71 build/obj/chcond.o
 .comment       0x00000000       0x71 build/obj/chevents.o
 .comment       0x00000000       0x71 build/obj/chmsg.o
 .comment       0x00000000       0x71 build/obj/chmboxes.o
 .comment       0x00000000       0x71 build/obj/chqueues.o
 .comment       0x00000000       0x71 build/obj/chmemcore.o
 .comment       0x00000000       0x71 build/obj/chheap.o
 .comment       0x00000000       0x71 build/obj/chmempools.o
 .comment       0x00000000       0x71 build/obj/test.o
 .comment       0x00000000       0x71 build/obj/testthd.o
 .comment       0x00000000       0x71 build/obj/testsem.o
 .comment       0x00000000       0x71 build/obj/testmtx.o
 .comment       0x00000000       0x71 build/obj/testmsg.o
 .comment       0x00000000       0x71 build/obj/testmbox.o
 .comment       0x00000000       0x71 build/obj/testevt.o
 .comment       0x00000000       0x71 build/obj/testheap.o
 .comment       0x00000000       0x71 build/obj/testpools.o
 .comment       0x00000000       0x71 build/obj/testdyn.o
 .comment       0x00000000       0x71 build/obj/testqueues.o
 .comment       0x00000000       0x71 build/obj/testbmk.o
 .comment       0x00000000       0x71 build/obj/hal.o
 .comment       0x00000000       0x71 build/obj/serial.o
 .comment       0x00000000       0x71 build/obj/hal_lld.o
 .comment       0x00000000       0x71 build/obj/pal_lld.o
 .comment       0x00000000       0x71 build/obj/serial_lld.o
 .comment       0x00000000       0x71 build/obj/board.o
 .comment       0x00000000       0x71 build/obj/ch.o
 .comment       0x00000000       0x71 build/obj/fatfs_fsimpl.o
 .comment       0x00000000       0x71 build/obj/main.o

.ARM.attributes
                0x00000000       0x33
 .ARM.attributes
                0x00000000       0x33 build/obj/crt0.o
 .ARM.attributes
                0x00000033       0x33 build/obj/vectors.o
 .ARM.attributes
                0x00000066       0x33 build/obj/chcore_v7m.o
 .ARM.attributes
                0x00000099       0x33 build/obj/nvic.o
 .ARM.attributes
                0x000000cc       0x33 build/obj/chsys.o
 .ARM.attributes
                0x000000ff       0x33 build/obj/chvt.o
 .ARM.attributes
                0x00000132       0x33 build/obj/chschd.o
 .ARM.attributes
                0x00000165       0x33 build/obj/chthreads.o
 .ARM.attributes
                0x00000198       0x33 build/obj/chdynamic.o
 .ARM.attributes
                0x000001cb       0x33 build/obj/chregistry.o
 .ARM.attributes
                0x000001fe       0x33 build/obj/chsem.o
 .ARM.attributes
                0x00000231       0x33 build/obj/chmtx.o
 .ARM.attributes
                0x00000264       0x33 build/obj/chcond.o
 .ARM.attributes
                0x00000297       0x33 build/obj/chevents.o
 .ARM.attributes
                0x000002ca       0x33 build/obj/chmsg.o
 .ARM.attributes
                0x000002fd       0x33 build/obj/chmboxes.o
 .ARM.attributes
                0x00000330       0x33 build/obj/chqueues.o
 .ARM.attributes
                0x00000363       0x33 build/obj/chmemcore.o
 .ARM.attributes
                0x00000396       0x33 build/obj/chheap.o
 .ARM.attributes
                0x000003c9       0x33 build/obj/chmempools.o
 .ARM.attributes
                0x000003fc       0x33 build/obj/test.o
 .ARM.attributes
                0x0000042f       0x33 build/obj/testthd.o
 .ARM.attributes
                0x00000462       0x33 build/obj/testsem.o
 .ARM.attributes
                0x00000495       0x33 build/obj/testmtx.o
 .ARM.attributes
                0x000004c8       0x33 build/obj/testmsg.o
 .ARM.attributes
                0x000004fb       0x33 build/obj/testmbox.o
 .ARM.attributes
                0x0000052e       0x33 build/obj/testevt.o
 .ARM.attributes
                0x00000561       0x33 build/obj/testheap.o
 .ARM.attributes
                0x00000594       0x33 build/obj/testpools.o
 .ARM.attributes
                0x000005c7       0x33 build/obj/testdyn.o
 .ARM.attributes
                0x000005fa       0x33 build/obj/testqueues.o
 .ARM.attributes
                0x0000062d       0x33 build/obj/testbmk.o
 .ARM.attributes
                0x00000660       0x33 build/obj/hal.o
 .ARM.attributes
                0x00000693       0x33 build/obj/serial.o
 .ARM.attributes
                0x000006c6       0x33 build/obj/hal_lld.o
 .ARM.attributes
                0x000006f9       0x33 build/obj/pal_lld.o
 .ARM.attributes
                0x0000072c       0x33 build/obj/serial_lld.o
 .ARM.attributes
                0x0000075f       0x33 build/obj/board.o
 .ARM.attributes
                0x00000792       0x33 build/obj/ch.o
 .ARM.attributes
                0x000007c5       0x33 build/obj/fatfs_fsimpl.o
 .ARM.attributes
                0x000007f8       0x33 build/obj/main.o

.debug_frame    0x00000000     0x2bf8
 .debug_frame   0x00000000       0x50 build/obj/crt0.o
 .debug_frame   0x00000050       0x20 build/obj/vectors.o
 .debug_frame   0x00000070       0x98 build/obj/chcore_v7m.o
 .debug_frame   0x00000108       0x64 build/obj/nvic.o
 .debug_frame   0x0000016c       0x5c build/obj/chsys.o
 .debug_frame   0x000001c8       0x5c build/obj/chvt.o
 .debug_frame   0x00000224       0xf0 build/obj/chschd.o
 .debug_frame   0x00000314      0x160 build/obj/chthreads.o
 .debug_frame   0x00000474       0x80 build/obj/chdynamic.o
 .debug_frame   0x000004f4       0x3c build/obj/chregistry.o
 .debug_frame   0x00000530      0x140 build/obj/chsem.o
 .debug_frame   0x00000670       0xe4 build/obj/chmtx.o
 .debug_frame   0x00000754      0x11c build/obj/chcond.o
 .debug_frame   0x00000870      0x1e0 build/obj/chevents.o
 .debug_frame   0x00000a50       0x68 build/obj/chmsg.o
 .debug_frame   0x00000ab8      0x154 build/obj/chmboxes.o
 .debug_frame   0x00000c0c      0x170 build/obj/chqueues.o
 .debug_frame   0x00000d7c       0x50 build/obj/chmemcore.o
 .debug_frame   0x00000dcc       0x98 build/obj/chheap.o
 .debug_frame   0x00000e64       0x94 build/obj/chmempools.o
 .debug_frame   0x00000ef8      0x1dc build/obj/test.o
 .debug_frame   0x000010d4       0xc4 build/obj/testthd.o
 .debug_frame   0x00001198      0x138 build/obj/testsem.o
 .debug_frame   0x000012d0      0x398 build/obj/testmtx.o
 .debug_frame   0x00001668       0x48 build/obj/testmsg.o
 .debug_frame   0x000016b0       0x48 build/obj/testmbox.o
 .debug_frame   0x000016f8      0x108 build/obj/testevt.o
 .debug_frame   0x00001800       0x44 build/obj/testheap.o
 .debug_frame   0x00001844       0x50 build/obj/testpools.o
 .debug_frame   0x00001894       0xdc build/obj/testdyn.o
 .debug_frame   0x00001970       0xe4 build/obj/testqueues.o
 .debug_frame   0x00001a54      0x2b8 build/obj/testbmk.o
 .debug_frame   0x00001d0c       0x4c build/obj/hal.o
 .debug_frame   0x00001d58      0x13c build/obj/serial.o
 .debug_frame   0x00001e94       0x3c build/obj/hal_lld.o
 .debug_frame   0x00001ed0       0x4c build/obj/pal_lld.o
 .debug_frame   0x00001f1c       0x94 build/obj/serial_lld.o
 .debug_frame   0x00001fb0       0x30 build/obj/board.o
 .debug_frame   0x00001fe0      0x93c build/obj/ch.o
 .debug_frame   0x0000291c      0x208 build/obj/fatfs_fsimpl.o
 .debug_frame   0x00002b24       0xd4 build/obj/main.o

.debug_loc      0x00000000     0xa0f3
 .debug_loc     0x00000000      0x10c build/obj/chcore_v7m.o
 .debug_loc     0x0000010c      0x1ca build/obj/nvic.o
 .debug_loc     0x000002d6       0xe2 build/obj/chsys.o
 .debug_loc     0x000003b8      0x10b build/obj/chvt.o
 .debug_loc     0x000004c3      0x33e build/obj/chschd.o
 .debug_loc     0x00000801      0x519 build/obj/chthreads.o
 .debug_loc     0x00000d1a      0x2fa build/obj/chdynamic.o
 .debug_loc     0x00001014       0xb7 build/obj/chregistry.o
 .debug_loc     0x000010cb      0x696 build/obj/chsem.o
 .debug_loc     0x00001761      0x4c2 build/obj/chmtx.o
 .debug_loc     0x00001c23      0x47d build/obj/chcond.o
 .debug_loc     0x000020a0      0x905 build/obj/chevents.o
 .debug_loc     0x000029a5      0x1b9 build/obj/chmsg.o
 .debug_loc     0x00002b5e      0x68a build/obj/chmboxes.o
 .debug_loc     0x000031e8      0x8cf build/obj/chqueues.o
 .debug_loc     0x00003ab7      0x114 build/obj/chmemcore.o
 .debug_loc     0x00003bcb      0x318 build/obj/chheap.o
 .debug_loc     0x00003ee3      0x2d9 build/obj/chmempools.o
 .debug_loc     0x000041bc      0x7dd build/obj/test.o
 .debug_loc     0x00004999      0x1dc build/obj/testthd.o
 .debug_loc     0x00004b75      0x3d3 build/obj/testsem.o
 .debug_loc     0x00004f48      0x611 build/obj/testmtx.o
 .debug_loc     0x00005559       0x93 build/obj/testmsg.o
 .debug_loc     0x000055ec      0x61a build/obj/testmbox.o
 .debug_loc     0x00005c06      0x2d7 build/obj/testevt.o
 .debug_loc     0x00005edd      0x1c4 build/obj/testheap.o
 .debug_loc     0x000060a1      0x129 build/obj/testpools.o
 .debug_loc     0x000061ca      0x20f build/obj/testdyn.o
 .debug_loc     0x000063d9      0x841 build/obj/testqueues.o
 .debug_loc     0x00006c1a      0x5ab build/obj/testbmk.o
 .debug_loc     0x000071c5       0xa7 build/obj/hal.o
 .debug_loc     0x0000726c      0x587 build/obj/serial.o
 .debug_loc     0x000077f3       0x20 build/obj/hal_lld.o
 .debug_loc     0x00007813      0x2e7 build/obj/pal_lld.o
 .debug_loc     0x00007afa      0x34d build/obj/serial_lld.o
 .debug_loc     0x00007e47     0x1ca3 build/obj/ch.o
 .debug_loc     0x00009aea      0x468 build/obj/fatfs_fsimpl.o
 .debug_loc     0x00009f52      0x1a1 build/obj/main.o

Cross Reference Table

Symbol                                            File
BusFaultVector                                    build/obj/vectors.o
DebugMonitorVector                                build/obj/vectors.o
HardFaultVector                                   build/obj/vectors.o
MemManageVector                                   build/obj/vectors.o
NMIVector                                         build/obj/vectors.o
PendSVVector                                      build/obj/vectors.o
ResetHandler                                      build/obj/crt0.o
                                                  build/obj/vectors.o
SD2                                               build/obj/serial_lld.o
                                                  build/obj/main.o
SVCallVector                                      build/obj/chcore_v7m.o
                                                  build/obj/vectors.o
SequencerThread::main()                           build/obj/main.o
SysTickVector                                     build/obj/chcore_v7m.o
                                                  build/obj/vectors.o
TestThread                                        build/obj/test.o
                                                  build/obj/main.o
TesterThread::main()                              build/obj/main.o
UsageFaultVector                                  build/obj/vectors.o
Vector100                                         build/obj/vectors.o
Vector104                                         build/obj/vectors.o
Vector108                                         build/obj/vectors.o
Vector10C                                         build/obj/vectors.o
Vector110                                         build/obj/vectors.o
Vector114                                         build/obj/vectors.o
Vector118                                         build/obj/vectors.o
Vector11C                                         build/obj/vectors.o
Vector120                                         build/obj/vectors.o
Vector124                                         build/obj/vectors.o
Vector128                                         build/obj/vectors.o
Vector12C                                         build/obj/vectors.o
Vector130                                         build/obj/vectors.o
Vector134                                         build/obj/vectors.o
Vector138                                         build/obj/vectors.o
Vector13C                                         build/obj/vectors.o
Vector140                                         build/obj/vectors.o
Vector144                                         build/obj/vectors.o
Vector148                                         build/obj/vectors.o
Vector14C                                         build/obj/vectors.o
Vector150                                         build/obj/vectors.o
Vector154                                         build/obj/vectors.o
Vector158                                         build/obj/vectors.o
Vector15C                                         build/obj/vectors.o
Vector160                                         build/obj/vectors.o
Vector164                                         build/obj/vectors.o
Vector168                                         build/obj/vectors.o
Vector16C                                         build/obj/vectors.o
Vector170                                         build/obj/vectors.o
Vector174                                         build/obj/vectors.o
Vector178                                         build/obj/vectors.o
Vector17C                                         build/obj/vectors.o