Archive member included because of file (symbol)

/usr/bin/../lib/gcc/arm-none-eabi/4.7.4/../../../../arm-none-eabi/lib/armv7e-m/libc.a(lib_a-memcpy.o)
                              build/obj/chibios.o (memcpy)
/usr/bin/../lib/gcc/arm-none-eabi/4.7.4/../../../../arm-none-eabi/lib/armv7e-m/libc.a(lib_a-memset.o)
                              build/obj/usb.o (memset)
/usr/bin/../lib/gcc/arm-none-eabi/4.7.4/../../../../arm-none-eabi/lib/armv7e-m/libc.a(lib_a-strcasecmp.o)
                              build/obj/shell.o (strcasecmp)
/usr/bin/../lib/gcc/arm-none-eabi/4.7.4/../../../../arm-none-eabi/lib/armv7e-m/libc.a(lib_a-strcmp.o)
                              build/obj/list.o (strcmp)
/usr/bin/../lib/gcc/arm-none-eabi/4.7.4/../../../../arm-none-eabi/lib/armv7e-m/libc.a(lib_a-strcpy.o)
                              build/obj/gwidget.o (strcpy)
/usr/bin/../lib/gcc/arm-none-eabi/4.7.4/../../../../arm-none-eabi/lib/armv7e-m/libc.a(lib_a-strlen.o)
                              build/obj/gwidget.o (strlen)
/usr/bin/../lib/gcc/arm-none-eabi/4.7.4/../../../../arm-none-eabi/lib/armv7e-m/libc.a(lib_a-strpbrk.o)
                              build/obj/shell.o (strpbrk)
/usr/bin/../lib/gcc/arm-none-eabi/4.7.4/../../../../arm-none-eabi/lib/armv7e-m/libc.a(lib_a-strspn.o)
                              build/obj/shell.o (strspn)
/usr/bin/../lib/gcc/arm-none-eabi/4.7.4/../../../../arm-none-eabi/lib/armv7e-m/libc.a(lib_a-ctype_.o)
                              /usr/bin/../lib/gcc/arm-none-eabi/4.7.4/../../../../arm-none-eabi/lib/armv7e-m/libc.a(lib_a-strcasecmp.o) (__ctype_ptr__)

Discarded input sections

 .text          0x00000000        0x0 build/obj/crt0.o
 .data          0x00000000        0x0 build/obj/crt0.o
 .bss           0x00000000        0x0 build/obj/crt0.o
 .text.__early_init
                0x00000000       0x10 build/obj/crt0.o
 .text          0x00000000        0x0 build/obj/vectors.o
 .data          0x00000000        0x0 build/obj/vectors.o
 .bss           0x00000000        0x0 build/obj/vectors.o
 .text          0x00000000        0x0 build/obj/chcore.o
 .data          0x00000000        0x0 build/obj/chcore.o
 .bss           0x00000000        0x0 build/obj/chcore.o
 .text          0x00000000        0x0 build/obj/chcore_v7m.o
 .data          0x00000000        0x0 build/obj/chcore_v7m.o
 .bss           0x00000000        0x0 build/obj/chcore_v7m.o
 .text          0x00000000        0x0 build/obj/nvic.o
 .data          0x00000000        0x0 build/obj/nvic.o
 .bss           0x00000000        0x0 build/obj/nvic.o
 .text.nvicDisableVector
                0x00000000       0x40 build/obj/nvic.o
 .text          0x00000000        0x0 build/obj/chsys.o
 .data          0x00000000        0x0 build/obj/chsys.o
 .bss           0x00000000        0x0 build/obj/chsys.o
 .text          0x00000000        0x0 build/obj/chdebug.o
 .data          0x00000000        0x0 build/obj/chdebug.o
 .bss           0x00000000        0x0 build/obj/chdebug.o
 .debug_info    0x00000000       0x79 build/obj/chdebug.o
 .debug_abbrev  0x00000000       0x26 build/obj/chdebug.o
 .debug_aranges
                0x00000000       0x18 build/obj/chdebug.o
 .debug_line    0x00000000       0x1d build/obj/chdebug.o
 .debug_str     0x00000000      0x137 build/obj/chdebug.o
 .comment       0x00000000       0x71 build/obj/chdebug.o
 .ARM.attributes
                0x00000000       0x3b build/obj/chdebug.o
 .text          0x00000000        0x0 build/obj/chlists.o
 .data          0x00000000        0x0 build/obj/chlists.o
 .bss           0x00000000        0x0 build/obj/chlists.o
 .debug_info    0x00000000       0x79 build/obj/chlists.o
 .debug_abbrev  0x00000000       0x26 build/obj/chlists.o
 .debug_aranges
                0x00000000       0x18 build/obj/chlists.o
 .debug_line    0x00000000       0x1d build/obj/chlists.o
 .debug_str     0x00000000      0x137 build/obj/chlists.o
 .comment       0x00000000       0x71 build/obj/chlists.o
 .ARM.attributes
                0x00000000       0x3b build/obj/chlists.o
 .text          0x00000000        0x0 build/obj/chvt.o
 .data          0x00000000        0x0 build/obj/chvt.o
 .bss           0x00000000        0x0 build/obj/chvt.o
 .text.chTimeIsWithin
                0x00000000       0x30 build/obj/chvt.o
 .text          0x00000000        0x0 build/obj/chschd.o
 .data          0x00000000        0x0 build/obj/chschd.o
 .bss           0x00000000        0x0 build/obj/chschd.o
 .text          0x00000000        0x0 build/obj/chthreads.o
 .data          0x00000000        0x0 build/obj/chthreads.o
 .bss           0x00000000        0x0 build/obj/chthreads.o
 .text.chThdSetPriority
                0x00000000       0x30 build/obj/chthreads.o
 .text.chThdResume
                0x00000000       0x20 build/obj/chthreads.o
 .text.chThdTerminate
                0x00000000       0x20 build/obj/chthreads.o
 .text.chThdSleepUntil
                0x00000000       0x30 build/obj/chthreads.o
 .text.chThdWait
[...]
Memory Configuration

Name             Origin             Length             Attributes
flash            0x08000000         0x00100000
ram              0x20000000         0x0001c000
ethram           0x2001c000         0x00004000
ccmram           0x10000000         0x00010000
*default*        0x00000000         0xffffffff

Linker script and memory map

LOAD build/obj/crt0.o
LOAD build/obj/vectors.o
LOAD build/obj/chcore.o
LOAD build/obj/chcore_v7m.o
LOAD build/obj/nvic.o
LOAD build/obj/chsys.o
LOAD build/obj/chdebug.o
LOAD build/obj/chlists.o
LOAD build/obj/chvt.o
LOAD build/obj/chschd.o
LOAD build/obj/chthreads.o
LOAD build/obj/chdynamic.o
LOAD build/obj/chregistry.o
LOAD build/obj/chsem.o
LOAD build/obj/chmtx.o
LOAD build/obj/chcond.o
LOAD build/obj/chevents.o
LOAD build/obj/chmsg.o
LOAD build/obj/chmboxes.o
LOAD build/obj/chqueues.o
LOAD build/obj/chmemcore.o
LOAD build/obj/chheap.o
LOAD build/obj/chmempools.o
LOAD build/obj/test.o
LOAD build/obj/testthd.o
LOAD build/obj/testsem.o
LOAD build/obj/testmtx.o
LOAD build/obj/testmsg.o
LOAD build/obj/testmbox.o
LOAD build/obj/testevt.o
LOAD build/obj/testheap.o
LOAD build/obj/testpools.o
LOAD build/obj/testdyn.o
LOAD build/obj/testqueues.o
LOAD build/obj/testbmk.o
LOAD build/obj/hal.o
LOAD build/obj/adc.o
LOAD build/obj/can.o
LOAD build/obj/dac.o
LOAD build/obj/ext.o
LOAD build/obj/gpt.o
LOAD build/obj/i2c.o
LOAD build/obj/icu.o
LOAD build/obj/mac.o
LOAD build/obj/mmc_spi.o
LOAD build/obj/mmcsd.o
LOAD build/obj/pal.o
LOAD build/obj/pwm.o
LOAD build/obj/rtc.o
LOAD build/obj/sdc.o
LOAD build/obj/serial.o
LOAD build/obj/serial_usb.o
LOAD build/obj/spi.o
LOAD build/obj/tm.o
LOAD build/obj/uart.o
LOAD build/obj/usb.o
LOAD build/obj/stm32_dma.o
LOAD build/obj/hal_lld.o
LOAD build/obj/adc_lld.o
LOAD build/obj/ext_lld_isr.o
LOAD build/obj/can_lld.o
LOAD build/obj/ext_lld.o
LOAD build/obj/gpt_lld.o
LOAD build/obj/icu_lld.o
LOAD build/obj/mac_lld.o
LOAD build/obj/pwm_lld.o
LOAD build/obj/sdc_lld.o
LOAD build/obj/pal_lld.o
LOAD build/obj/i2c_lld.o
LOAD build/obj/usb_lld.o
LOAD build/obj/rtc_lld.o
LOAD build/obj/spi_lld.o
LOAD build/obj/serial_lld.o
LOAD build/obj/uart_lld.o
LOAD build/obj/board.o
LOAD build/obj/shell.o
LOAD build/obj/chprintf.o
LOAD build/obj/main.o
LOAD build/obj/gfx.o
LOAD build/obj/chibios.o
LOAD build/obj/win32.o
LOAD build/obj/linux.o
LOAD build/obj/osx.o
LOAD build/obj/gqueue.o
LOAD build/obj/gdisp.o
LOAD build/obj/fonts.o
LOAD build/obj/image.o
LOAD build/obj/image_native.o
LOAD build/obj/image_gif.o
LOAD build/obj/image_bmp.o
LOAD build/obj/image_jpg.o
LOAD build/obj/image_png.o
LOAD build/obj/tdisp.o
LOAD build/obj/gevent.o
LOAD build/obj/gtimer.o
LOAD build/obj/gwin.o
LOAD build/obj/gwidget.o
LOAD build/obj/gwm.o
LOAD build/obj/console.o
LOAD build/obj/graph.o
LOAD build/obj/button.o
LOAD build/obj/slider.o
LOAD build/obj/checkbox.o
LOAD build/obj/gimage.o
LOAD build/obj/label.o
LOAD build/obj/radio.o
LOAD build/obj/list.o
LOAD build/obj/ginput.o
LOAD build/obj/mouse.o
LOAD build/obj/keyboard.o
LOAD build/obj/toggle.o
LOAD build/obj/dial.o
LOAD build/obj/gadc.o
LOAD build/obj/gaudin.o
LOAD build/obj/gaudout.o
LOAD build/obj/gmisc.o
LOAD build/obj/arrayops.o
LOAD build/obj/trig.o
LOAD build/obj/gdisp_lld.o
LOAD build/obj/ginput_lld_mouse.o
START GROUP
LOAD /usr/bin/../lib/gcc/arm-none-eabi/4.7.4/armv7e-m/libgcc.a
LOAD /usr/bin/../lib/gcc/arm-none-eabi/4.7.4/../../../../arm-none-eabi/lib/armv7e-m/libc.a
END GROUP
                0x00000400                __main_stack_size__ = 0x400
                0x00000400                __process_stack_size__ = 0x400
                0x20000000                __ram_start__ = ORIGIN (ram)
                0x0001c000                __ram_size__ = 0x1c000
                0x2001c000                __ram_end__ = (__ram_start__ + __ram_size__)
                0x00000000                . = 0x0
                0x00000000                _text = .

startup         0x08000000      0x188
 *(vectors)
 vectors        0x08000000      0x188 build/obj/vectors.o
                0x08000000                _vectors

constructors    0x08000188        0x0
                0x08000188                PROVIDE (__init_array_start, .)
 *(SORT(.init_array.*))
 *(.init_array)
                0x08000188                PROVIDE (__init_array_end, .)

destructors     0x08000188        0x0
                0x08000188                PROVIDE (__fini_array_start, .)
 *(.fini_array)
 *(SORT(.fini_array.*))
                0x08000188                PROVIDE (__fini_array_end, .)

.text           0x08000190     0x869c
 *(.text.startup.*)
 .text.startup.main
                0x08000190      0xa70 build/obj/main.o
                0x08000190                main
 *(.text)
 *(.text.*)
 .text.__late_init
                0x08000c00       0x10 build/obj/crt0.o
                0x08000c00                __late_init
 .text._default_exit
                0x08000c10       0x10 build/obj/crt0.o
                0x08000c10                _default_exit
 .text.ResetHandler
                0x08000c20      0x200 build/obj/crt0.o
                0x08000c20                ResetHandler
 .text._unhandled_exception
                0x08000e20       0x10 build/obj/vectors.o
                0x08000e20                Vector58
                0x08000e20                VectorE8
                0x08000e20                Vector9C
                0x08000e20                VectorAC
                0x08000e20                Vector5C
                0x08000e20                NMIVector
                0x08000e20                Vector11C
                0x08000e20                Vector8C
                0x08000e20                VectorDC
                0x08000e20                Vector168
                0x08000e20                Vector110
                0x08000e20                VectorC8
                0x08000e20                Vector94
                0x08000e20                VectorA8
                0x08000e20                VectorB4
                0x08000e20                Vector160
                0x08000e20                VectorEC
                0x08000e20                UsageFaultVector
                0x08000e20                DebugMonitorVector
                0x08000e20                Vector40
                0x08000e20                VectorF8
                0x08000e20                Vector108
                0x08000e20                VectorBC
                0x08000e20                Vector148
                0x08000e20                PendSVVector
                0x08000e20                Vector118
                0x08000e20                Vector64
                0x08000e20                VectorCC
                0x08000e20                Vector54
                0x08000e20                Vector98
                0x08000e20                VectorD8
                0x08000e20                Vector138
                0x08000e20                Vector24
                0x08000e20                Vector178
                0x08000e20                BusFaultVector
                0x08000e20                VectorD0
                0x08000e20                Vector140
                0x08000e20                VectorE4
                0x08000e20                VectorC0
                0x08000e20                HardFaultVector
                0x08000e20                Vector134
                0x08000e20                VectorF0
                0x08000e20                Vector13C
                0x08000e20                Vector100
                0x08000e20                VectorE0
                0x08000e20                VectorF4
                0x08000e20                MemManageVector
                0x08000e20                VectorA0
                0x08000e20                VectorC4
                0x08000e20                Vector180
                0x08000e20                VectorB0
                0x08000e20                Vector90
                0x08000e20                Vector114
                0x08000e20                Vector164
                0x08000e20                Vector60
                0x08000e20                Vector1C
                0x08000e20                Vector17C
                0x08000e20                Vector48
                0x08000e20                Vector16C
                0x08000e20                VectorD4
                0x08000e20                Vector4C
                0x08000e20                Vector144
                0x08000e20                Vector15C
                0x08000e20                Vector68
                0x08000e20                _unhandled_exception
                0x08000e20                Vector170
                0x08000e20                Vector88
                0x08000e20                Vector104
                0x08000e20                Vector184
                0x08000e20                Vector10C
                0x08000e20                Vector50
                0x08000e20                Vector44
                0x08000e20                Vector28
                0x08000e20                Vector34
                0x08000e20                VectorA4
                0x08000e20                Vector20
                0x08000e20                Vector174
 .text.port_halt
                0x08000e30       0x10 build/obj/chcore.o
                0x08000e30                port_halt
 .text._port_switch_from_isr
                0x08000e40       0x10 build/obj/chcore_v7m.o
                0x08000e40                _port_switch_from_isr
 .text.SVCallVector
                0x08000e50       0x30 build/obj/chcore_v7m.o
                0x08000e50                SVCallVector
 .text._port_init
                0x08000e80       0x40 build/obj/chcore_v7m.o
                0x08000e80                _port_init
 .text._port_irq_epilogue
                0x08000ec0       0x90 build/obj/chcore_v7m.o
                0x08000ec0                _port_irq_epilogue
 .text.SysTickVector
                0x08000f50       0x20 build/obj/chcore_v7m.o
                0x08000f50                SysTickVector
 .text._port_switch
                0x08000f70       0x20 build/obj/chcore_v7m.o
                0x08000f70                _port_switch
 .text._port_thread_start
                0x08000f90       0x10 build/obj/chcore_v7m.o
                0x08000f90                _port_thread_start
 .text.nvicEnableVector
                0x08000fa0       0x50 build/obj/nvic.o
                0x08000fa0                nvicEnableVector
 .text.nvicSetSystemHandlerPriority
                0x08000ff0       0x30 build/obj/nvic.o
                0x08000ff0                nvicSetSystemHandlerPriority
 .text._idle_thread
                0x08001020       0x20 build/obj/chsys.o
                0x08001020                _idle_thread
 .text.chSysInit
                0x08001040       0x70 build/obj/chsys.o
                0x08001040                chSysInit
 .text.chSysTimerHandlerI
                0x080010b0       0x60 build/obj/chsys.o
                0x080010b0                chSysTimerHandlerI
 .text._vt_init
                0x08001110       0x20 build/obj/chvt.o
                0x08001110                _vt_init
 .text.chVTSetI
                0x08001130       0x40 build/obj/chvt.o
                0x08001130                chVTSetI
 .text.chVTResetI
                0x08001170       0x30 build/obj/chvt.o
                0x08001170                chVTResetI
 .text.wakeup   0x080011a0       0x60 build/obj/chschd.o
 .text._scheduler_init
                0x08001200       0x20 build/obj/chschd.o
                0x08001200                _scheduler_init
 .text.chSchReadyI
                0x08001220       0x20 build/obj/chschd.o
                0x08001220                chSchReadyI
 .text.chSchGoSleepS
                0x08001240       0x30 build/obj/chschd.o
                0x08001240                chSchGoSleepS
 .text.chSchGoSleepTimeoutS
                0x08001270       0x40 build/obj/chschd.o
                0x08001270                chSchGoSleepTimeoutS
 .text.chSchWakeupS
                0x080012b0       0x60 build/obj/chschd.o
                0x080012b0                chSchWakeupS
 .text.chSchDoRescheduleBehind
                0x08001310       0x40 build/obj/chschd.o
                0x08001310                chSchDoRescheduleBehind
 .text.chSchDoRescheduleAhead
                0x08001350       0x40 build/obj/chschd.o
                0x08001350                chSchDoRescheduleAhead
 .text.chSchRescheduleS
                0x08001390       0x20 build/obj/chschd.o
                0x08001390                chSchRescheduleS
 .text.chSchDoReschedule
                0x080013b0       0x20 build/obj/chschd.o
                0x080013b0                chSchDoReschedule
 .text._thread_init
                0x080013d0       0x50 build/obj/chthreads.o
                0x080013d0                _thread_init
 .text.chThdCreateI
                0x08001420       0x70 build/obj/chthreads.o
                0x08001420                chThdCreateI
 .text.chThdCreateStatic
                0x08001490       0x30 build/obj/chthreads.o
                0x08001490                chThdCreateStatic
 .text.chThdSleep
                0x080014c0       0x20 build/obj/chthreads.o
                0x080014c0                chThdSleep
 .text.chThdYield
                0x080014e0       0x30 build/obj/chthreads.o
                0x080014e0                chThdYield
 .text.chThdExitS
                0x08001510       0x40 build/obj/chthreads.o
                0x08001510                chThdExitS
 .text.chThdExit
                0x08001550       0x10 build/obj/chthreads.o
                0x08001550                chThdExit
 .text.chThdCreateFromHeap
                0x08001560       0x40 build/obj/chdynamic.o
                0x08001560                chThdCreateFromHeap
 .text.chSemInit
                0x080015a0       0x10 build/obj/chsem.o
                0x080015a0                chSemInit
 .text.chSemWaitS
                0x080015b0       0x40 build/obj/chsem.o
                0x080015b0                chSemWaitS
 .text.chSemWait
                0x080015f0       0x20 build/obj/chsem.o
                0x080015f0                chSemWait
 .text.chSemWaitTimeoutS
                0x08001610       0x40 build/obj/chsem.o
                0x08001610                chSemWaitTimeoutS
 .text.chSemWaitTimeout
                0x08001650       0x20 build/obj/chsem.o
                0x08001650                chSemWaitTimeout
 .text.chSemSignalI
                0x08001670       0x20 build/obj/chsem.o
                0x08001670                chSemSignalI
 .text.chMtxInit
                0x08001690       0x10 build/obj/chmtx.o
                0x08001690                chMtxInit
 .text.chMtxLockS
                0x080016a0       0xd0 build/obj/chmtx.o
                0x080016a0                chMtxLockS
 .text.chMtxLock
                0x08001770       0x20 build/obj/chmtx.o
                0x08001770                chMtxLock
 .text.chMtxUnlock
                0x08001790       0x60 build/obj/chmtx.o
                0x08001790                chMtxUnlock
 .text._core_init
                0x080017f0       0x30 build/obj/chmemcore.o
                0x080017f0                _core_init
 .text.chCoreAlloc
                0x08001820       0x40 build/obj/chmemcore.o
                0x08001820                chCoreAlloc
 .text._heap_init
                0x08001860       0x20 build/obj/chheap.o
                0x08001860                _heap_init
 .text.chHeapAlloc
                0x08001880       0x90 build/obj/chheap.o
                0x08001880                chHeapAlloc
 .text.chHeapFree
                0x08001910       0x90 build/obj/chheap.o
                0x08001910                chHeapFree
 .text.halInit  0x080019a0       0x30 build/obj/hal.o
                0x080019a0                halInit
 .text.halPolledDelay
                0x080019d0       0x30 build/obj/hal.o
                0x080019d0                halPolledDelay
 .text.palSetBusMode
                0x08001a00       0x10 build/obj/pal.o
                0x08001a00                palSetBusMode
 .text.pwmInit  0x08001a10       0x10 build/obj/pwm.o
                0x08001a10                pwmInit
 .text.pwmObjectInit
                0x08001a20       0x10 build/obj/pwm.o
                0x08001a20                pwmObjectInit
 .text.sduInit  0x08001a30       0x10 build/obj/serial_usb.o
                0x08001a30                sduInit
 .text.spiInit  0x08001a40       0x10 build/obj/spi.o
                0x08001a40                spiInit
 .text.spiObjectInit
                0x08001a50       0x10 build/obj/spi.o
                0x08001a50                spiObjectInit
 .text.spiStart
                0x08001a60       0x20 build/obj/spi.o
                0x08001a60                spiStart
 .text.spiExchange
                0x08001a80       0x30 build/obj/spi.o
                0x08001a80                spiExchange
 .text.spiAcquireBus
                0x08001ab0       0x10 build/obj/spi.o
                0x08001ab0                spiAcquireBus
 .text.spiReleaseBus
                0x08001ac0       0x10 build/obj/spi.o
                0x08001ac0                spiReleaseBus
 .text.usbInit  0x08001ad0       0x10 build/obj/usb.o
                0x08001ad0                usbInit
 .text.usbObjectInit
                0x08001ae0       0x20 build/obj/usb.o
                0x08001ae0                usbObjectInit
 .text.usbPrepareReceive
                0x08001b00       0x20 build/obj/usb.o
                0x08001b00                usbPrepareReceive
 .text.usbPrepareTransmit
                0x08001b20       0x20 build/obj/usb.o
                0x08001b20                usbPrepareTransmit
 .text.usbStartReceiveI
                0x08001b40       0x30 build/obj/usb.o
                0x08001b40                usbStartReceiveI
 .text.usbStartTransmitI
                0x08001b70       0x30 build/obj/usb.o
                0x08001b70                usbStartTransmitI
 .text._usb_reset
                0x08001ba0       0x30 build/obj/usb.o
                0x08001ba0                _usb_reset
 .text._usb_ep0setup
                0x08001bd0      0x320 build/obj/usb.o
                0x08001bd0                _usb_ep0setup
 .text._usb_ep0in
                0x08001ef0       0xc0 build/obj/usb.o
                0x08001ef0                _usb_ep0in
 .text._usb_ep0out
                0x08001fb0       0x80 build/obj/usb.o
                0x08001fb0                _usb_ep0out
 .text.Vector6C
                0x08002030       0x30 build/obj/stm32_dma.o
                0x08002030                Vector6C
 .text.Vector70
                0x08002060       0x30 build/obj/stm32_dma.o
                0x08002060                Vector70
 .text.Vector74
                0x08002090       0x30 build/obj/stm32_dma.o
                0x08002090                Vector74
 .text.Vector78
                0x080020c0       0x30 build/obj/stm32_dma.o
                0x080020c0                Vector78
 .text.Vector7C
                0x080020f0       0x30 build/obj/stm32_dma.o
                0x080020f0                Vector7C
 .text.Vector80
                0x08002120       0x30 build/obj/stm32_dma.o
                0x08002120                Vector80
 .text.Vector84
                0x08002150       0x30 build/obj/stm32_dma.o
                0x08002150                Vector84
 .text.VectorFC
                0x08002180       0x30 build/obj/stm32_dma.o
                0x08002180                VectorFC
 .text.Vector120
                0x080021b0       0x30 build/obj/stm32_dma.o
                0x080021b0                Vector120
 .text.Vector124
                0x080021e0       0x30 build/obj/stm32_dma.o
                0x080021e0                Vector124
 .text.Vector128
                0x08002210       0x30 build/obj/stm32_dma.o
                0x08002210                Vector128
 .text.Vector12C
                0x08002240       0x30 build/obj/stm32_dma.o
                0x08002240                Vector12C
 .text.Vector130
                0x08002270       0x30 build/obj/stm32_dma.o
                0x08002270                Vector130
 .text.Vector150
                0x080022a0       0x30 build/obj/stm32_dma.o
                0x080022a0                Vector150
 .text.Vector154
                0x080022d0       0x30 build/obj/stm32_dma.o
                0x080022d0                Vector154
 .text.Vector158
                0x08002300       0x30 build/obj/stm32_dma.o
                0x08002300                Vector158
 .text.dmaInit  0x08002330      0x140 build/obj/stm32_dma.o
                0x08002330                dmaInit
 .text.dmaStreamAllocate
                0x08002470       0xa0 build/obj/stm32_dma.o
                0x08002470                dmaStreamAllocate
 .text.hal_lld_init
                0x08002510       0x90 build/obj/hal_lld.o
                0x08002510                hal_lld_init
 .text.stm32_clock_init
                0x080025a0       0xe0 build/obj/hal_lld.o
                0x080025a0                stm32_clock_init
 .text.VectorB8
                0x08002680       0x80 build/obj/pwm_lld.o
                0x08002680                VectorB8
 .text.pwm_lld_init
                0x08002700       0x20 build/obj/pwm_lld.o
                0x08002700                pwm_lld_init
 .text._pal_lld_init
                0x08002720      0x1b0 build/obj/pal_lld.o
                0x08002720                _pal_lld_init
 .text._pal_lld_setgroupmode
                0x080028d0       0xd0 build/obj/pal_lld.o
                0x080028d0                _pal_lld_setgroupmode
 .text.otg_epout_handler
                0x080029a0       0x60 build/obj/usb_lld.o
 .text.otg_txfifo_flush
                0x08002a00       0x20 build/obj/usb_lld.o
 .text.otg_epin_handler
                0x08002a20       0x80 build/obj/usb_lld.o
 .text.Vector14C
                0x08002aa0      0x100 build/obj/usb_lld.o
                0x08002aa0                Vector14C
 .text.usb_lld_init
                0x08002ba0       0x30 build/obj/usb_lld.o
                0x08002ba0                usb_lld_init
 .text.usb_lld_reset
                0x08002bd0      0x130 build/obj/usb_lld.o
                0x08002bd0                usb_lld_reset
 .text.usb_lld_set_address
                0x08002d00       0x20 build/obj/usb_lld.o
                0x08002d00                usb_lld_set_address
 .text.usb_lld_get_status_out
                0x08002d20       0x20 build/obj/usb_lld.o
                0x08002d20                usb_lld_get_status_out
 .text.usb_lld_get_status_in
                0x08002d40       0x20 build/obj/usb_lld.o
                0x08002d40                usb_lld_get_status_in
 .text.usb_lld_read_setup
                0x08002d60       0x20 build/obj/usb_lld.o
                0x08002d60                usb_lld_read_setup
 .text.usb_lld_prepare_receive
                0x08002d80       0x30 build/obj/usb_lld.o
                0x08002d80                usb_lld_prepare_receive
 .text.usb_lld_prepare_transmit
                0x08002db0       0x40 build/obj/usb_lld.o
                0x08002db0                usb_lld_prepare_transmit
 .text.usb_lld_start_out
                0x08002df0       0x10 build/obj/usb_lld.o
                0x08002df0                usb_lld_start_out
 .text.usb_lld_start_in
                0x08002e00       0x30 build/obj/usb_lld.o
                0x08002e00                usb_lld_start_in
 .text.usb_lld_stall_out
                0x08002e30       0x10 build/obj/usb_lld.o
                0x08002e30                usb_lld_stall_out
 .text.usb_lld_stall_in
                0x08002e40       0x10 build/obj/usb_lld.o
                0x08002e40                usb_lld_stall_in
 .text.usb_lld_clear_out
                0x08002e50       0x10 build/obj/usb_lld.o
                0x08002e50                usb_lld_clear_out
 .text.usb_lld_clear_in
                0x08002e60       0x10 build/obj/usb_lld.o
                0x08002e60                usb_lld_clear_in
 .text.spi_lld_serve_tx_interrupt
                0x08002e70       0x10 build/obj/spi_lld.o
 .text.spi_lld_serve_rx_interrupt
                0x08002e80       0x90 build/obj/spi_lld.o
 .text.spi_lld_init
                0x08002f10       0x50 build/obj/spi_lld.o
                0x08002f10                spi_lld_init
 .text.spi_lld_start
                0x08002f60       0xb0 build/obj/spi_lld.o
                0x08002f60                spi_lld_start
 .text.spi_lld_exchange
                0x08003010       0x40 build/obj/spi_lld.o
                0x08003010                spi_lld_exchange
 .text.__early_init
                0x08003050       0x10 build/obj/board.o
                0x08003050                __early_init
 .text.boardInit
                0x08003060       0x10 build/obj/board.o
                0x08003060                boardInit
 .text.gfxInit  0x08003070       0x40 build/obj/gfx.o
                0x08003070                gfxInit
 .text._gosInit
                0x080030b0       0x20 build/obj/chibios.o
                0x080030b0                _gosInit
 .text.gfxSleepMilliseconds
                0x080030d0       0x30 build/obj/chibios.o
                0x080030d0                gfxSleepMilliseconds
 .text.gfxSleepMicroseconds
                0x08003100       0x30 build/obj/chibios.o
                0x08003100                gfxSleepMicroseconds
 .text.gfxSemInit
                0x08003130       0x10 build/obj/chibios.o
                0x08003130                gfxSemInit
 .text.gfxSemWait
                0x08003140       0x40 build/obj/chibios.o
                0x08003140                gfxSemWait
 .text.gfxSemSignal
                0x08003180       0x20 build/obj/chibios.o
                0x08003180                gfxSemSignal
 .text.gfxThreadCreate
                0x080031a0       0x30 build/obj/chibios.o
                0x080031a0                gfxThreadCreate
 .text.gfxQueueASyncInit
                0x080031d0       0x10 build/obj/gqueue.o
                0x080031d0                gfxQueueASyncInit
 .text.gfxQueueASyncPut
                0x080031e0       0x30 build/obj/gqueue.o
                0x080031e0                gfxQueueASyncPut
 .text.gfxQueueASyncRemove
                0x08003210       0x50 build/obj/gqueue.o
                0x08003210                gfxQueueASyncRemove
 .text._gdispInit
                0x08003260       0x30 build/obj/gdisp.o
                0x08003260                _gdispInit
 .text.gdispClear
                0x08003290       0x20 build/obj/gdisp.o
                0x08003290                gdispClear
 .text.gdispDrawLine
                0x080032b0       0x40 build/obj/gdisp.o
                0x080032b0                gdispDrawLine
 .text.gdispFillArea
                0x080032f0       0x40 build/obj/gdisp.o
                0x080032f0                gdispFillArea
 .text.gdispSetClip
                0x08003330       0x30 build/obj/gdisp.o
                0x08003330                gdispSetClip
 .text.gdispDrawCircle
                0x08003360       0x30 build/obj/gdisp.o
                0x08003360                gdispDrawCircle
 .text.gdispFillCircle
                0x08003390       0x30 build/obj/gdisp.o
                0x08003390                gdispFillCircle
 .text.gdispDrawChar
                0x080033c0       0x40 build/obj/gdisp.o
                0x080033c0                gdispDrawChar
 .text.gdispFillChar
                0x08003400       0x40 build/obj/gdisp.o
                0x08003400                gdispFillChar
 .text.gdispDrawBox
                0x08003440       0xe0 build/obj/gdisp.o
                0x08003440                gdispDrawBox
 .text.gdispGetFontMetric
                0x08003520       0x60 build/obj/gdisp.o
                0x08003520                gdispGetFontMetric
 .text.gdispGetCharWidth
                0x08003580       0x30 build/obj/gdisp.o
                0x08003580                gdispGetCharWidth
 .text.gdispGetStringWidth
                0x080035b0       0x60 build/obj/gdisp.o
                0x080035b0                gdispGetStringWidth
 .text.gdispFillStringBox
                0x08003610      0x400 build/obj/gdisp.o
                0x08003610                gdispFillStringBox
 .text.gdispDrawStringBox
                0x08003a10      0x3b0 build/obj/gdisp.o
                0x08003a10                gdispDrawStringBox
 .text.gdispOpenFont
                0x08003dc0       0x70 build/obj/fonts.o
                0x08003dc0                gdispOpenFont
 .text.gdispCloseFont
                0x08003e30       0x10 build/obj/fonts.o
                0x08003e30                gdispCloseFont
 .text.deleteAssignments
                0x08003e40      0x130 build/obj/gevent.o
 .text._geventInit
                0x08003f70       0x10 build/obj/gevent.o
                0x08003f70                _geventInit
 .text.geventListenerInit
                0x08003f80       0x30 build/obj/gevent.o
                0x08003f80                geventListenerInit
 .text.geventAttachSource
                0x08003fb0      0x140 build/obj/gevent.o
                0x08003fb0                geventAttachSource
 .text.geventEventWait
                0x080040f0       0x20 build/obj/gevent.o
                0x080040f0                geventEventWait
 .text.geventRegisterCallback
                0x08004110       0x50 build/obj/gevent.o
                0x08004110                geventRegisterCallback
 .text.geventGetSourceListener
                0x08004160       0x80 build/obj/gevent.o
                0x08004160                geventGetSourceListener
 .text.geventGetEventBuffer
                0x080041e0       0x20 build/obj/gevent.o
                0x080041e0                geventGetEventBuffer
 .text.geventSendEvent
                0x08004200       0x40 build/obj/gevent.o
                0x08004200                geventSendEvent
 .text.geventDetachSourceListeners
                0x08004240       0x20 build/obj/gevent.o
                0x08004240                geventDetachSourceListeners
 .text.GTimerThreadHandler
                0x08004260       0xe0 build/obj/gtimer.o
 .text._gtimerInit
                0x08004340       0x30 build/obj/gtimer.o
                0x08004340                _gtimerInit
 .text.gtimerStart
                0x08004370      0x120 build/obj/gtimer.o
                0x08004370                gtimerStart
 .text.gtimerStop
                0x08004490       0x50 build/obj/gtimer.o
                0x08004490                gtimerStop
 .text._gwinInit
                0x080044e0       0x10 build/obj/gwin.o
                0x080044e0                _gwinInit
 .text._gwindowCreate
                0x080044f0       0x80 build/obj/gwin.o
                0x080044f0                _gwindowCreate
 .text.gwinSetDefaultBgColor
                0x08004570       0x10 build/obj/gwin.o
                0x08004570                gwinSetDefaultBgColor
 .text.gwinGetDefaultBgColor
                0x08004580       0x10 build/obj/gwin.o
                0x08004580                gwinGetDefaultBgColor
 .text.gwinSetDefaultFont
                0x08004590       0x10 build/obj/gwin.o
                0x08004590                gwinSetDefaultFont
 .text.gwinGetDefaultFont
                0x080045a0       0x10 build/obj/gwin.o
                0x080045a0                gwinGetDefaultFont
 .text.gwinSetVisible
                0x080045b0       0x50 build/obj/gwin.o
                0x080045b0                gwinSetVisible
 .text.gwinSetEnabled
                0x08004600       0x60 build/obj/gwin.o
                0x08004600                gwinSetEnabled
 .text.gwinResize
                0x08004660       0x30 build/obj/gwin.o
                0x08004660                gwinResize
 .text.gwinClear
                0x08004690       0x50 build/obj/gwin.o
                0x08004690                gwinClear
 .text._gwidgetCreate
                0x080046e0       0x40 build/obj/gwidget.o
                0x080046e0                _gwidgetCreate
 .text.gwidgetEvent
                0x08004720       0xf0 build/obj/gwidget.o
 .text._gwidgetInit
                0x08004810       0x30 build/obj/gwidget.o
                0x08004810                _gwidgetInit
 .text._gwidgetDestroy
                0x08004840       0x30 build/obj/gwidget.o
                0x08004840                _gwidgetDestroy
 .text._gwidgetRedraw
                0x08004870       0x30 build/obj/gwidget.o
                0x08004870                _gwidgetRedraw
 .text.gwinSetText
                0x080048a0       0x70 build/obj/gwidget.o
                0x080048a0                gwinSetText
 .text.gwinGetText
                0x08004910       0x20 build/obj/gwidget.o
                0x08004910                gwinGetText
 .text.gwinSetStyle
                0x08004930       0x30 build/obj/gwidget.o
                0x08004930                gwinSetStyle
 .text.gwinSetDefaultStyle
                0x08004960       0x50 build/obj/gwidget.o
                0x08004960                gwinSetDefaultStyle
 .text.gwinAttachListener
                0x080049b0       0x10 build/obj/gwidget.o
                0x080049b0                gwinAttachListener
 .text.gwinAttachMouse
                0x080049c0       0x20 build/obj/gwidget.o
                0x080049c0                gwinAttachMouse
 .text.WM_Init  0x080049e0       0x10 build/obj/gwm.o
 .text.WM_DeInit
                0x080049f0       0x10 build/obj/gwm.o
 .text.WM_MinMax
                0x08004a00       0x10 build/obj/gwm.o
 .text.WM_Redim
                0x08004a10      0x120 build/obj/gwm.o
 .text.WM_Add   0x08004b30       0x40 build/obj/gwm.o
 .text.WM_Delete
                0x08004b70       0x50 build/obj/gwm.o
 .text.WM_Raise
                0x08004bc0       0x50 build/obj/gwm.o
 .text.WM_Visible
                0x08004c10       0x70 build/obj/gwm.o
 .text._gwmInit
                0x08004c80       0x30 build/obj/gwm.o
                0x08004c80                _gwmInit
 .text.AfterClear
                0x08004cb0       0x10 build/obj/console.o
 .text.ltoa_wd.constprop.1
                0x08004cc0       0x70 build/obj/console.o
 .text.gwinConsoleCreate
                0x08004d30       0x30 build/obj/console.o
                0x08004d30                gwinConsoleCreate
 .text.gwinPutChar
                0x08004d60      0x100 build/obj/console.o
                0x08004d60                gwinPutChar
 .text.gwinPrintf
                0x08004e60      0x380 build/obj/console.o
                0x08004e60                gwinPrintf
 .text.MouseDown
                0x080051e0       0x10 build/obj/button.o
 .text.MouseUp  0x080051f0       0x60 build/obj/button.o
 .text.gwinButtonDraw_3D
                0x08005250       0xb0 build/obj/button.o
                0x08005250                gwinButtonDraw_3D
 .text.gwinButtonCreate
                0x08005300       0x20 build/obj/button.o
                0x08005300                gwinButtonCreate
 .text.ResetDisplayPos
                0x08005320       0x50 build/obj/slider.o
 .text.MouseMove
                0x08005370       0x40 build/obj/slider.o
 .text.MouseUp  0x080053b0       0xd0 build/obj/slider.o
 .text.gwinSliderDraw_Std
                0x08005480      0x210 build/obj/slider.o
                0x08005480                gwinSliderDraw_Std
 .text.gwinSliderCreate
                0x08005690       0x30 build/obj/slider.o
                0x08005690                gwinSliderCreate
 .text.SendCheckboxEvent
                0x080056c0       0x40 build/obj/checkbox.o
 .text.MouseDown
                0x08005700       0x20 build/obj/checkbox.o
 .text.gwinCheckboxDraw_CheckOnLeft
                0x08005720       0xf0 build/obj/checkbox.o
                0x08005720                gwinCheckboxDraw_CheckOnLeft
 .text.gwinCheckboxCreate
                0x08005810       0x20 build/obj/checkbox.o
                0x08005810                gwinCheckboxCreate
 .text.gwinCheckboxDraw_CheckOnRight
                0x08005830      0x110 build/obj/checkbox.o
                0x08005830                gwinCheckboxDraw_CheckOnRight
 .text.gwinLabelDefaultDraw
                0x08005940       0xa0 build/obj/label.o
 .text.gwinLabelCreate
                0x080059e0       0x70 build/obj/label.o
                0x080059e0                gwinLabelCreate
 .text.gwinRadioDraw_Radio
                0x08005a50      0x100 build/obj/radio.o
                0x08005a50                gwinRadioDraw_Radio
 .text.gwinRadioCreate
                0x08005b50       0x20 build/obj/radio.o
                0x08005b50                gwinRadioCreate
 .text.gwinRadioPress
                0x08005b70       0x90 build/obj/radio.o
                0x08005b70                gwinRadioPress
 .text.MouseDown
                0x08005c00       0x10 build/obj/radio.o
 .text.gwinRadioDraw_Tab
                0x08005c10      0x100 build/obj/radio.o
                0x08005c10                gwinRadioDraw_Tab
 .text._ginputInit
                0x08005d10       0x10 build/obj/ginput.o
                0x08005d10                _ginputInit
 .text.get_raw_reading.constprop.1
                0x08005d20       0x90 build/obj/mouse.o
 .text.get_calibrated_reading.constprop.0
                0x08005db0       0xb0 build/obj/mouse.o
 .text.MousePoll
                0x08005e60      0x180 build/obj/mouse.o
 .text.ginputCalibrateMouse
                0x08005fe0      0x5b0 build/obj/mouse.o
                0x08005fe0                ginputCalibrateMouse
 .text.ginputGetMouse
                0x08006590       0xd0 build/obj/mouse.o
                0x08006590                ginputGetMouse
 .text.set_viewport
                0x08006660      0x1c0 build/obj/gdisp_lld.o
 .text.gdisp_lld_set_clip
                0x08006820       0x70 build/obj/gdisp_lld.o
                0x08006820                gdisp_lld_set_clip
 .text.gdisp_lld_init
                0x08006890      0x310 build/obj/gdisp_lld.o
                0x08006890                gdisp_lld_init
 .text.gdisp_lld_draw_pixel
                0x08006ba0       0xc0 build/obj/gdisp_lld.o
                0x08006ba0                gdisp_lld_draw_pixel
 .text.gdisp_lld_draw_char
                0x08006c60      0x160 build/obj/gdisp_lld.o
                0x08006c60                gdisp_lld_draw_char
 .text.gdisp_lld_draw_circle
                0x08006dc0      0x110 build/obj/gdisp_lld.o
                0x08006dc0                gdisp_lld_draw_circle
 .text.gdisp_lld_clear
                0x08006ed0       0x80 build/obj/gdisp_lld.o
                0x08006ed0                gdisp_lld_clear
 .text.gdisp_lld_fill_area
                0x08006f50       0xb0 build/obj/gdisp_lld.o
                0x08006f50                gdisp_lld_fill_area
 .text.gdisp_lld_draw_line
                0x08007000      0x2e0 build/obj/gdisp_lld.o
                0x08007000                gdisp_lld_draw_line
 .text.gdisp_lld_fill_circle
                0x080072e0       0xf0 build/obj/gdisp_lld.o
                0x080072e0                gdisp_lld_fill_circle
 .text.gdisp_lld_blit_area_ex
                0x080073d0      0x150 build/obj/gdisp_lld.o
                0x080073d0                gdisp_lld_blit_area_ex
 .text.gdisp_lld_fill_char
                0x08007520      0x1c0 build/obj/gdisp_lld.o
                0x08007520                gdisp_lld_fill_char
 .text.ginput_lld_mouse_init
                0x080076e0       0x60 build/obj/ginput_lld_mouse.o
                0x080076e0                ginput_lld_mouse_init
 .text.ginput_lld_mouse_get_reading
                0x08007740      0x3d0 build/obj/ginput_lld_mouse.o
                0x08007740                ginput_lld_mouse_get_reading
 .text.strcpy   0x08007b10       0xbc /usr/bin/../lib/gcc/arm-none-eabi/4.7.4/../../../../arm-none-eabi/lib/armv7e-m/libc.a(lib_a-strcpy.o)
                0x08007b10                strcpy
 *fill*         0x08007bcc        0x4 00
 .text.strlen   0x08007bd0       0x60 /usr/bin/../lib/gcc/arm-none-eabi/4.7.4/../../../../arm-none-eabi/lib/armv7e-m/libc.a(lib_a-strlen.o)
                0x08007bd0                strlen
 *(.rodata)
 .rodata        0x08007c30       0x18 build/obj/gdisp_lld.o
 *(.rodata.*)
 *fill*         0x08007c48        0x8 00
 .rodata.str1.4
                0x08007c50        0x5 build/obj/chsys.o
                                  0x8 (size before relaxing)
 *fill*         0x08007c55        0xb 00
 .rodata.ch_debug
                0x08007c60       0x18 build/obj/chregistry.o
                0x08007c60                ch_debug
 *fill*         0x08007c78        0x8 00
 .rodata.zero_status
                0x08007c80        0x4 build/obj/usb.o
 *fill*         0x08007c84        0xc 00
 .rodata.active_status
                0x08007c90        0x4 build/obj/usb.o
 *fill*         0x08007c94        0xc 00
 .rodata.halted_status
                0x08007ca0        0x4 build/obj/usb.o
 *fill*         0x08007ca4        0xc 00
 .rodata._stm32_dma_streams
                0x08007cb0       0xc0 build/obj/stm32_dma.o
                0x08007cb0                _stm32_dma_streams
 .rodata.fsparams
                0x08007d70        0xc build/obj/usb_lld.o
 *fill*         0x08007d7c        0x4 00
 .rodata.ep0config
                0x08007d80       0x24 build/obj/usb_lld.o
 *fill*         0x08007da4        0xc 00
 .rodata.pal_default_config
                0x08007db0       0xfc build/obj/board.o
                0x08007db0                pal_default_config
 *fill*         0x08007eac        0x4 00
 .rodata.str1.4
                0x08007eb0      0x130 build/obj/main.o
 .rodata.YellowWidgetStyle
                0x08007fe0       0x1c build/obj/main.o
 .rodata.str1.4
                0x00000000      0x130 build/obj/gdisp.o
                                  0x4 (size before relaxing)
 *fill*         0x08007ffc        0x4 00
 .rodata.fontUI2Double
                0x08008000       0x1c build/obj/fonts.o
 *fill*         0x0800801c        0x4 00
 .rodata.fontUI2_Data
                0x08008020      0x440 build/obj/fonts.o
 .rodata.fontUI2Narrow
                0x08008460       0x1c build/obj/fonts.o
 *fill*         0x0800847c        0x4 00
 .rodata.str1.4
                0x08008480       0x17 build/obj/fonts.o
                                 0x1c (size before relaxing)
 *fill*         0x08008497        0x9 00
 .rodata.fontUI2_Widths
                0x080084a0       0x60 build/obj/fonts.o
 .rodata.fontUI2
                0x08008500       0x1c build/obj/fonts.o
 *fill*         0x0800851c        0x4 00
 .rodata.fontUI2_Offsets
                0x08008520       0xc0 build/obj/fonts.o
 .rodata.BlackWidgetStyle
                0x080085e0       0x1c build/obj/gwidget.o
                0x080085e0                BlackWidgetStyle
 *fill*         0x080085fc        0x4 00
 .rodata.WhiteWidgetStyle
                0x08008600       0x1c build/obj/gwidget.o
                0x08008600                WhiteWidgetStyle
 .rodata.str1.4
                0x00000000        0x4 build/obj/gwidget.o
 *fill*         0x0800861c        0x4 00
 .rodata.GNullWindowManagerVMT
                0x08008620       0x20 build/obj/gwm.o
 .rodata.GNullWindowManager
                0x08008640        0x4 build/obj/gwm.o
 *fill*         0x08008644        0xc 00
 .rodata.str1.4
                0x08008650       0x10 build/obj/console.o
 .rodata.consoleVMT
                0x08008660       0x14 build/obj/console.o
 *fill*         0x08008674        0xc 00
 .rodata.buttonVMT
                0x08008680       0x24 build/obj/button.o
 *fill*         0x080086a4        0xc 00
 .rodata.str1.4
                0x080086b0        0x7 build/obj/button.o
                                  0x8 (size before relaxing)
 *fill*         0x080086b7        0x9 00
 .rodata.str1.4
                0x080086c0        0x7 build/obj/slider.o
                                  0x8 (size before relaxing)
 *fill*         0x080086c7        0x9 00
 .rodata.sliderVMT
                0x080086d0       0x24 build/obj/slider.o
 *fill*         0x080086f4        0xc 00
 .rodata.str1.4
                0x08008700        0x9 build/obj/checkbox.o
                                  0xc (size before relaxing)
 *fill*         0x08008709        0x7 00
 .rodata.checkboxVMT
                0x08008710       0x24 build/obj/checkbox.o
 *fill*         0x08008734        0xc 00
 .rodata.labelVMT
                0x08008740       0x24 build/obj/label.o
 .rodata.str1.4
                0x00000000        0x8 build/obj/label.o
 *fill*         0x08008764        0xc 00
 .rodata.radioVMT
                0x08008770       0x24 build/obj/radio.o
 *fill*         0x08008794        0xc 00
 .rodata.str1.4
                0x080087a0        0x6 build/obj/radio.o
                                  0x8 (size before relaxing)
 *fill*         0x080087a6        0xa 00
 .rodata.str1.4
                0x080087b0       0x64 build/obj/mouse.o
 *fill*         0x08008814        0xc 00
 .rodata.spicfg
                0x08008820        0xc build/obj/ginput_lld_mouse.o
 *(.glue_7t)
 .glue_7t       0x00000000        0x0 linker stubs
 *(.glue_7)
 .glue_7        0x00000000        0x0 linker stubs
 *(.gcc*)

.vfp11_veneer   0x0800882c        0x0
 .vfp11_veneer  0x00000000        0x0 linker stubs

.v4_bx          0x0800882c        0x0
 .v4_bx         0x00000000        0x0 linker stubs

.iplt           0x0800882c        0x0
 .iplt          0x00000000        0x0 build/obj/crt0.o

.rel.dyn        0x0800882c        0x0
 .rel.iplt      0x00000000        0x0 build/obj/crt0.o

.ARM.extab
 *(.ARM.extab* .gnu.linkonce.armextab.*)

.ARM.exidx      0x0800882c        0x0
                0x0800882c                PROVIDE (__exidx_start, .)
 *(.ARM.exidx* .gnu.linkonce.armexidx.*)
                0x0800882c                PROVIDE (__exidx_end, .)

.eh_frame_hdr
 *(.eh_frame_hdr)

.eh_frame
 *(.eh_frame)

.textalign      0x0800882c        0x4
                0x08008830                . = ALIGN (0x8)
 *fill*         0x0800882c        0x4 00
                0x08008830                _etext = .
                0x08008830                _textdata = _etext

.stacks         0x20000000      0x800
                0x20000000                . = ALIGN (0x8)
                0x20000000                __main_stack_base__ = .
                0x20000400                . = (. + __main_stack_size__)
 *fill*         0x20000000      0x400 00
                0x20000400                . = ALIGN (0x8)
                0x20000400                __main_stack_end__ = .
                0x20000400                __process_stack_base__ = .
                0x20000400                __main_thread_stack_base__ = .
                0x20000800                . = (. + __process_stack_size__)
 *fill*         0x20000400      0x400 00
                0x20000800                . = ALIGN (0x8)
                0x20000800                __process_stack_end__ = .
                0x20000800                __main_thread_stack_end__ = .

.data           0x20000800       0x14 load address 0x08008830
                0x20000800                . = ALIGN (0x4)
                0x20000800                PROVIDE (_data, .)
 *(.data)
                0x20000800                . = ALIGN (0x4)
 *(.data.*)
 .data.BuiltinFontTable
                0x20000800        0xc build/obj/fonts.o
 .data.defaultFgColor
                0x2000080c        0x2 build/obj/gwin.o
 *fill*         0x2000080e        0x2 00
 .data.defaultStyle
                0x20000810        0x4 build/obj/gwidget.o
                0x20000814                . = ALIGN (0x4)
 *(.ramtext)
                0x20000814                . = ALIGN (0x4)
                0x20000814                PROVIDE (_edata, .)

.igot.plt       0x20000814        0x0 load address 0x08008844
 .igot.plt      0x00000000        0x0 build/obj/crt0.o

.bss            0x20000818     0x10f8 load address 0x08008844
                0x20000818                . = ALIGN (0x4)
                0x20000818                PROVIDE (_bss_start, .)
 *(.bss)
                0x20000818                . = ALIGN (0x4)
 *(.bss.*)
 .bss.mainthread.4810
                0x20000818       0x48 build/obj/chsys.o
 .bss._idle_thread_wa
                0x20000860      0x148 build/obj/chsys.o
                0x20000860                _idle_thread_wa
 .bss.vtlist    0x200009a8       0x10 build/obj/chvt.o
                0x200009a8                vtlist
 .bss.rlist     0x200009b8       0x1c build/obj/chschd.o
                0x200009b8                rlist
 .bss.endmem    0x200009d4        0x4 build/obj/chmemcore.o
 .bss.nextmem   0x200009d8        0x4 build/obj/chmemcore.o
 *fill*         0x200009dc        0x4 00
 .bss.default_heap
                0x200009e0       0x20 build/obj/chheap.o
 .bss.dma_isr_redir
                0x20000a00       0x80 build/obj/stm32_dma.o
 .bss.dma_streams_mask
                0x20000a80        0x4 build/obj/stm32_dma.o
 .bss.PWMD4     0x20000a84       0x14 build/obj/pwm_lld.o
                0x20000a84                PWMD4
 .bss.USBD1     0x20000a98      0x220 build/obj/usb_lld.o
                0x20000a98                USBD1
 .bss.ep0_state
                0x20000cb8       0x10 build/obj/usb_lld.o
 .bss.ep0setup_buffer
                0x20000cc8        0x8 build/obj/usb_lld.o
 .bss.dummytx   0x20000cd0        0x2 build/obj/spi_lld.o
 *fill*         0x20000cd2        0x2 00
 .bss.SPID3     0x20000cd4       0x30 build/obj/spi_lld.o
                0x20000cd4                SPID3
 .bss.ghLabel1  0x20000d04        0x4 build/obj/main.o
 .bss.ghRadioYellow
                0x20000d08        0x4 build/obj/main.o
 .bss.ghTabCheckboxes
                0x20000d0c        0x4 build/obj/main.o
 .bss.ghCheckDisableAll
                0x20000d10        0x4 build/obj/main.o
 .bss.ghRadioWhite
                0x20000d14        0x4 build/obj/main.o
 .bss.ghRadio1  0x20000d18        0x4 build/obj/main.o
 .bss.ghRadio2  0x20000d1c        0x4 build/obj/main.o
 .bss.ghTabRadios
                0x20000d20        0x4 build/obj/main.o
 .bss.ghTabImages
                0x20000d24        0x4 build/obj/main.o
 .bss.ghSlider1
                0x20000d28        0x4 build/obj/main.o
 .bss.ghSlider2
                0x20000d2c        0x4 build/obj/main.o
 .bss.ghSlider3
                0x20000d30        0x4 build/obj/main.o
 .bss.ghSlider4
                0x20000d34        0x4 build/obj/main.o
 .bss.ghTabLists
                0x20000d38        0x4 build/obj/main.o
 .bss.ghTabSliders
                0x20000d3c        0x4 build/obj/main.o
 .bss.ghCheckbox1
                0x20000d40        0x4 build/obj/main.o
 .bss.ghCheckbox2
                0x20000d44        0x4 build/obj/main.o
 .bss.ghTabLabels
                0x20000d48        0x4 build/obj/main.o
 .bss.ghConsole
                0x20000d4c        0x4 build/obj/main.o
 .bss.ghButton1
                0x20000d50        0x4 build/obj/main.o
 .bss.ghButton2
                0x20000d54        0x4 build/obj/main.o
 .bss.ghButton3
                0x20000d58        0x4 build/obj/main.o
 .bss.ghButton4
                0x20000d5c        0x4 build/obj/main.o
 .bss.gl        0x20000d60       0x48 build/obj/main.o
 .bss.ghTabButtons
                0x20000da8        0x4 build/obj/main.o
 .bss.ghRadioBlack
                0x20000dac        0x4 build/obj/main.o
 .bss.initDone.7943
                0x20000db0        0x1 build/obj/gfx.o
 *fill*         0x20000db1        0x3 00
 .bss.gdispMutex
                0x20000db4       0x10 build/obj/gdisp.o
 .bss.Assignments
                0x20000dc4      0x200 build/obj/gevent.o
 .bss.geventMutex
                0x20000fc4       0x10 build/obj/gevent.o
 .bss.mutex     0x20000fd4       0x10 build/obj/gtimer.o
 .bss.hThread   0x20000fe4        0x4 build/obj/gtimer.o
 .bss.waTimerThread
                0x20000fe8      0x338 build/obj/gtimer.o
 .bss.pTimerHead
                0x20001320        0x4 build/obj/gtimer.o
 .bss.waitsem   0x20001324       0x10 build/obj/gtimer.o
 .bss.defaultFont
                0x20001334        0x4 build/obj/gwin.o
 .bss.defaultBgColor
                0x20001338        0x2 build/obj/gwin.o
 *fill*         0x2000133a        0x2 00
 .bss.gl        0x2000133c       0x48 build/obj/gwidget.o
 .bss._GWINwm   0x20001384        0x4 build/obj/gwm.o
                0x20001384                _GWINwm
 .bss._GWINList
                0x20001388        0x8 build/obj/gwm.o
                0x20001388                _GWINList
 .bss.MouseTimer
                0x20001390       0x1c build/obj/mouse.o
 .bss.MouseConfig
                0x200013ac       0x38 build/obj/mouse.o
 .bss.buf.8094  0x200013e4      0x500 build/obj/gdisp_lld.o
 .bss.GDISP     0x200018e4       0x10 build/obj/gdisp_lld.o
                0x200018e4                GDISP
 .bss.txbuf.7956
                0x200018f4        0x4 build/obj/ginput_lld_mouse.o
 .bss.sampleBuf
                0x200018f8       0x10 build/obj/ginput_lld_mouse.o
 .bss.lastx     0x20001908        0x2 build/obj/ginput_lld_mouse.o
 .bss.lasty     0x2000190a        0x2 build/obj/ginput_lld_mouse.o
 .bss.rxbuf.7957
                0x2000190c        0x4 build/obj/ginput_lld_mouse.o
                0x20001910                . = ALIGN (0x4)
 *(COMMON)
                0x20001910                . = ALIGN (0x4)
                0x20001910                PROVIDE (_bss_end, .)
                0x20001910                PROVIDE (end, .)
                0x20001910                _end = .
                0x20001910                __heap_base__ = _end
                0x2001c000                __heap_end__ = __ram_end__
OUTPUT(build/ch.elf elf32-littlearm)

.debug_info     0x00000000    0x2885c
 .debug_info    0x00000000      0x2ab build/obj/crt0.o
 .debug_info    0x000002ab      0x1f0 build/obj/vectors.o
 .debug_info    0x0000049b       0x9a build/obj/chcore.o
 .debug_info    0x00000535      0xb16 build/obj/chcore_v7m.o
 .debug_info    0x0000104b      0x455 build/obj/nvic.o
 .debug_info    0x000014a0      0x99b build/obj/chsys.o
 .debug_info    0x00001e3b      0x271 build/obj/chvt.o
 .debug_info    0x000020ac      0xadb build/obj/chschd.o
 .debug_info    0x00002b87      0xd3a build/obj/chthreads.o
 .debug_info    0x000038c1      0x9f3 build/obj/chdynamic.o
 .debug_info    0x000042b4      0x774 build/obj/chregistry.o
 .debug_info    0x00004a28      0xc70 build/obj/chsem.o
 .debug_info    0x00005698      0xb37 build/obj/chmtx.o
 .debug_info    0x000061cf      0x22f build/obj/chmemcore.o
 .debug_info    0x000063fe      0x829 build/obj/chheap.o
 .debug_info    0x00006c27      0x408 build/obj/hal.o
 .debug_info    0x0000702f      0x2e4 build/obj/pal.o
 .debug_info    0x00007313      0x773 build/obj/pwm.o
 .debug_info    0x00007a86     0x20dd build/obj/serial_usb.o
 .debug_info    0x00009b63     0x12e2 build/obj/spi.o
 .debug_info    0x0000ae45     0x201d build/obj/usb.o
 .debug_info    0x0000ce62      0xb24 build/obj/stm32_dma.o
 .debug_info    0x0000d986      0x4e0 build/obj/hal_lld.o
 .debug_info    0x0000de66      0xaf6 build/obj/pwm_lld.o
 .debug_info    0x0000e95c      0x749 build/obj/pal_lld.o
 .debug_info    0x0000f0a5     0x2ab1 build/obj/usb_lld.o
 .debug_info    0x00011b56      0xfce build/obj/spi_lld.o
 .debug_info    0x00012b24      0x215 build/obj/board.o
 .debug_info    0x00012d39     0x1d5d build/obj/main.o
 .debug_info    0x00014a96      0x1b0 build/obj/gfx.o
 .debug_info    0x00014c46      0xc21 build/obj/chibios.o
 .debug_info    0x00015867      0x3d9 build/obj/gqueue.o
 .debug_info    0x00015c40     0x1d64 build/obj/gdisp.o
 .debug_info    0x000179a4      0x39a build/obj/fonts.o
 .debug_info    0x00017d3e      0xcc4 build/obj/gevent.o
 .debug_info    0x00018a02      0xbc2 build/obj/gtimer.o
 .debug_info    0x000195c4     0x1cdb build/obj/gwin.o
 .debug_info    0x0001b29f     0x1359 build/obj/gwidget.o
 .debug_info    0x0001c5f8      0xaa4 build/obj/gwm.o
 .debug_info    0x0001d09c      0xa24 build/obj/console.o
 .debug_info    0x0001dac0     0x1723 build/obj/button.o
 .debug_info    0x0001f1e3     0x1548 build/obj/slider.o
 .debug_info    0x0002072b     0x1112 build/obj/checkbox.o
 .debug_info    0x0002183d      0xa34 build/obj/label.o
 .debug_info    0x00022271     0x12d2 build/obj/radio.o
 .debug_info    0x00023543       0xb8 build/obj/ginput.o
 .debug_info    0x000235fb     0x1a0e build/obj/mouse.o
 .debug_info    0x00025009     0x27bc build/obj/gdisp_lld.o
 .debug_info    0x000277c5     0x1097 build/obj/ginput_lld_mouse.o

.debug_abbrev   0x00000000     0x7659
 .debug_abbrev  0x00000000       0xdc build/obj/crt0.o
 .debug_abbrev  0x000000dc       0xb1 build/obj/vectors.o
 .debug_abbrev  0x0000018d       0x44 build/obj/chcore.o
 .debug_abbrev  0x000001d1      0x1e4 build/obj/chcore_v7m.o
 .debug_abbrev  0x000003b5       0xf2 build/obj/nvic.o
 .debug_abbrev  0x000004a7      0x220 build/obj/chsys.o
 .debug_abbrev  0x000006c7      0x15e build/obj/chvt.o
 .debug_abbrev  0x00000825      0x340 build/obj/chschd.o
 .debug_abbrev  0x00000b65      0x368 build/obj/chthreads.o
 .debug_abbrev  0x00000ecd      0x23a build/obj/chdynamic.o
 .debug_abbrev  0x00001107      0x197 build/obj/chregistry.o
 .debug_abbrev  0x0000129e      0x333 build/obj/chsem.o
 .debug_abbrev  0x000015d1      0x332 build/obj/chmtx.o
 .debug_abbrev  0x00001903      0x16c build/obj/chmemcore.o
 .debug_abbrev  0x00001a6f      0x210 build/obj/chheap.o
 .debug_abbrev  0x00001c7f      0x1d7 build/obj/hal.o
 .debug_abbrev  0x00001e56      0x13f build/obj/pal.o
 .debug_abbrev  0x00001f95      0x1e3 build/obj/pwm.o
 .debug_abbrev  0x00002178      0x3d9 build/obj/serial_usb.o
 .debug_abbrev  0x00002551      0x2ac build/obj/spi.o
 .debug_abbrev  0x000027fd      0x388 build/obj/usb.o
 .debug_abbrev  0x00002b85      0x221 build/obj/stm32_dma.o
 .debug_abbrev  0x00002da6      0x12d build/obj/hal_lld.o
 .debug_abbrev  0x00002ed3      0x285 build/obj/pwm_lld.o
 .debug_abbrev  0x00003158      0x1c6 build/obj/pal_lld.o
 .debug_abbrev  0x0000331e      0x543 build/obj/usb_lld.o
 .debug_abbrev  0x00003861      0x31a build/obj/spi_lld.o
 .debug_abbrev  0x00003b7b       0xe5 build/obj/board.o
 .debug_abbrev  0x00003c60      0x2d4 build/obj/main.o
 .debug_abbrev  0x00003f34       0xf1 build/obj/gfx.o
 .debug_abbrev  0x00004025      0x2a8 build/obj/chibios.o
 .debug_abbrev  0x000042cd      0x126 build/obj/gqueue.o
 .debug_abbrev  0x000043f3      0x2e3 build/obj/gdisp.o
 .debug_abbrev  0x000046d6      0x160 build/obj/fonts.o
 .debug_abbrev  0x00004836      0x290 build/obj/gevent.o
 .debug_abbrev  0x00004ac6      0x2ae build/obj/gtimer.o
 .debug_abbrev  0x00004d74      0x390 build/obj/gwin.o
 .debug_abbrev  0x00005104      0x3fb build/obj/gwidget.o
 .debug_abbrev  0x000054ff      0x2e0 build/obj/gwm.o
 .debug_abbrev  0x000057df      0x2c6 build/obj/console.o
 .debug_abbrev  0x00005aa5      0x3db build/obj/button.o
 .debug_abbrev  0x00005e80      0x39c build/obj/slider.o
 .debug_abbrev  0x0000621c      0x322 build/obj/checkbox.o
 .debug_abbrev  0x0000653e      0x25d build/obj/label.o
 .debug_abbrev  0x0000679b      0x399 build/obj/radio.o
 .debug_abbrev  0x00006b34       0x69 build/obj/ginput.o
 .debug_abbrev  0x00006b9d      0x3e9 build/obj/mouse.o
 .debug_abbrev  0x00006f86      0x408 build/obj/gdisp_lld.o
 .debug_abbrev  0x0000738e      0x2cb build/obj/ginput_lld_mouse.o

.debug_loc      0x00000000    0x104e0
 .debug_loc     0x00000000       0x20 build/obj/crt0.o
 .debug_loc     0x00000020      0x123 build/obj/chcore_v7m.o
 .debug_loc     0x00000143      0x1ca build/obj/nvic.o
 .debug_loc     0x0000030d       0xe2 build/obj/chsys.o
 .debug_loc     0x000003ef      0x10b build/obj/chvt.o
 .debug_loc     0x000004fa      0x33e build/obj/chschd.o
 .debug_loc     0x00000838      0x538 build/obj/chthreads.o
 .debug_loc     0x00000d70      0x2fa build/obj/chdynamic.o
 .debug_loc     0x0000106a       0xb7 build/obj/chregistry.o
 .debug_loc     0x00001121      0x696 build/obj/chsem.o
 .debug_loc     0x000017b7      0x4c2 build/obj/chmtx.o
 .debug_loc     0x00001c79      0x114 build/obj/chmemcore.o
 .debug_loc     0x00001d8d      0x318 build/obj/chheap.o
 .debug_loc     0x000020a5       0xa7 build/obj/hal.o
 .debug_loc     0x0000214c       0xd0 build/obj/pal.o
 .debug_loc     0x0000221c      0x28f build/obj/pwm.o
 .debug_loc     0x000024ab      0x92a build/obj/serial_usb.o
 .debug_loc     0x00002dd5      0x793 build/obj/spi.o
 .debug_loc     0x00003568      0xd0f build/obj/usb.o
 .debug_loc     0x00004277      0x58a build/obj/stm32_dma.o
 .debug_loc     0x00004801       0x20 build/obj/hal_lld.o
 .debug_loc     0x00004821      0x2e3 build/obj/pwm_lld.o
 .debug_loc     0x00004b04      0x2e7 build/obj/pal_lld.o
 .debug_loc     0x00004deb     0x130d build/obj/usb_lld.o
 .debug_loc     0x000060f8      0x44e build/obj/spi_lld.o
 .debug_loc     0x00006546      0x108 build/obj/main.o
 .debug_loc     0x0000664e       0x20 build/obj/gfx.o
 .debug_loc     0x0000666e      0x44a build/obj/chibios.o
 .debug_loc     0x00006ab8      0x217 build/obj/gqueue.o
 .debug_loc     0x00006ccf     0x2285 build/obj/gdisp.o
 .debug_loc     0x00008f54      0x108 build/obj/fonts.o
 .debug_loc     0x0000905c      0x647 build/obj/gevent.o
 .debug_loc     0x000096a3      0x2ad build/obj/gtimer.o
 .debug_loc     0x00009950      0xf50 build/obj/gwin.o
 .debug_loc     0x0000a8a0      0x551 build/obj/gwidget.o
 .debug_loc     0x0000adf1      0x47e build/obj/gwm.o
 .debug_loc     0x0000b26f      0xa2c build/obj/console.o
 .debug_loc     0x0000bc9b      0x79c build/obj/button.o
 .debug_loc     0x0000c437      0x616 build/obj/slider.o
 .debug_loc     0x0000ca4d      0x541 build/obj/checkbox.o
 .debug_loc     0x0000cf8e      0x240 build/obj/label.o
 .debug_loc     0x0000d1ce      0x555 build/obj/radio.o
 .debug_loc     0x0000d723      0xeef build/obj/mouse.o
 .debug_loc     0x0000e612     0x19ec build/obj/gdisp_lld.o
 .debug_loc     0x0000fffe      0x4e2 build/obj/ginput_lld_mouse.o

.debug_aranges  0x00000000     0x1150
 .debug_aranges
                0x00000000       0x38 build/obj/crt0.o
 .debug_aranges
                0x00000038       0x20 build/obj/vectors.o
 .debug_aranges
                0x00000058       0x20 build/obj/chcore.o
 .debug_aranges
                0x00000078       0x50 build/obj/chcore_v7m.o
 .debug_aranges
                0x000000c8       0x30 build/obj/nvic.o
 .debug_aranges
                0x000000f8       0x30 build/obj/chsys.o
 .debug_aranges
                0x00000128       0x38 build/obj/chvt.o
 .debug_aranges
                0x00000160       0x68 build/obj/chschd.o
 .debug_aranges
                0x000001c8       0x78 build/obj/chthreads.o
 .debug_aranges
                0x00000240       0x38 build/obj/chdynamic.o
 .debug_aranges
                0x00000278       0x28 build/obj/chregistry.o
 .debug_aranges
                0x000002a0       0x70 build/obj/chsem.o
 .debug_aranges
                0x00000310       0x58 build/obj/chmtx.o
 .debug_aranges
                0x00000368       0x38 build/obj/chmemcore.o
 .debug_aranges
                0x000003a0       0x40 build/obj/chheap.o
 .debug_aranges
                0x000003e0       0x30 build/obj/hal.o
 .debug_aranges
                0x00000410       0x30 build/obj/pal.o
 .debug_aranges
                0x00000440       0x50 build/obj/pwm.o
 .debug_aranges
                0x00000490       0xb0 build/obj/serial_usb.o
 .debug_aranges
                0x00000540       0x98 build/obj/spi.o
 .debug_aranges
                0x000005d8       0xa8 build/obj/usb.o
 .debug_aranges
                0x00000680       0xb0 build/obj/stm32_dma.o
 .debug_aranges
                0x00000730       0x28 build/obj/hal_lld.o
 .debug_aranges
                0x00000758       0x48 build/obj/pwm_lld.o
 .debug_aranges
                0x000007a0       0x28 build/obj/pal_lld.o
 .debug_aranges
                0x000007c8       0xd8 build/obj/usb_lld.o
 .debug_aranges
                0x000008a0       0x78 build/obj/spi_lld.o
 .debug_aranges
                0x00000918       0x28 build/obj/board.o
 .debug_aranges
                0x00000940       0x20 build/obj/main.o
 .debug_aranges
                0x00000960       0x28 build/obj/gfx.o
 .debug_aranges
                0x00000988       0x68 build/obj/chibios.o
 .debug_aranges
                0x000009f0       0x50 build/obj/gqueue.o
 .debug_aranges
                0x00000a40       0xd0 build/obj/gdisp.o
 .debug_aranges
                0x00000b10       0x30 build/obj/fonts.o
 .debug_aranges
                0x00000b40       0x70 build/obj/gevent.o
 .debug_aranges
                0x00000bb0       0x58 build/obj/gtimer.o
 .debug_aranges
                0x00000c08      0x138 build/obj/gwin.o
 .debug_aranges
                0x00000d40       0x88 build/obj/gwidget.o
 .debug_aranges
                0x00000dc8       0x80 build/obj/gwm.o
 .debug_aranges
                0x00000e48       0x50 build/obj/console.o
 .debug_aranges
                0x00000e98       0x68 build/obj/button.o
 .debug_aranges
                0x00000f00       0x58 build/obj/slider.o
 .debug_aranges
                0x00000f58       0x50 build/obj/checkbox.o
 .debug_aranges
                0x00000fa8       0x28 build/obj/label.o
 .debug_aranges
                0x00000fd0       0x58 build/obj/radio.o
 .debug_aranges
                0x00001028       0x20 build/obj/ginput.o
 .debug_aranges
                0x00001048       0x68 build/obj/mouse.o
 .debug_aranges
                0x000010b0       0x78 build/obj/gdisp_lld.o
 .debug_aranges
                0x00001128       0x28 build/obj/ginput_lld_mouse.o

.debug_ranges   0x00000000     0x29b0
 .debug_ranges  0x00000000       0xe0 build/obj/crt0.o
 .debug_ranges  0x000000e0       0x10 build/obj/vectors.o
 .debug_ranges  0x000000f0       0x10 build/obj/chcore.o
 .debug_ranges  0x00000100       0x58 build/obj/chcore_v7m.o
 .debug_ranges  0x00000158       0x20 build/obj/nvic.o
 .debug_ranges  0x00000178       0x20 build/obj/chsys.o
 .debug_ranges  0x00000198       0x28 build/obj/chvt.o
 .debug_ranges  0x000001c0      0x190 build/obj/chschd.o
 .debug_ranges  0x00000350       0xc8 build/obj/chthreads.o
 .debug_ranges  0x00000418       0x28 build/obj/chdynamic.o
 .debug_ranges  0x00000440       0x30 build/obj/chregistry.o
 .debug_ranges  0x00000470      0x1c0 build/obj/chsem.o
 .debug_ranges  0x00000630      0x228 build/obj/chmtx.o
 .debug_ranges  0x00000858       0x28 build/obj/chmemcore.o
 .debug_ranges  0x00000880       0x30 build/obj/chheap.o
 .debug_ranges  0x000008b0       0x50 build/obj/hal.o
 .debug_ranges  0x00000900       0x20 build/obj/pal.o
 .debug_ranges  0x00000920       0x70 build/obj/pwm.o
 .debug_ranges  0x00000990       0xd0 build/obj/serial_usb.o
 .debug_ranges  0x00000a60      0x130 build/obj/spi.o
 .debug_ranges  0x00000b90       0xe0 build/obj/usb.o
 .debug_ranges  0x00000c70       0xa0 build/obj/stm32_dma.o
 .debug_ranges  0x00000d10       0x30 build/obj/hal_lld.o
 .debug_ranges  0x00000d40       0x68 build/obj/pwm_lld.o
 .debug_ranges  0x00000da8      0x168 build/obj/pal_lld.o
 .debug_ranges  0x00000f10      0x400 build/obj/usb_lld.o
 .debug_ranges  0x00001310       0x68 build/obj/spi_lld.o
 .debug_ranges  0x00001378       0x18 build/obj/board.o
 .debug_ranges  0x00001390       0xa0 build/obj/main.o
 .debug_ranges  0x00001430       0x18 build/obj/gfx.o
 .debug_ranges  0x00001448       0x58 build/obj/chibios.o
 .debug_ranges  0x000014a0       0x58 build/obj/gqueue.o
 .debug_ranges  0x000014f8       0xc0 build/obj/gdisp.o
 .debug_ranges  0x000015b8       0x38 build/obj/fonts.o
 .debug_ranges  0x000015f0       0x60 build/obj/gevent.o
 .debug_ranges  0x00001650       0x48 build/obj/gtimer.o
 .debug_ranges  0x00001698      0x128 build/obj/gwin.o
 .debug_ranges  0x000017c0       0x90 build/obj/gwidget.o
 .debug_ranges  0x00001850       0x70 build/obj/gwm.o
 .debug_ranges  0x000018c0       0x58 build/obj/console.o
 .debug_ranges  0x00001918      0x100 build/obj/button.o
 .debug_ranges  0x00001a18       0x48 build/obj/slider.o
 .debug_ranges  0x00001a60       0x98 build/obj/checkbox.o
 .debug_ranges  0x00001af8       0x48 build/obj/label.o
 .debug_ranges  0x00001b40       0xb8 build/obj/radio.o
 .debug_ranges  0x00001bf8       0x10 build/obj/ginput.o
 .debug_ranges  0x00001c08      0x2c0 build/obj/mouse.o
 .debug_ranges  0x00001ec8      0x820 build/obj/gdisp_lld.o
 .debug_ranges  0x000026e8      0x2c8 build/obj/ginput_lld_mouse.o

.debug_line     0x00000000     0x9c80
 .debug_line    0x00000000      0x144 build/obj/crt0.o
 .debug_line    0x00000144       0xb4 build/obj/vectors.o
 .debug_line    0x000001f8       0x53 build/obj/chcore.o
 .debug_line    0x0000024b      0x1ef build/obj/chcore_v7m.o
 .debug_line    0x0000043a       0xf3 build/obj/nvic.o
 .debug_line    0x0000052d      0x1d3 build/obj/chsys.o
 .debug_line    0x00000700      0x14d build/obj/chvt.o
 .debug_line    0x0000084d      0x2f9 build/obj/chschd.o
 .debug_line    0x00000b46      0x31e build/obj/chthreads.o
 .debug_line    0x00000e64      0x1fa build/obj/chdynamic.o
 .debug_line    0x0000105e      0x1a6 build/obj/chregistry.o
 .debug_line    0x00001204      0x34d build/obj/chsem.o
 .debug_line    0x00001551      0x332 build/obj/chmtx.o
 .debug_line    0x00001883      0x12d build/obj/chmemcore.o
 .debug_line    0x000019b0      0x241 build/obj/chheap.o
 .debug_line    0x00001bf1      0x250 build/obj/hal.o
 .debug_line    0x00001e41      0x14f build/obj/pal.o
 .debug_line    0x00001f90      0x1a6 build/obj/pwm.o
 .debug_line    0x00002136      0x418 build/obj/serial_usb.o
 .debug_line    0x0000254e      0x38e build/obj/spi.o
 .debug_line    0x000028dc      0x497 build/obj/usb.o
 .debug_line    0x00002d73      0x3d9 build/obj/stm32_dma.o
 .debug_line    0x0000314c      0x1c5 build/obj/hal_lld.o
 .debug_line    0x00003311      0x28f build/obj/pwm_lld.o
 .debug_line    0x000035a0      0x1cc build/obj/pal_lld.o
 .debug_line    0x0000376c      0x80d build/obj/usb_lld.o
 .debug_line    0x00003f79      0x41d build/obj/spi_lld.o
 .debug_line    0x00004396      0x159 build/obj/board.o
 .debug_line    0x000044ef      0x411 build/obj/main.o
 .debug_line    0x00004900      0x146 build/obj/gfx.o
 .debug_line    0x00004a46      0x2ed build/obj/chibios.o
 .debug_line    0x00004d33      0x1cc build/obj/gqueue.o
 .debug_line    0x00004eff      0x8f8 build/obj/gdisp.o
 .debug_line    0x000057f7      0x17a build/obj/fonts.o
 .debug_line    0x00005971      0x370 build/obj/gevent.o
 .debug_line    0x00005ce1      0x32e build/obj/gtimer.o
 .debug_line    0x0000600f      0x5bc build/obj/gwin.o
 .debug_line    0x000065cb      0x498 build/obj/gwidget.o
 .debug_line    0x00006a63      0x311 build/obj/gwm.o
 .debug_line    0x00006d74      0x404 build/obj/console.o
 .debug_line    0x00007178      0x481 build/obj/button.o
 .debug_line    0x000075f9      0x3f9 build/obj/slider.o
 .debug_line    0x000079f2      0x36c build/obj/checkbox.o
 .debug_line    0x00007d5e      0x275 build/obj/label.o
 .debug_line    0x00007fd3      0x397 build/obj/radio.o
 .debug_line    0x0000836a       0xe1 build/obj/ginput.o
 .debug_line    0x0000844b      0x68b build/obj/mouse.o
 .debug_line    0x00008ad6      0xd3e build/obj/gdisp_lld.o
 .debug_line    0x00009814      0x46c build/obj/ginput_lld_mouse.o

.debug_str      0x00000000     0x4a3b
 .debug_str     0x00000000      0x20e build/obj/crt0.o
                                0x248 (size before relaxing)
 .debug_str     0x0000020e      0x145 build/obj/vectors.o
                                0x273 (size before relaxing)
 .debug_str     0x00000353       0x2d build/obj/chcore.o
                                0x146 (size before relaxing)
 .debug_str     0x00000380      0x300 build/obj/chcore_v7m.o
                                0x44e (size before relaxing)
 .debug_str     0x00000680       0x96 build/obj/nvic.o
                                0x245 (size before relaxing)
 .debug_str     0x00000716      0x205 build/obj/chsys.o
                                0x4f3 (size before relaxing)
 .debug_str     0x0000091b       0x4c build/obj/chvt.o
                                0x1e2 (size before relaxing)
 .debug_str     0x00000967       0xd5 build/obj/chschd.o
                                0x428 (size before relaxing)
 .debug_str     0x00000a3c       0xd3 build/obj/chthreads.o
                                0x493 (size before relaxing)
 .debug_str     0x00000b0f      0x10d build/obj/chdynamic.o
                                0x40a (size before relaxing)
 .debug_str     0x00000c1c       0x42 build/obj/chregistry.o
                                0x416 (size before relaxing)
 .debug_str     0x00000c5e       0xc8 build/obj/chsem.o
                                0x40c (size before relaxing)
 .debug_str     0x00000d26       0x8a build/obj/chmtx.o
                                0x3ad (size before relaxing)
 .debug_str     0x00000db0       0x70 build/obj/chmemcore.o
                                0x1b1 (size before relaxing)
 .debug_str     0x00000e20       0x48 build/obj/chheap.o
                                0x391 (size before relaxing)
 .debug_str     0x00000e68      0x17f build/obj/hal.o
                                0x2be (size before relaxing)
 .debug_str     0x00000fe7       0xd5 build/obj/pal.o
                                0x225 (size before relaxing)
 .debug_str     0x000010bc      0x218 build/obj/pwm.o
                                0x388 (size before relaxing)
 .debug_str     0x000012d4      0x92d build/obj/serial_usb.o
                                0xc78 (size before relaxing)
 .debug_str     0x00001c01      0x2c7 build/obj/spi.o
                                0x65e (size before relaxing)
 .debug_str     0x00001ec8      0x2b0 build/obj/usb.o
                                0xc9e (size before relaxing)
 .debug_str     0x00002178      0x734 build/obj/stm32_dma.o
                                0x96a (size before relaxing)
 .debug_str     0x000028ac       0xb7 build/obj/hal_lld.o
                                0x354 (size before relaxing)
 .debug_str     0x00002963       0x58 build/obj/pwm_lld.o
                                0x9b1 (size before relaxing)
 .debug_str     0x000029bb       0x4b build/obj/pal_lld.o
                                0x3a5 (size before relaxing)
 .debug_str     0x00002a06      0x204 build/obj/usb_lld.o
                               0x140c (size before relaxing)
 .debug_str     0x00002c0a       0x97 build/obj/spi_lld.o
                                0x6eb (size before relaxing)
 .debug_str     0x00002ca1       0x2a build/obj/board.o
                                0x21d (size before relaxing)
 .debug_str     0x00002ccb      0x713 build/obj/main.o
                                0xa55 (size before relaxing)
 .debug_str     0x000033de       0x64 build/obj/gfx.o
                                0x1c7 (size before relaxing)
 .debug_str     0x00003442       0xea build/obj/chibios.o
                                0x559 (size before relaxing)
 .debug_str     0x0000352c       0xc4 build/obj/gqueue.o
                                0x21e (size before relaxing)
 .debug_str     0x000035f0      0x3f0 build/obj/gdisp.o
                                0x739 (size before relaxing)
 .debug_str     0x000039e0       0xb4 build/obj/fonts.o
                                0x2a6 (size before relaxing)
 .debug_str     0x00003a94      0x14f build/obj/gevent.o
                                0x530 (size before relaxing)
 .debug_str     0x00003be3      0x106 build/obj/gtimer.o
                                0x53e (size before relaxing)
 .debug_str     0x00003ce9      0x2e1 build/obj/gwin.o
                                0x961 (size before relaxing)
 .debug_str     0x00003fca      0x1af build/obj/gwidget.o
                                0x832 (size before relaxing)
 .debug_str     0x00004179       0xc9 build/obj/gwm.o
                                0x509 (size before relaxing)
 .debug_str     0x00004242       0xc7 build/obj/console.o
                                0x3e0 (size before relaxing)
 .debug_str     0x00004309       0xec build/obj/button.o
                                0x874 (size before relaxing)
 .debug_str     0x000043f5       0x9c build/obj/slider.o
                                0x801 (size before relaxing)
 .debug_str     0x00004491       0xa4 build/obj/checkbox.o
                                0x72d (size before relaxing)
 .debug_str     0x00004535       0x61 build/obj/label.o
                                0x5b8 (size before relaxing)
 .debug_str     0x00004596       0x99 build/obj/radio.o
                                0x771 (size before relaxing)
 .debug_str     0x0000462f       0x23 build/obj/ginput.o
                                0x15d (size before relaxing)
 .debug_str     0x00004652      0x277 build/obj/mouse.o
                                0xa27 (size before relaxing)
 .debug_str     0x000048c9       0xe5 build/obj/gdisp_lld.o
                                0x729 (size before relaxing)
 .debug_str     0x000049ae       0x8d build/obj/ginput_lld_mouse.o
                                0x60b (size before relaxing)

.comment        0x00000000       0x70
 .comment       0x00000000       0x70 build/obj/crt0.o
                                 0x71 (size before relaxing)
 .comment       0x00000000       0x71 build/obj/vectors.o
 .comment       0x00000000       0x71 build/obj/chcore.o
 .comment       0x00000000       0x71 build/obj/chcore_v7m.o
 .comment       0x00000000       0x71 build/obj/nvic.o
 .comment       0x00000000       0x71 build/obj/chsys.o
 .comment       0x00000000       0x71 build/obj/chvt.o
 .comment       0x00000000       0x71 build/obj/chschd.o
 .comment       0x00000000       0x71 build/obj/chthreads.o
 .comment       0x00000000       0x71 build/obj/chdynamic.o
 .comment       0x00000000       0x71 build/obj/chregistry.o
 .comment       0x00000000       0x71 build/obj/chsem.o
 .comment       0x00000000       0x71 build/obj/chmtx.o
 .comment       0x00000000       0x71 build/obj/chmemcore.o
 .comment       0x00000000       0x71 build/obj/chheap.o
 .comment       0x00000000       0x71 build/obj/hal.o
 .comment       0x00000000       0x71 build/obj/pal.o
 .comment       0x00000000       0x71 build/obj/pwm.o
 .comment       0x00000000       0x71 build/obj/serial_usb.o
 .comment       0x00000000       0x71 build/obj/spi.o
 .comment       0x00000000       0x71 build/obj/usb.o
 .comment       0x00000000       0x71 build/obj/stm32_dma.o
 .comment       0x00000000       0x71 build/obj/hal_lld.o
 .comment       0x00000000       0x71 build/obj/pwm_lld.o
 .comment       0x00000000       0x71 build/obj/pal_lld.o
 .comment       0x00000000       0x71 build/obj/usb_lld.o
 .comment       0x00000000       0x71 build/obj/spi_lld.o
 .comment       0x00000000       0x71 build/obj/board.o
 .comment       0x00000000       0x71 build/obj/main.o
 .comment       0x00000000       0x71 build/obj/gfx.o
 .comment       0x00000000       0x71 build/obj/chibios.o
 .comment       0x00000000       0x71 build/obj/gqueue.o
 .comment       0x00000000       0x71 build/obj/gdisp.o
 .comment       0x00000000       0x71 build/obj/fonts.o
 .comment       0x00000000       0x71 build/obj/gevent.o
 .comment       0x00000000       0x71 build/obj/gtimer.o
 .comment       0x00000000       0x71 build/obj/gwin.o
 .comment       0x00000000       0x71 build/obj/gwidget.o
 .comment       0x00000000       0x71 build/obj/gwm.o
 .comment       0x00000000       0x71 build/obj/console.o
 .comment       0x00000000       0x71 build/obj/button.o
 .comment       0x00000000       0x71 build/obj/slider.o
 .comment       0x00000000       0x71 build/obj/checkbox.o
 .comment       0x00000000       0x71 build/obj/label.o
 .comment       0x00000000       0x71 build/obj/radio.o
 .comment       0x00000000       0x71 build/obj/ginput.o
 .comment       0x00000000       0x71 build/obj/mouse.o
 .comment       0x00000000       0x71 build/obj/gdisp_lld.o
 .comment       0x00000000       0x71 build/obj/ginput_lld_mouse.o

.ARM.attributes
                0x00000000       0x3b
 .ARM.attributes
                0x00000000       0x3b build/obj/crt0.o
 .ARM.attributes
                0x0000003b       0x3b build/obj/vectors.o
 .ARM.attributes
                0x00000076       0x3b build/obj/chcore.o
 .ARM.attributes
                0x000000b1       0x3b build/obj/chcore_v7m.o
 .ARM.attributes
                0x000000ec       0x3b build/obj/nvic.o
 .ARM.attributes
                0x00000127       0x3b build/obj/chsys.o
 .ARM.attributes
                0x00000162       0x3b build/obj/chvt.o
 .ARM.attributes
                0x0000019d       0x3b build/obj/chschd.o
 .ARM.attributes
                0x000001d8       0x3b build/obj/chthreads.o
 .ARM.attributes
                0x00000213       0x3b build/obj/chdynamic.o
 .ARM.attributes
                0x0000024e       0x3b build/obj/chregistry.o
 .ARM.attributes
                0x00000289       0x3b build/obj/chsem.o
 .ARM.attributes
                0x000002c4       0x3b build/obj/chmtx.o
 .ARM.attributes
                0x000002ff       0x3b build/obj/chmemcore.o
 .ARM.attributes
                0x0000033a       0x3b build/obj/chheap.o
 .ARM.attributes
                0x00000375       0x3b build/obj/hal.o
 .ARM.attributes
                0x000003b0       0x3b build/obj/pal.o
 .ARM.attributes
                0x000003eb       0x3b build/obj/pwm.o
 .ARM.attributes
                0x00000426       0x3b build/obj/serial_usb.o
 .ARM.attributes
                0x00000461       0x3b build/obj/spi.o
 .ARM.attributes
                0x0000049c       0x3b build/obj/usb.o
 .ARM.attributes
                0x000004d7       0x3b build/obj/stm32_dma.o
 .ARM.attributes
                0x00000512       0x3b build/obj/hal_lld.o
 .ARM.attributes
                0x0000054d       0x3b build/obj/pwm_lld.o
 .ARM.attributes
                0x00000588       0x3b build/obj/pal_lld.o
 .ARM.attributes
                0x000005c3       0x3b build/obj/usb_lld.o
 .ARM.attributes
                0x000005fe       0x3b build/obj/spi_lld.o
 .ARM.attributes
                0x00000639       0x3b build/obj/board.o
 .ARM.attributes
                0x00000674       0x3b build/obj/main.o
 .ARM.attributes
                0x000006af       0x3b build/obj/gfx.o
 .ARM.attributes
                0x000006ea       0x3b build/obj/chibios.o
 .ARM.attributes
                0x00000725       0x3b build/obj/gqueue.o
 .ARM.attributes
                0x00000760       0x3b build/obj/gdisp.o
 .ARM.attributes
                0x0000079b       0x3b build/obj/fonts.o
 .ARM.attributes
                0x000007d6       0x3b build/obj/gevent.o
 .ARM.attributes
                0x00000811       0x3b build/obj/gtimer.o
 .ARM.attributes
                0x0000084c       0x3b build/obj/gwin.o
 .ARM.attributes
                0x00000887       0x3b build/obj/gwidget.o
 .ARM.attributes
                0x000008c2       0x3b build/obj/gwm.o
 .ARM.attributes
                0x000008fd       0x3b build/obj/console.o
 .ARM.attributes
                0x00000938       0x3b build/obj/button.o
 .ARM.attributes
                0x00000973       0x3b build/obj/slider.o
 .ARM.attributes
                0x000009ae       0x3b build/obj/checkbox.o
 .ARM.attributes
                0x000009e9       0x3b build/obj/label.o
 .ARM.attributes
                0x00000a24       0x3b build/obj/radio.o
 .ARM.attributes
                0x00000a5f       0x3b build/obj/ginput.o
 .ARM.attributes
                0x00000a9a       0x3b build/obj/mouse.o
 .ARM.attributes
                0x00000ad5       0x3b build/obj/gdisp_lld.o
 .ARM.attributes
                0x00000b10       0x3b build/obj/ginput_lld_mouse.o
 .ARM.attributes
                0x00000b4b       0x2e /usr/bin/../lib/gcc/arm-none-eabi/4.7.4/../../../../arm-none-eabi/lib/armv7e-m/libc.a(lib_a-strcpy.o)
 .ARM.attributes
                0x00000b79       0x2e /usr/bin/../lib/gcc/arm-none-eabi/4.7.4/../../../../arm-none-eabi/lib/armv7e-m/libc.a(lib_a-strlen.o)

.debug_frame    0x00000000     0x3008
 .debug_frame   0x00000000       0x50 build/obj/crt0.o
 .debug_frame   0x00000050       0x20 build/obj/vectors.o
 .debug_frame   0x00000070       0x20 build/obj/chcore.o
 .debug_frame   0x00000090       0x98 build/obj/chcore_v7m.o
 .debug_frame   0x00000128       0x64 build/obj/nvic.o
 .debug_frame   0x0000018c       0x5c build/obj/chsys.o
 .debug_frame   0x000001e8       0x5c build/obj/chvt.o
 .debug_frame   0x00000244       0xf0 build/obj/chschd.o
 .debug_frame   0x00000334      0x15c build/obj/chthreads.o
 .debug_frame   0x00000490       0x80 build/obj/chdynamic.o
 .debug_frame   0x00000510       0x3c build/obj/chregistry.o
 .debug_frame   0x0000054c      0x140 build/obj/chsem.o
 .debug_frame   0x0000068c       0xe4 build/obj/chmtx.o
 .debug_frame   0x00000770       0x50 build/obj/chmemcore.o
 .debug_frame   0x000007c0       0x98 build/obj/chheap.o
 .debug_frame   0x00000858       0x4c build/obj/hal.o
 .debug_frame   0x000008a4       0x4c build/obj/pal.o
 .debug_frame   0x000008f0       0xb0 build/obj/pwm.o
 .debug_frame   0x000009a0      0x1b4 build/obj/serial_usb.o
 .debug_frame   0x00000b54      0x1a8 build/obj/spi.o
 .debug_frame   0x00000cfc      0x208 build/obj/usb.o
 .debug_frame   0x00000f04      0x244 build/obj/stm32_dma.o
 .debug_frame   0x00001148       0x3c build/obj/hal_lld.o
 .debug_frame   0x00001184       0xb0 build/obj/pwm_lld.o
 .debug_frame   0x00001234       0x4c build/obj/pal_lld.o
 .debug_frame   0x00001280      0x284 build/obj/usb_lld.o
 .debug_frame   0x00001504      0x140 build/obj/spi_lld.o
 .debug_frame   0x00001644       0x30 build/obj/board.o
 .debug_frame   0x00001674       0x44 build/obj/main.o
 .debug_frame   0x000016b8       0x3c build/obj/gfx.o
 .debug_frame   0x000016f4       0xf0 build/obj/chibios.o
 .debug_frame   0x000017e4       0x88 build/obj/gqueue.o
 .debug_frame   0x0000186c      0x394 build/obj/gdisp.o
 .debug_frame   0x00001c00       0x50 build/obj/fonts.o
 .debug_frame   0x00001c50      0x160 build/obj/gevent.o
 .debug_frame   0x00001db0       0xec build/obj/gtimer.o
 .debug_frame   0x00001e9c      0x484 build/obj/gwin.o
 .debug_frame   0x00002320      0x170 build/obj/gwidget.o
 .debug_frame   0x00002490      0x184 build/obj/gwm.o
 .debug_frame   0x00002614      0x110 build/obj/console.o
 .debug_frame   0x00002724      0x164 build/obj/button.o
 .debug_frame   0x00002888      0x10c build/obj/slider.o
 .debug_frame   0x00002994       0xec build/obj/checkbox.o
 .debug_frame   0x00002a80       0x58 build/obj/label.o
 .debug_frame   0x00002ad8       0xf0 build/obj/radio.o
 .debug_frame   0x00002bc8       0x20 build/obj/ginput.o
 .debug_frame   0x00002be8      0x16c build/obj/mouse.o
 .debug_frame   0x00002d54      0x218 build/obj/gdisp_lld.o
 .debug_frame   0x00002f6c       0x5c build/obj/ginput_lld_mouse.o
 .debug_frame   0x00002fc8       0x20 /usr/bin/../lib/gcc/arm-none-eabi/4.7.4/../../../../arm-none-eabi/lib/armv7e-m/libc.a(lib_a-strcpy.o)
 .debug_frame   0x00002fe8       0x20 /usr/bin/../lib/gcc/arm-none-eabi/4.7.4/../../../../arm-none-eabi/lib/armv7e-m/libc.a(lib_a-strlen.o)

Cross Reference Table

Symbol                                            File
BlackWidgetStyle                                  build/obj/gwidget.o
                                                  build/obj/main.o
BusFaultVector                                    build/obj/vectors.o
DebugMonitorVector                                build/obj/vectors.o
GDISP                                             build/obj/gdisp_lld.o
                                                  build/obj/mouse.o
                                                  build/obj/gwm.o
                                                  build/obj/main.o
HardFaultVector                                   build/obj/vectors.o
MemManageVector                                   build/obj/vectors.o
NMIVector                                         build/obj/vectors.o
PWMD4                                             build/obj/pwm_lld.o
PendSVVector                                      build/obj/vectors.o
ResetHandler                                      build/obj/crt0.o
                                                  build/obj/vectors.o
SPID3                                             build/obj/spi_lld.o
                                                  build/obj/ginput_lld_mouse.o
SVCallVector                                      build/obj/chcore_v7m.o
                                                  build/obj/vectors.o
SysTickVector                                     build/obj/chcore_v7m.o
                                                  build/obj/vectors.o
TestThread                                        build/obj/test.o
USBD1                                             build/obj/usb_lld.o
UsageFaultVector                                  build/obj/vectors.o
Vector100                                         build/obj/vectors.o
Vector104                                         build/obj/vectors.o
Vector108                                         build/obj/vectors.o
Vector10C                                         build/obj/vectors.o
Vector110                                         build/obj/vectors.o
Vector114                                         build/obj/vectors.o
Vector118                                         build/obj/vectors.o
Vector11C                                         build/obj/vectors.o
Vector120                                         build/obj/stm32_dma.o
                                                  build/obj/vectors.o
Vector124                                         build/obj/stm32_dma.o
                                                  build/obj/vectors.o
Vector128                                         build/obj/stm32_dma.o
                                                  build/obj/vectors.o
Vector12C                                         build/obj/stm32_dma.o
                                                  build/obj/vectors.o
Vector130                                         build/obj/stm32_dma.o
                                                  build/obj/vectors.o
Vector134                                         build/obj/vectors.o
Vector138                                         build/obj/vectors.o
Vector13C                                         build/obj/vectors.o
Vector140                                         build/obj/vectors.o
Vector144                                         build/obj/vectors.o
Vector148                                         build/obj/vectors.o
Vector14C                                         build/obj/usb_lld.o
                                                  build/obj/vectors.o
Vector150                                         build/obj/stm32_dma.o
                                                  build/obj/vectors.o
Vector154                                         build/obj/stm32_dma.o
                                                  build/obj/vectors.o
Vector158                                         build/obj/stm32_dma.o
                                                  build/obj/vectors.o
Vector15C                                         build/obj/vectors.o
Vector160                                         build/obj/vectors.o
Vector164                                         build/obj/vectors.o
Vector168                                         build/obj/vectors.o
Vector16C                                         build/obj/vectors.o
Vector170                                         build/obj/vectors.o
Vector174                                         build/obj/vectors.o
Vector178                                         build/obj/vectors.o
Vector17C                                         build/obj/vectors.o
Vector180                                         build/obj/vectors.o
Vector184                                         build/obj/vectors.o
Vector1C                                          build/obj/vectors.o
Vector20                                          build/obj/vectors.o
Vector24                                          build/obj/vectors.o
Vector28                                          build/obj/vectors.o
Vector34                                          build/obj/vectors.o
Vector40                                          build/obj/vectors.o
Vector44                                          build/obj/vectors.o
Vector48                                          build/obj/vectors.o
Vector4C                                          build/obj/vectors.o
Vector50                                          build/obj/vectors.o
Vector54                                          build/obj/vectors.o
Vector58                                          build/obj/vectors.o
Vector5C                                          build/obj/vectors.o
Vector60                                          build/obj/vectors.o
Vector64                                          build/obj/vectors.o
Vector68                                          build/obj/vectors.o
Vector6C                                          build/obj/stm32_dma.o
                                                  build/obj/vectors.o
Vector70                                          build/obj/stm32_dma.o
                                                  build/obj/vectors.o
Vector74                                          build/obj/stm32_dma.o
                                                  build/obj/vectors.o
Vector78                                          build/obj/stm32_dma.o
                                                  build/obj/vectors.o
Vector7C                                          build/obj/stm32_dma.o
                                                  build/obj/vectors.o
Vector80                                          build/obj/stm32_dma.o
                                                  build/obj/vectors.o
Vector84                                          build/obj/stm32_dma.o
                                                  build/obj/vectors.o
Vector88                                          build/obj/vectors.o
Vector8C                                          build/obj/vectors.o
Vector90                                          build/obj/vectors.o
Vector94                                          build/obj/vectors.o
Vector98                                          build/obj/vectors.o
Vector9C                                          build/obj/vectors.o
VectorA0                                          build/obj/vectors.o
VectorA4                                          build/obj/vectors.o
VectorA8                                          build/obj/vectors.o
VectorAC                                          build/obj/vectors.o
VectorB0                                          build/obj/vectors.o
VectorB4                                          build/obj/vectors.o
VectorB8                                          build/obj/pwm_lld.o
                                                  build/obj/vectors.o
VectorBC                                          build/obj/vectors.o